Archive member included to satisfy reference by file (symbol)

d:/program file x86/12.2 mpacbti-bet1/bin/../lib/gcc/arm-none-eabi/12.2.0/thumb/v6-m/nofp\libgcc.a(_dvmd_tls.o)
                              CMakeFiles/Motor_ESC.dir/C_/RaspPico/pico-sdk/src/rp2_common/pico_divider/divider.S.obj (__aeabi_idiv0)
d:/program file x86/12.2 mpacbti-bet1/bin/../lib/gcc/arm-none-eabi/12.2.0/thumb/v6-m/nofp\libg.a(libc_a-calloc.o)
                              CMakeFiles/Motor_ESC.dir/C_/RaspPico/pico-sdk/src/rp2_common/pico_malloc/pico_malloc.c.obj (calloc)
d:/program file x86/12.2 mpacbti-bet1/bin/../lib/gcc/arm-none-eabi/12.2.0/thumb/v6-m/nofp\libg.a(libc_a-callocr.o)
                              d:/program file x86/12.2 mpacbti-bet1/bin/../lib/gcc/arm-none-eabi/12.2.0/thumb/v6-m/nofp\libg.a(libc_a-calloc.o) (_calloc_r)
d:/program file x86/12.2 mpacbti-bet1/bin/../lib/gcc/arm-none-eabi/12.2.0/thumb/v6-m/nofp\libg.a(libc_a-malloc.o)
                              CMakeFiles/Motor_ESC.dir/C_/RaspPico/pico-sdk/src/rp2_common/pico_malloc/pico_malloc.c.obj (malloc)
d:/program file x86/12.2 mpacbti-bet1/bin/../lib/gcc/arm-none-eabi/12.2.0/thumb/v6-m/nofp\libg.a(libc_a-mallocr.o)
                              d:/program file x86/12.2 mpacbti-bet1/bin/../lib/gcc/arm-none-eabi/12.2.0/thumb/v6-m/nofp\libg.a(libc_a-callocr.o) (_malloc_r)
d:/program file x86/12.2 mpacbti-bet1/bin/../lib/gcc/arm-none-eabi/12.2.0/thumb/v6-m/nofp\libg.a(libc_a-mlock.o)
                              d:/program file x86/12.2 mpacbti-bet1/bin/../lib/gcc/arm-none-eabi/12.2.0/thumb/v6-m/nofp\libg.a(libc_a-mallocr.o) (__malloc_lock)
d:/program file x86/12.2 mpacbti-bet1/bin/../lib/gcc/arm-none-eabi/12.2.0/thumb/v6-m/nofp\libg.a(libc_a-realloc.o)
                              CMakeFiles/Motor_ESC.dir/C_/RaspPico/pico-sdk/src/rp2_common/pico_malloc/pico_malloc.c.obj (realloc)
d:/program file x86/12.2 mpacbti-bet1/bin/../lib/gcc/arm-none-eabi/12.2.0/thumb/v6-m/nofp\libg.a(libc_a-reallocr.o)
                              d:/program file x86/12.2 mpacbti-bet1/bin/../lib/gcc/arm-none-eabi/12.2.0/thumb/v6-m/nofp\libg.a(libc_a-realloc.o) (_realloc_r)
d:/program file x86/12.2 mpacbti-bet1/bin/../lib/gcc/arm-none-eabi/12.2.0/thumb/v6-m/nofp\libg.a(libc_a-memmove.o)
                              d:/program file x86/12.2 mpacbti-bet1/bin/../lib/gcc/arm-none-eabi/12.2.0/thumb/v6-m/nofp\libg.a(libc_a-reallocr.o) (memmove)
d:/program file x86/12.2 mpacbti-bet1/bin/../lib/gcc/arm-none-eabi/12.2.0/thumb/v6-m/nofp\libg.a(libc_a-impure.o)
                              d:/program file x86/12.2 mpacbti-bet1/bin/../lib/gcc/arm-none-eabi/12.2.0/thumb/v6-m/nofp\libg.a(libc_a-calloc.o) (_impure_ptr)
d:/program file x86/12.2 mpacbti-bet1/bin/../lib/gcc/arm-none-eabi/12.2.0/thumb/v6-m/nofp\libg.a(libc_a-sbrkr.o)
                              d:/program file x86/12.2 mpacbti-bet1/bin/../lib/gcc/arm-none-eabi/12.2.0/thumb/v6-m/nofp\libg.a(libc_a-mallocr.o) (_sbrk_r)
d:/program file x86/12.2 mpacbti-bet1/bin/../lib/gcc/arm-none-eabi/12.2.0/thumb/v6-m/nofp\libg.a(libc_a-errno.o)
                              d:/program file x86/12.2 mpacbti-bet1/bin/../lib/gcc/arm-none-eabi/12.2.0/thumb/v6-m/nofp\libg.a(libc_a-callocr.o) (__errno)
d:/program file x86/12.2 mpacbti-bet1/bin/../lib/gcc/arm-none-eabi/12.2.0/thumb/v6-m/nofp\libg.a(libc_a-init.o)
                              d:/program file x86/12.2 mpacbti-bet1/bin/../lib/gcc/arm-none-eabi/12.2.0/thumb/v6-m/nofp/crt0.o (__libc_init_array)
d:/program file x86/12.2 mpacbti-bet1/bin/../lib/gcc/arm-none-eabi/12.2.0/thumb/v6-m/nofp\libg.a(libc_a-lock.o)
                              d:/program file x86/12.2 mpacbti-bet1/bin/../lib/gcc/arm-none-eabi/12.2.0/thumb/v6-m/nofp\libg.a(libc_a-mlock.o) (__retarget_lock_acquire_recursive)
d:/program file x86/12.2 mpacbti-bet1/bin/../lib/gcc/arm-none-eabi/12.2.0/thumb/v6-m/nofp\libg.a(libc_a-strlen-stub.o)
                              CMakeFiles/Motor_ESC.dir/C_/RaspPico/pico-sdk/src/rp2_common/pico_stdio/stdio.c.obj (strlen)
d:/program file x86/12.2 mpacbti-bet1/bin/../lib/gcc/arm-none-eabi/12.2.0/thumb/v6-m/nofp\libg.a(libc_a-freer.o)
                              d:/program file x86/12.2 mpacbti-bet1/bin/../lib/gcc/arm-none-eabi/12.2.0/thumb/v6-m/nofp\libg.a(libc_a-malloc.o) (_free_r)
d:/program file x86/12.2 mpacbti-bet1/bin/../lib/gcc/arm-none-eabi/12.2.0/thumb/v6-m/nofp\libg.a(libc_a-findfp.o)
                              d:/program file x86/12.2 mpacbti-bet1/bin/../lib/gcc/arm-none-eabi/12.2.0/thumb/v6-m/nofp\libg.a(libc_a-impure.o) (__sf)
d:/program file x86/12.2 mpacbti-bet1/bin/../lib/gcc/arm-none-eabi/12.2.0/thumb/v6-m/nofp\libg.a(libc_a-fwalk.o)
                              d:/program file x86/12.2 mpacbti-bet1/bin/../lib/gcc/arm-none-eabi/12.2.0/thumb/v6-m/nofp\libg.a(libc_a-findfp.o) (_fwalk_sglue)
d:/program file x86/12.2 mpacbti-bet1/bin/../lib/gcc/arm-none-eabi/12.2.0/thumb/v6-m/nofp\libg.a(libc_a-stdio.o)
[...]
Memory Configuration

Name             Origin             Length             Attributes
FLASH            0x10000000         0x00200000         xr
RAM              0x20000000         0x00040000         xrw
SCRATCH_X        0x20040000         0x00001000         xrw
SCRATCH_Y        0x20041000         0x00001000         xrw
*default*        0x00000000         0xffffffff

Linker script and memory map

LOAD d:/program file x86/12.2 mpacbti-bet1/bin/../lib/gcc/arm-none-eabi/12.2.0/thumb/v6-m/nofp/crti.o
LOAD d:/program file x86/12.2 mpacbti-bet1/bin/../lib/gcc/arm-none-eabi/12.2.0/thumb/v6-m/nofp/crtbegin.o
LOAD d:/program file x86/12.2 mpacbti-bet1/bin/../lib/gcc/arm-none-eabi/12.2.0/thumb/v6-m/nofp/crt0.o

.flash_begin    0x10000000        0x0
                0x10000000                        __flash_binary_start = .

.boot2          0x10000000      0x100
                0x10000000                        __boot2_start__ = .
 *(.boot2)
 .boot2         0x10000000      0x100 C:\Users\u1803\AppData\Local\Temp\ccUHjnnI.o
                0x10000100                        __boot2_end__ = .
                0x00000001                        ASSERT (((__boot2_end__ - __boot2_start__) == 0x100), ERROR: Pico second stage bootloader must be 256 bytes in size)

.text           0x10000100     0x4158
                0x10000100                        __logical_binary_start = .
 *(.vectors)
 .vectors       0x10000100       0xd4 CMakeFiles/Motor_ESC.dir/C_/RaspPico/pico-sdk/src/rp2_common/pico_standard_link/crt0.S.obj
                0x10000100                __VECTOR_TABLE
                0x10000100                __vectors
                0x100001c0                isr_invalid
                0x100001c0                __default_isrs_start
                0x100001c2                isr_nmi
                0x100001c4                isr_hardfault
                0x100001c6                isr_svcall
                0x100001c8                isr_pendsv
                0x100001ca                isr_systick
                0x100001cc                isr_irq23
                0x100001cc                isr_irq18
                0x100001cc                isr_irq11
                0x100001cc                isr_irq28
                0x100001cc                isr_irq19
                0x100001cc                isr_irq0
                0x100001cc                isr_irq6
                0x100001cc                isr_irq5
                0x100001cc                isr_irq12
                0x100001cc                isr_irq22
                0x100001cc                isr_irq31
                0x100001cc                isr_irq17
                0x100001cc                isr_irq27
                0x100001cc                isr_irq30
                0x100001cc                isr_irq2
                0x100001cc                isr_irq10
                0x100001cc                isr_irq8
                0x100001cc                isr_irq24
                0x100001cc                isr_irq1
                0x100001cc                isr_irq7
                0x100001cc                isr_irq21
                0x100001cc                isr_irq20
                0x100001cc                isr_irq15
                0x100001cc                isr_irq25
                0x100001cc                isr_irq13
                0x100001cc                __unhandled_user_irq
                0x100001cc                isr_irq4
                0x100001cc                isr_irq16
                0x100001cc                isr_irq29
                0x100001cc                isr_irq26
                0x100001cc                __default_isrs_end
                0x100001cc                isr_irq3
                0x100001cc                isr_irq14
                0x100001cc                isr_irq9
                0x100001d2                unhandled_user_irq_num_in_r0
 *(.binary_info_header)
 .binary_info_header
                0x100001d4       0x14 CMakeFiles/Motor_ESC.dir/C_/RaspPico/pico-sdk/src/rp2_common/pico_standard_link/crt0.S.obj
                0x100001e8                        __binary_info_header_end = .
 *(.reset)
 .reset         0x100001e8       0xa8 CMakeFiles/Motor_ESC.dir/C_/RaspPico/pico-sdk/src/rp2_common/pico_standard_link/crt0.S.obj
                0x100001e8                _entry_point
                0x10000266                __get_current_exception
 .reset         0x10000290       0x30 CMakeFiles/Motor_ESC.dir/C_/RaspPico/pico-sdk/src/rp2_common/pico_standard_link/binary_info.c.obj
 *(.init)
 .init          0x100002c0        0x4 d:/program file x86/12.2 mpacbti-bet1/bin/../lib/gcc/arm-none-eabi/12.2.0/thumb/v6-m/nofp/crti.o
                0x100002c0                _init
 *(EXCLUDE_FILE(*libm.a: *libc.a:*lib_a-mem*.o *libgcc.a:) .text*)
 .text.register_tm_clones
                0x100002c4       0x28 d:/program file x86/12.2 mpacbti-bet1/bin/../lib/gcc/arm-none-eabi/12.2.0/thumb/v6-m/nofp/crtbegin.o
 .text.frame_dummy
                0x100002ec       0x24 d:/program file x86/12.2 mpacbti-bet1/bin/../lib/gcc/arm-none-eabi/12.2.0/thumb/v6-m/nofp/crtbegin.o
 .text.pwm_init
                0x10000310       0x34 CMakeFiles/Motor_ESC.dir/Motor_ESC.c.obj
 .text.pwm_get_default_config
                0x10000344       0x18 CMakeFiles/Motor_ESC.dir/Motor_ESC.c.obj
 .text.pwm_set_chan_level
                0x1000035c       0x40 CMakeFiles/Motor_ESC.dir/Motor_ESC.c.obj
 .text.pwm_set_gpio_level
                0x1000039c       0x16 CMakeFiles/Motor_ESC.dir/Motor_ESC.c.obj
 *fill*         0x100003b2        0x2 
 .text.setMillis
                0x100003b4       0x2c CMakeFiles/Motor_ESC.dir/Motor_ESC.c.obj
                0x100003b4                setMillis
 .text.setServo
                0x100003e0       0xc8 CMakeFiles/Motor_ESC.dir/Motor_ESC.c.obj
                0x100003e0                setServo
 .text.main     0x100004a8       0xcc CMakeFiles/Motor_ESC.dir/Control_Motor_Ej.c.obj
                0x100004a8                main
 .text.gpio_set_function
                0x10000574       0x30 CMakeFiles/Motor_ESC.dir/C_/RaspPico/pico-sdk/src/rp2_common/hardware_gpio/gpio.c.obj
                0x10000574                gpio_set_function
 .text.hw_claim_lock
                0x100005a4       0x18 CMakeFiles/Motor_ESC.dir/C_/RaspPico/pico-sdk/src/rp2_common/hardware_claim/claim.c.obj
                0x100005a4                hw_claim_lock
 .text.hw_claim_unlock
                0x100005bc       0x14 CMakeFiles/Motor_ESC.dir/C_/RaspPico/pico-sdk/src/rp2_common/hardware_claim/claim.c.obj
                0x100005bc                hw_claim_unlock
 .text.hw_claim_or_assert
                0x100005d0       0x32 CMakeFiles/Motor_ESC.dir/C_/RaspPico/pico-sdk/src/rp2_common/hardware_claim/claim.c.obj
                0x100005d0                hw_claim_or_assert
 *fill*         0x10000602        0x2 
 .text.running_on_fpga
                0x10000604       0x14 CMakeFiles/Motor_ESC.dir/C_/RaspPico/pico-sdk/src/rp2_common/pico_platform/platform.c.obj
                0x10000604                running_on_fpga
 .text.spin_locks_reset
                0x10000618       0x20 CMakeFiles/Motor_ESC.dir/C_/RaspPico/pico-sdk/src/rp2_common/hardware_sync/sync.c.obj
                0x10000618                spin_locks_reset
 .text.next_striped_spin_lock_num
                0x10000638       0x1c CMakeFiles/Motor_ESC.dir/C_/RaspPico/pico-sdk/src/rp2_common/hardware_sync/sync.c.obj
                0x10000638                next_striped_spin_lock_num
 .text.set_raw_irq_handler_and_unlock
                0x10000654       0x28 CMakeFiles/Motor_ESC.dir/C_/RaspPico/pico-sdk/src/rp2_common/hardware_irq/irq.c.obj
 .text.resolve_branch
                0x1000067c       0x30 CMakeFiles/Motor_ESC.dir/C_/RaspPico/pico-sdk/src/rp2_common/hardware_irq/irq.c.obj
 .text.make_branch
                0x100006ac       0x48 CMakeFiles/Motor_ESC.dir/C_/RaspPico/pico-sdk/src/rp2_common/hardware_irq/irq.c.obj
 .text.insert_branch_and_link
                0x100006f4       0x40 CMakeFiles/Motor_ESC.dir/C_/RaspPico/pico-sdk/src/rp2_common/hardware_irq/irq.c.obj
 .text.irq_is_enabled
                0x10000734       0x18 CMakeFiles/Motor_ESC.dir/C_/RaspPico/pico-sdk/src/rp2_common/hardware_irq/irq.c.obj
                0x10000734                irq_is_enabled
 .text.irq_set_mask_enabled
                0x1000074c       0x20 CMakeFiles/Motor_ESC.dir/C_/RaspPico/pico-sdk/src/rp2_common/hardware_irq/irq.c.obj
                0x1000074c                irq_set_mask_enabled
 .text.irq_set_enabled
                0x1000076c        0xe CMakeFiles/Motor_ESC.dir/C_/RaspPico/pico-sdk/src/rp2_common/hardware_irq/irq.c.obj
                0x1000076c                irq_set_enabled
 *fill*         0x1000077a        0x2 
 .text.irq_get_vtable_handler
                0x1000077c       0x10 CMakeFiles/Motor_ESC.dir/C_/RaspPico/pico-sdk/src/rp2_common/hardware_irq/irq.c.obj
                0x1000077c                irq_get_vtable_handler
 .text.irq_set_exclusive_handler
                0x1000078c       0x54 CMakeFiles/Motor_ESC.dir/C_/RaspPico/pico-sdk/src/rp2_common/hardware_irq/irq.c.obj
                0x1000078c                irq_set_exclusive_handler
 .text.irq_remove_handler
                0x100007e0      0x188 CMakeFiles/Motor_ESC.dir/C_/RaspPico/pico-sdk/src/rp2_common/hardware_irq/irq.c.obj
                0x100007e0                irq_remove_handler
 .text.irq_add_tail_to_free_list
                0x10000968       0xf0 CMakeFiles/Motor_ESC.dir/C_/RaspPico/pico-sdk/src/rp2_common/hardware_irq/irq.c.obj
                0x10000968                irq_add_tail_to_free_list
 .text.irq_init_priorities
                0x10000a58       0x1c CMakeFiles/Motor_ESC.dir/C_/RaspPico/pico-sdk/src/rp2_common/hardware_irq/irq.c.obj
                0x10000a58                irq_init_priorities
 .text.lock_init
                0x10000a74       0x10 CMakeFiles/Motor_ESC.dir/C_/RaspPico/pico-sdk/src/common/pico_sync/lock_core.c.obj
                0x10000a74                lock_init
 .text.time_reached
                0x10000a84       0x28 CMakeFiles/Motor_ESC.dir/C_/RaspPico/pico-sdk/src/common/pico_time/time.c.obj
 .text.get_entry
                0x10000aac       0x38 CMakeFiles/Motor_ESC.dir/C_/RaspPico/pico-sdk/src/common/pico_time/time.c.obj
 .text.timer_pool_entry_comparator
                0x10000ae4       0x2e CMakeFiles/Motor_ESC.dir/C_/RaspPico/pico-sdk/src/common/pico_time/time.c.obj
                0x10000ae4                timer_pool_entry_comparator
 *fill*         0x10000b12        0x2 
 .text.update_us_since_boot
                0x10000b14       0x24 CMakeFiles/Motor_ESC.dir/C_/RaspPico/pico-sdk/src/common/pico_time/time.c.obj
 .text.delayed_by_us
                0x10000b38       0x36 CMakeFiles/Motor_ESC.dir/C_/RaspPico/pico-sdk/src/common/pico_time/time.c.obj
 *fill*         0x10000b6e        0x2 
 .text.ph_get_node
                0x10000b70       0x30 CMakeFiles/Motor_ESC.dir/C_/RaspPico/pico-sdk/src/common/pico_time/time.c.obj
 .text.ph_contains_node
                0x10000ba0       0x1e CMakeFiles/Motor_ESC.dir/C_/RaspPico/pico-sdk/src/common/pico_time/time.c.obj
 .text.ph_new_node
                0x10000bbe       0x28 CMakeFiles/Motor_ESC.dir/C_/RaspPico/pico-sdk/src/common/pico_time/time.c.obj
 *fill*         0x10000be6        0x2 
 .text.ph_add_child_node
                0x10000be8       0x6c CMakeFiles/Motor_ESC.dir/C_/RaspPico/pico-sdk/src/common/pico_time/time.c.obj
 .text.ph_merge_nodes
                0x10000c54       0x3e CMakeFiles/Motor_ESC.dir/C_/RaspPico/pico-sdk/src/common/pico_time/time.c.obj
 *fill*         0x10000c92        0x2 
 .text.ph_insert_node
                0x10000c94       0x3c CMakeFiles/Motor_ESC.dir/C_/RaspPico/pico-sdk/src/common/pico_time/time.c.obj
 .text.ph_free_node
                0x10000cd0       0x3c CMakeFiles/Motor_ESC.dir/C_/RaspPico/pico-sdk/src/common/pico_time/time.c.obj
 .text.get_entry_id_high
                0x10000d0c       0x30 CMakeFiles/Motor_ESC.dir/C_/RaspPico/pico-sdk/src/common/pico_time/time.c.obj
 .text.alarm_pool_post_alloc_init
                0x10000d3c       0x40 CMakeFiles/Motor_ESC.dir/C_/RaspPico/pico-sdk/src/common/pico_time/time.c.obj
 .text.sleep_until_callback
                0x10000d7c       0x30 CMakeFiles/Motor_ESC.dir/C_/RaspPico/pico-sdk/src/common/pico_time/time.c.obj
 .text.get_absolute_time
                0x10000dac       0x22 CMakeFiles/Motor_ESC.dir/C_/RaspPico/pico-sdk/src/common/pico_time/time.c.obj
 .text.make_timeout_time_us
                0x10000dce       0x24 CMakeFiles/Motor_ESC.dir/C_/RaspPico/pico-sdk/src/common/pico_time/time.c.obj
 *fill*         0x10000df2        0x2 
 .text.add_alarm_under_lock
                0x10000df4       0x94 CMakeFiles/Motor_ESC.dir/C_/RaspPico/pico-sdk/src/common/pico_time/time.c.obj
 .text.alarm_pool_alarm_callback
                0x10000e88      0x20c CMakeFiles/Motor_ESC.dir/C_/RaspPico/pico-sdk/src/common/pico_time/time.c.obj
 .text.alarm_pool_init_default
                0x10001094       0x38 CMakeFiles/Motor_ESC.dir/C_/RaspPico/pico-sdk/src/common/pico_time/time.c.obj
                0x10001094                alarm_pool_init_default
 .text.alarm_pool_get_default
                0x100010cc       0x2c CMakeFiles/Motor_ESC.dir/C_/RaspPico/pico-sdk/src/common/pico_time/time.c.obj
                0x100010cc                alarm_pool_get_default
 .text.alarm_pool_add_alarm_at
                0x100010f8      0x10e CMakeFiles/Motor_ESC.dir/C_/RaspPico/pico-sdk/src/common/pico_time/time.c.obj
                0x100010f8                alarm_pool_add_alarm_at
 .text.add_alarm_at
                0x10001206       0x2e CMakeFiles/Motor_ESC.dir/C_/RaspPico/pico-sdk/src/common/pico_time/time.c.obj
 .text.sleep_until
                0x10001234       0xb0 CMakeFiles/Motor_ESC.dir/C_/RaspPico/pico-sdk/src/common/pico_time/time.c.obj
                0x10001234                sleep_until
 .text.sleep_us
                0x100012e4       0x1a CMakeFiles/Motor_ESC.dir/C_/RaspPico/pico-sdk/src/common/pico_time/time.c.obj
                0x100012e4                sleep_us
 .text.sleep_ms
                0x100012fe       0x14 CMakeFiles/Motor_ESC.dir/C_/RaspPico/pico-sdk/src/common/pico_time/time.c.obj
                0x100012fe                sleep_ms
 *fill*         0x10001312        0x2 
 .text.hardware_alarm_irq_handler
                0x10001314       0x88 CMakeFiles/Motor_ESC.dir/C_/RaspPico/pico-sdk/src/rp2_common/hardware_timer/timer.c.obj
 .text.hardware_alarm_claim
                0x1000139c       0x18 CMakeFiles/Motor_ESC.dir/C_/RaspPico/pico-sdk/src/rp2_common/hardware_timer/timer.c.obj
                0x1000139c                hardware_alarm_claim
 .text.time_us_64
                0x100013b4       0x18 CMakeFiles/Motor_ESC.dir/C_/RaspPico/pico-sdk/src/rp2_common/hardware_timer/timer.c.obj
                0x100013b4                time_us_64
 .text.busy_wait_until
                0x100013cc       0x28 CMakeFiles/Motor_ESC.dir/C_/RaspPico/pico-sdk/src/rp2_common/hardware_timer/timer.c.obj
                0x100013cc                busy_wait_until
 .text.hardware_alarm_set_callback
                0x100013f4       0x90 CMakeFiles/Motor_ESC.dir/C_/RaspPico/pico-sdk/src/rp2_common/hardware_timer/timer.c.obj
                0x100013f4                hardware_alarm_set_callback
 .text.hardware_alarm_set_target
                0x10001484       0xe8 CMakeFiles/Motor_ESC.dir/C_/RaspPico/pico-sdk/src/rp2_common/hardware_timer/timer.c.obj
                0x10001484                hardware_alarm_set_target
 .text.hardware_alarm_cancel
                0x1000156c       0x40 CMakeFiles/Motor_ESC.dir/C_/RaspPico/pico-sdk/src/rp2_common/hardware_timer/timer.c.obj
                0x1000156c                hardware_alarm_cancel
 .text.ph_get_node
                0x100015ac       0x30 CMakeFiles/Motor_ESC.dir/C_/RaspPico/pico-sdk/src/common/pico_util/pheap.c.obj
 .text.ph_add_child_node
                0x100015dc       0x6c CMakeFiles/Motor_ESC.dir/C_/RaspPico/pico-sdk/src/common/pico_util/pheap.c.obj
 .text.ph_merge_nodes
                0x10001648       0x3e CMakeFiles/Motor_ESC.dir/C_/RaspPico/pico-sdk/src/common/pico_util/pheap.c.obj
 .text.ph_clear
                0x10001686       0x34 CMakeFiles/Motor_ESC.dir/C_/RaspPico/pico-sdk/src/common/pico_util/pheap.c.obj
                0x10001686                ph_clear
 .text.ph_post_alloc_init
                0x100016ba        0xe CMakeFiles/Motor_ESC.dir/C_/RaspPico/pico-sdk/src/common/pico_util/pheap.c.obj
                0x100016ba                ph_post_alloc_init
 .text.ph_merge_two_pass
                0x100016c8       0x5c CMakeFiles/Motor_ESC.dir/C_/RaspPico/pico-sdk/src/common/pico_util/pheap.c.obj
                0x100016c8                ph_merge_two_pass
 .text.ph_remove_any_head
                0x10001724       0xa4 CMakeFiles/Motor_ESC.dir/C_/RaspPico/pico-sdk/src/common/pico_util/pheap.c.obj
 .text.ph_remove_head
                0x100017c8       0x14 CMakeFiles/Motor_ESC.dir/C_/RaspPico/pico-sdk/src/common/pico_util/pheap.c.obj
                0x100017c8                ph_remove_head
 .text.ph_remove_and_free_node
                0x100017dc       0xa0 CMakeFiles/Motor_ESC.dir/C_/RaspPico/pico-sdk/src/common/pico_util/pheap.c.obj
                0x100017dc                ph_remove_and_free_node
 .text.mutex_init
                0x1000187c       0x1a CMakeFiles/Motor_ESC.dir/C_/RaspPico/pico-sdk/src/common/pico_sync/mutex.c.obj
                0x1000187c                mutex_init
 .text.recursive_mutex_init
                0x10001896       0x1e CMakeFiles/Motor_ESC.dir/C_/RaspPico/pico-sdk/src/common/pico_sync/mutex.c.obj
                0x10001896                recursive_mutex_init
 .text._exit    0x100018b4        0x4 CMakeFiles/Motor_ESC.dir/C_/RaspPico/pico-sdk/src/rp2_common/pico_runtime/runtime.c.obj
                0x100018b4                _exit
 .text.exit     0x100018b8        0x6 CMakeFiles/Motor_ESC.dir/C_/RaspPico/pico-sdk/src/rp2_common/pico_runtime/runtime.c.obj
                0x100018b8                exit
 *fill*         0x100018be        0x2 
 .text.__assert_func
                0x100018c0       0x38 CMakeFiles/Motor_ESC.dir/C_/RaspPico/pico-sdk/src/rp2_common/pico_runtime/runtime.c.obj
                0x100018c0                __assert_func
 .text.runtime_init
                0x100018f8       0xf8 CMakeFiles/Motor_ESC.dir/C_/RaspPico/pico-sdk/src/rp2_common/pico_runtime/runtime.c.obj
                0x100018f8                runtime_init
 .text.panic    0x100019f0       0x30 CMakeFiles/Motor_ESC.dir/C_/RaspPico/pico-sdk/src/rp2_common/pico_runtime/runtime.c.obj
                0x100019f0                panic
 .text.clock_configure
                0x10001a20      0x104 CMakeFiles/Motor_ESC.dir/C_/RaspPico/pico-sdk/src/rp2_common/hardware_clocks/clocks.c.obj
                0x10001a20                clock_configure
 .text.clocks_init
                0x10001b24      0x100 CMakeFiles/Motor_ESC.dir/C_/RaspPico/pico-sdk/src/rp2_common/hardware_clocks/clocks.c.obj
                0x10001b24                clocks_init
 .text.clock_get_hz
                0x10001c24        0xc CMakeFiles/Motor_ESC.dir/C_/RaspPico/pico-sdk/src/rp2_common/hardware_clocks/clocks.c.obj
                0x10001c24                clock_get_hz
 .text.pll_init
                0x10001c30      0x140 CMakeFiles/Motor_ESC.dir/C_/RaspPico/pico-sdk/src/rp2_common/hardware_pll/pll.c.obj
                0x10001c30                pll_init
 .text.watchdog_start_tick
                0x10001d70       0x10 CMakeFiles/Motor_ESC.dir/C_/RaspPico/pico-sdk/src/rp2_common/hardware_watchdog/watchdog.c.obj
                0x10001d70                watchdog_start_tick
 .text.xosc_init
                0x10001d80       0x28 CMakeFiles/Motor_ESC.dir/C_/RaspPico/pico-sdk/src/rp2_common/hardware_xosc/xosc.c.obj
                0x10001d80                xosc_init
 .text._out_null
                0x10001da8        0x2 CMakeFiles/Motor_ESC.dir/C_/RaspPico/pico-sdk/src/rp2_common/pico_printf/printf.c.obj
 .text._out_fct
                0x10001daa        0xe CMakeFiles/Motor_ESC.dir/C_/RaspPico/pico-sdk/src/rp2_common/pico_printf/printf.c.obj
 .text._atoi    0x10001db8       0x24 CMakeFiles/Motor_ESC.dir/C_/RaspPico/pico-sdk/src/rp2_common/pico_printf/printf.c.obj
 .text._out_rev
                0x10001ddc       0xae CMakeFiles/Motor_ESC.dir/C_/RaspPico/pico-sdk/src/rp2_common/pico_printf/printf.c.obj
 .text._ntoa_format
                0x10001e8a      0x110 CMakeFiles/Motor_ESC.dir/C_/RaspPico/pico-sdk/src/rp2_common/pico_printf/printf.c.obj
 .text._ntoa_long
                0x10001f9a       0xbc CMakeFiles/Motor_ESC.dir/C_/RaspPico/pico-sdk/src/rp2_common/pico_printf/printf.c.obj
 .text._ntoa_long_long
                0x10002056      0x10e CMakeFiles/Motor_ESC.dir/C_/RaspPico/pico-sdk/src/rp2_common/pico_printf/printf.c.obj
 .text._etoa    0x10002164      0x420 CMakeFiles/Motor_ESC.dir/C_/RaspPico/pico-sdk/src/rp2_common/pico_printf/printf.c.obj
 .text._ftoa    0x10002584      0x354 CMakeFiles/Motor_ESC.dir/C_/RaspPico/pico-sdk/src/rp2_common/pico_printf/printf.c.obj
 .text._vsnprintf
                0x100028d8      0x65c CMakeFiles/Motor_ESC.dir/C_/RaspPico/pico-sdk/src/rp2_common/pico_printf/printf.c.obj
 .text.vfctprintf
                0x10002f34       0x20 CMakeFiles/Motor_ESC.dir/C_/RaspPico/pico-sdk/src/rp2_common/pico_printf/printf.c.obj
                0x10002f34                vfctprintf
 .text          0x10002f54       0x10 CMakeFiles/Motor_ESC.dir/C_/RaspPico/pico-sdk/src/rp2_common/pico_bit_ops/bit_ops_aeabi.S.obj
 .text.rom_func_lookup
                0x10002f64       0x10 CMakeFiles/Motor_ESC.dir/C_/RaspPico/pico-sdk/src/rp2_common/pico_bootrom/bootrom.c.obj
                0x10002f64                rom_func_lookup
 .text.rom_data_lookup
                0x10002f74       0x10 CMakeFiles/Motor_ESC.dir/C_/RaspPico/pico-sdk/src/rp2_common/pico_bootrom/bootrom.c.obj
                0x10002f74                rom_data_lookup
 .text.rom_funcs_lookup
                0x10002f84       0x36 CMakeFiles/Motor_ESC.dir/C_/RaspPico/pico-sdk/src/rp2_common/pico_bootrom/bootrom.c.obj
                0x10002f84                rom_funcs_lookup
 *fill*         0x10002fba        0x2 
 .text.__wrap___aeabi_idiv
                0x10002fbc       0x50 CMakeFiles/Motor_ESC.dir/C_/RaspPico/pico-sdk/src/rp2_common/pico_divider/divider.S.obj
                0x10002fbc                __wrap___aeabi_idivmod
                0x10002fbc                divmod_s32s32
                0x10002fbc                div_s32s32
                0x10002fbc                __wrap___aeabi_idiv
                0x10002fc4                divmod_s32s32_unsafe
                0x10002ff0                divmod_s32s32_savestate
 .text.__wrap___aeabi_uidiv
                0x1000300c       0x4c CMakeFiles/Motor_ESC.dir/C_/RaspPico/pico-sdk/src/rp2_common/pico_divider/divider.S.obj
                0x1000300c                __wrap___aeabi_uidiv
                0x1000300c                __wrap___aeabi_uidivmod
                0x1000300c                div_u32u32
                0x1000300c                divmod_u32u32
                0x10003014                divmod_u32u32_unsafe
                0x1000303c                divmod_u32u32_savestate
 .text.__wrap___aeabi_ldiv
                0x10003058      0x434 CMakeFiles/Motor_ESC.dir/C_/RaspPico/pico-sdk/src/rp2_common/pico_divider/divider.S.obj
                0x10003058                div_s64s64
                0x10003058                divmod_s64s64
                0x10003058                __wrap___aeabi_ldivmod
                0x10003090                divmod_u64u64
                0x10003090                div_u64u64
                0x10003090                __wrap___aeabi_uldivmod
                0x100030a0                divmod_u64u64_savestate
                0x100030c8                divmod_s64s64_unsafe
                0x10003150                divmod_u64u64_unsafe
 .text.__wrap___aeabi_darithmetic
                0x1000348c       0x80 CMakeFiles/Motor_ESC.dir/C_/RaspPico/pico-sdk/src/rp2_common/pico_double/double_aeabi.S.obj
                0x1000348c                __wrap___aeabi_drsub
                0x10003492                __wrap___aeabi_dsub
                0x100034a4                __wrap___aeabi_dadd
                0x100034b6                __wrap___aeabi_ddiv
                0x100034f2                __wrap___aeabi_dmul
 .text.__wrap___aeabi_cdcmple
                0x1000350c       0x6c CMakeFiles/Motor_ESC.dir/C_/RaspPico/pico-sdk/src/rp2_common/pico_double/double_aeabi.S.obj
                0x1000350c                __wrap___aeabi_cdrcmple
                0x1000351c                __wrap___aeabi_cdcmpeq
                0x1000351c                __wrap___aeabi_cdcmple
 .text.__wrap___aeabi_dcmplt
                0x10003578        0xc CMakeFiles/Motor_ESC.dir/C_/RaspPico/pico-sdk/src/rp2_common/pico_double/double_aeabi.S.obj
                0x10003578                __wrap___aeabi_dcmplt
 .text.__wrap___aeabi_dcmple
                0x10003584       0x10 CMakeFiles/Motor_ESC.dir/C_/RaspPico/pico-sdk/src/rp2_common/pico_double/double_aeabi.S.obj
                0x10003584                __wrap___aeabi_dcmple
 .text.__wrap___aeabi_dcmpge
                0x10003594       0x10 CMakeFiles/Motor_ESC.dir/C_/RaspPico/pico-sdk/src/rp2_common/pico_double/double_aeabi.S.obj
                0x10003594                __wrap___aeabi_dcmpge
 .text.__wrap___aeabi_dcmpgt
                0x100035a4        0xa CMakeFiles/Motor_ESC.dir/C_/RaspPico/pico-sdk/src/rp2_common/pico_double/double_aeabi.S.obj
                0x100035a4                __wrap___aeabi_dcmpgt
 .text.__wrap___aeabi_dcmpun
                0x100035ae       0x1c CMakeFiles/Motor_ESC.dir/C_/RaspPico/pico-sdk/src/rp2_common/pico_double/double_aeabi.S.obj
                0x100035ae                __wrap___aeabi_dcmpun
 *fill*         0x100035ca        0x2 
 .text.__wrap___aeabi_i2d
                0x100035cc       0x38 CMakeFiles/Motor_ESC.dir/C_/RaspPico/pico-sdk/src/rp2_common/pico_double/double_aeabi.S.obj
                0x100035cc                __wrap___aeabi_ui2d
                0x100035d4                __wrap___aeabi_i2d
 .text.__wrap___aeabi_d2iz
                0x10003604       0x48 CMakeFiles/Motor_ESC.dir/C_/RaspPico/pico-sdk/src/rp2_common/pico_double/double_aeabi.S.obj
                0x10003604                double2int_z
                0x10003604                __wrap___aeabi_d2iz
 .text.__wrap___aeabi_d2uiz
                0x1000364c       0x18 CMakeFiles/Motor_ESC.dir/C_/RaspPico/pico-sdk/src/rp2_common/pico_double/double_aeabi.S.obj
                0x1000364c                __wrap___aeabi_d2uiz
                0x1000364c                double2uint
 .text.__aeabi_double_init
                0x10003664       0xcc CMakeFiles/Motor_ESC.dir/C_/RaspPico/pico-sdk/src/rp2_common/pico_double/double_init_rom.c.obj
                0x10003664                __aeabi_double_init
 .text.double_table_shim_on_use_helper
                0x10003730       0x34 CMakeFiles/Motor_ESC.dir/C_/RaspPico/pico-sdk/src/rp2_common/pico_double/double_v1_rom_shim.S.obj
                0x10003730                double_table_shim_on_use_helper
 .text.__wrap___aeabi_dsub
                0x10003764       0x10 CMakeFiles/Motor_ESC.dir/C_/RaspPico/pico-sdk/src/rp2_common/pico_double/double_v1_rom_shim.S.obj
                0x10003764                drsub_shim
                0x1000376a                dsub_shim
 .text.dadd_shim
                0x10003774      0x15c CMakeFiles/Motor_ESC.dir/C_/RaspPico/pico-sdk/src/rp2_common/pico_double/double_v1_rom_shim.S.obj
                0x10003774                dadd_shim
 .text.dmul_shim
                0x100038d0      0x15c CMakeFiles/Motor_ESC.dir/C_/RaspPico/pico-sdk/src/rp2_common/pico_double/double_v1_rom_shim.S.obj
                0x100038d0                dmul_shim
 .text.ddiv_shim
                0x10003a2c      0x1b0 CMakeFiles/Motor_ESC.dir/C_/RaspPico/pico-sdk/src/rp2_common/pico_double/double_v1_rom_shim.S.obj
                0x10003a2c                ddiv_shim
 .text.double2uint_shim
                0x10003bdc        0xe CMakeFiles/Motor_ESC.dir/C_/RaspPico/pico-sdk/src/rp2_common/pico_double/double_v1_rom_shim.S.obj
                0x10003bdc                double2uint_shim
                0x10003bde                double2ufix_shim
 *fill*         0x10003bea        0x2 
 .text.double2uint64_shim
                0x10003bec       0x70 CMakeFiles/Motor_ESC.dir/C_/RaspPico/pico-sdk/src/rp2_common/pico_double/double_v1_rom_shim.S.obj
                0x10003bec                double2uint64_shim
                0x10003bee                double2ufix64_shim
                0x10003c0e                d2fix_a
 .text.dunpacks
                0x10003c5c       0x3c CMakeFiles/Motor_ESC.dir/C_/RaspPico/pico-sdk/src/rp2_common/pico_double/double_v1_rom_shim.S.obj
                0x10003c5c                dunpacks
 .text.__aeabi_lmul
                0x10003c98       0x32 CMakeFiles/Motor_ESC.dir/C_/RaspPico/pico-sdk/src/rp2_common/pico_int64_ops/pico_int64_ops_aeabi.S.obj
                0x10003c98                __wrap___aeabi_lmul
 *fill*         0x10003cca        0x2 
 .text.__wrap___aeabi_farithmetic
                0x10003ccc       0x58 CMakeFiles/Motor_ESC.dir/C_/RaspPico/pico-sdk/src/rp2_common/pico_float/float_aeabi.S.obj
                0x10003ccc                __wrap___aeabi_frsub
                0x10003cd2                __wrap___aeabi_fsub
                0x10003cdc                __wrap___aeabi_fadd
                0x10003ce6                __wrap___aeabi_fdiv
                0x10003d12                __wrap___aeabi_fmul
 .text.__wrap___aeabi_cfcmple
                0x10003d24       0x50 CMakeFiles/Motor_ESC.dir/C_/RaspPico/pico-sdk/src/rp2_common/pico_float/float_aeabi.S.obj
                0x10003d24                __wrap___aeabi_cfrcmple
                0x10003d30                __wrap___aeabi_cfcmple
                0x10003d30                __wrap___aeabi_cfcmpeq
 .text.__wrap___aeabi_fcmplt
                0x10003d74        0xc CMakeFiles/Motor_ESC.dir/C_/RaspPico/pico-sdk/src/rp2_common/pico_float/float_aeabi.S.obj
                0x10003d74                __wrap___aeabi_fcmplt
 .text.__wrap___aeabi_fcmpgt
                0x10003d80        0xa CMakeFiles/Motor_ESC.dir/C_/RaspPico/pico-sdk/src/rp2_common/pico_float/float_aeabi.S.obj
                0x10003d80                __wrap___aeabi_fcmpgt
 .text.__wrap___aeabi_ui2f
                0x10003d8a        0xa CMakeFiles/Motor_ESC.dir/C_/RaspPico/pico-sdk/src/rp2_common/pico_float/float_aeabi.S.obj
                0x10003d8a                __wrap___aeabi_ui2f
 .text.__wrap___aeabi_i2f
                0x10003d94       0x44 CMakeFiles/Motor_ESC.dir/C_/RaspPico/pico-sdk/src/rp2_common/pico_float/float_aeabi.S.obj
                0x10003d94                __wrap___aeabi_i2f
 .text.__wrap___aeabi_f2uiz
                0x10003dd8       0x10 CMakeFiles/Motor_ESC.dir/C_/RaspPico/pico-sdk/src/rp2_common/pico_float/float_aeabi.S.obj
                0x10003dd8                __wrap___aeabi_f2uiz
 .text.__aeabi_float_init
                0x10003de8       0xfc CMakeFiles/Motor_ESC.dir/C_/RaspPico/pico-sdk/src/rp2_common/pico_float/float_init_rom.c.obj
                0x10003de8                __aeabi_float_init
 .text.float_table_shim_on_use_helper
                0x10003ee4       0x34 CMakeFiles/Motor_ESC.dir/C_/RaspPico/pico-sdk/src/rp2_common/pico_float/float_v1_rom_shim.S.obj
                0x10003ee4                float_table_shim_on_use_helper
 .text          0x10003f18       0x10 CMakeFiles/Motor_ESC.dir/C_/RaspPico/pico-sdk/src/rp2_common/pico_mem_ops/mem_ops_aeabi.S.obj
                0x10003f18                __aeabi_mem_init
 .text.memset   0x10003f28        0xc CMakeFiles/Motor_ESC.dir/C_/RaspPico/pico-sdk/src/rp2_common/pico_mem_ops/mem_ops_aeabi.S.obj
                0x10003f28                __wrap_memset
 .text.memcpy   0x10003f34        0xc CMakeFiles/Motor_ESC.dir/C_/RaspPico/pico-sdk/src/rp2_common/pico_mem_ops/mem_ops_aeabi.S.obj
                0x10003f34                __wrap_memcpy
                0x10003f34                __wrap___aeabi_memcpy
 .text.stdio_out_chars_no_crlf
                0x10003f40        0xe CMakeFiles/Motor_ESC.dir/C_/RaspPico/pico-sdk/src/rp2_common/pico_stdio/stdio.c.obj
 *fill*         0x10003f4e        0x2 
 .text.stdio_out_chars_crlf
                0x10003f50       0x80 CMakeFiles/Motor_ESC.dir/C_/RaspPico/pico-sdk/src/rp2_common/pico_stdio/stdio.c.obj
 .text.stdio_stack_buffer_flush
                0x10003fd0       0x44 CMakeFiles/Motor_ESC.dir/C_/RaspPico/pico-sdk/src/rp2_common/pico_stdio/stdio.c.obj
 .text.stdio_buffered_printer
                0x10004014       0x20 CMakeFiles/Motor_ESC.dir/C_/RaspPico/pico-sdk/src/rp2_common/pico_stdio/stdio.c.obj
 .text.stdout_serialize_begin
                0x10004034       0x30 CMakeFiles/Motor_ESC.dir/C_/RaspPico/pico-sdk/src/rp2_common/pico_stdio/stdio.c.obj
                0x10004034                stdout_serialize_begin
 .text.stdout_serialize_end
                0x10004064       0x10 CMakeFiles/Motor_ESC.dir/C_/RaspPico/pico-sdk/src/rp2_common/pico_stdio/stdio.c.obj
                0x10004064                stdout_serialize_end
 .text.stdio_put_string
                0x10004074       0x98 CMakeFiles/Motor_ESC.dir/C_/RaspPico/pico-sdk/src/rp2_common/pico_stdio/stdio.c.obj
 .text.stdio_flush
                0x1000410c       0x20 CMakeFiles/Motor_ESC.dir/C_/RaspPico/pico-sdk/src/rp2_common/pico_stdio/stdio.c.obj
                0x1000410c                stdio_flush
 .text.__wrap_puts
                0x1000412c       0x1e CMakeFiles/Motor_ESC.dir/C_/RaspPico/pico-sdk/src/rp2_common/pico_stdio/stdio.c.obj
                0x1000412c                __wrap_puts
 *fill*         0x1000414a        0x2 
 .text.__wrap_vprintf
                0x1000414c       0x44 CMakeFiles/Motor_ESC.dir/C_/RaspPico/pico-sdk/src/rp2_common/pico_stdio/stdio.c.obj
                0x1000414c                __wrap_vprintf
 .text.__wrap_printf
                0x10004190       0x18 CMakeFiles/Motor_ESC.dir/C_/RaspPico/pico-sdk/src/rp2_common/pico_stdio/stdio.c.obj
                0x10004190                __wrap_printf
 .text.strlen   0x100041a8       0x5c d:/program file x86/12.2 mpacbti-bet1/bin/../lib/gcc/arm-none-eabi/12.2.0/thumb/v6-m/nofp\libg.a(libc_a-strlen-stub.o)
                0x100041a8                strlen
 *(.fini)
 .fini          0x10004204        0x4 d:/program file x86/12.2 mpacbti-bet1/bin/../lib/gcc/arm-none-eabi/12.2.0/thumb/v6-m/nofp/crti.o
                0x10004204                _fini
 .fini.__stub   0x10004208       0x50 linker stubs
 *crtbegin.o(.ctors)
 *crtbegin?.o(.ctors)
 *(EXCLUDE_FILE(*crtend.o *crtend?.o) .ctors)
 *(SORT_BY_NAME(.ctors.*))
 *(.ctors)
 *crtbegin.o(.dtors)
 *crtbegin?.o(.dtors)
 *(EXCLUDE_FILE(*crtend.o *crtend?.o) .dtors)
 *(SORT_BY_NAME(.dtors.*))
 *(.dtors)
 *(.eh_frame*)
 .eh_frame      0x10004258        0x0 d:/program file x86/12.2 mpacbti-bet1/bin/../lib/gcc/arm-none-eabi/12.2.0/thumb/v6-m/nofp/crtbegin.o
                0x10004258                        . = ALIGN (0x4)

.glue_7         0x10004258        0x0
 .glue_7        0x10004258        0x0 linker stubs

.glue_7t        0x10004258        0x0
 .glue_7t       0x10004258        0x0 linker stubs

.vfp11_veneer   0x10004258        0x0
 .vfp11_veneer  0x10004258        0x0 linker stubs

.v4_bx          0x10004258        0x0
 .v4_bx         0x10004258        0x0 linker stubs

.iplt           0x10004258        0x0
 .iplt          0x10004258        0x0 d:/program file x86/12.2 mpacbti-bet1/bin/../lib/gcc/arm-none-eabi/12.2.0/thumb/v6-m/nofp/crtbegin.o

.rodata         0x10004258      0xd68
 *(EXCLUDE_FILE(*libm.a: *libc.a:*lib_a-mem*.o *libgcc.a:) .rodata*)
 .rodata.resolve_branch.str1.4
                0x10004258       0x4f CMakeFiles/Motor_ESC.dir/C_/RaspPico/pico-sdk/src/rp2_common/hardware_irq/irq.c.obj
 *fill*         0x100042a7        0x1 
 .rodata.make_branch.str1.4
                0x100042a8       0x30 CMakeFiles/Motor_ESC.dir/C_/RaspPico/pico-sdk/src/rp2_common/hardware_irq/irq.c.obj
 .rodata.insert_branch_and_link.str1.4
                0x100042d8       0x10 CMakeFiles/Motor_ESC.dir/C_/RaspPico/pico-sdk/src/rp2_common/hardware_irq/irq.c.obj
 .rodata.irq_set_exclusive_handler.str1.4
                0x100042e8       0x36 CMakeFiles/Motor_ESC.dir/C_/RaspPico/pico-sdk/src/rp2_common/hardware_irq/irq.c.obj
 *fill*         0x1000431e        0x2 
 .rodata.irq_remove_handler.str1.4
                0x10004320       0x2a CMakeFiles/Motor_ESC.dir/C_/RaspPico/pico-sdk/src/rp2_common/hardware_irq/irq.c.obj
 *fill*         0x1000434a        0x2 
 .rodata.irq_add_tail_to_free_list.str1.4
                0x1000434c       0x3a CMakeFiles/Motor_ESC.dir/C_/RaspPico/pico-sdk/src/rp2_common/hardware_irq/irq.c.obj
 *fill*         0x10004386        0x2 
 .rodata.__func__.0
                0x10004388       0x1a CMakeFiles/Motor_ESC.dir/C_/RaspPico/pico-sdk/src/rp2_common/hardware_irq/irq.c.obj
 *fill*         0x100043a2        0x2 
 .rodata.__func__.1
                0x100043a4       0x17 CMakeFiles/Motor_ESC.dir/C_/RaspPico/pico-sdk/src/rp2_common/hardware_irq/irq.c.obj
 *fill*         0x100043bb        0x1 
 .rodata.__func__.2
                0x100043bc       0x13 CMakeFiles/Motor_ESC.dir/C_/RaspPico/pico-sdk/src/rp2_common/hardware_irq/irq.c.obj
 *fill*         0x100043cf        0x1 
 .rodata.__func__.3
                0x100043d0        0xc CMakeFiles/Motor_ESC.dir/C_/RaspPico/pico-sdk/src/rp2_common/hardware_irq/irq.c.obj
 .rodata.__func__.4
                0x100043dc        0xf CMakeFiles/Motor_ESC.dir/C_/RaspPico/pico-sdk/src/rp2_common/hardware_irq/irq.c.obj
 *fill*         0x100043eb        0x1 
 .rodata.__func__.6
                0x100043ec       0x1a CMakeFiles/Motor_ESC.dir/C_/RaspPico/pico-sdk/src/rp2_common/hardware_irq/irq.c.obj
 *fill*         0x10004406        0x2 
 .rodata.get_entry.str1.4
                0x10004408       0x55 CMakeFiles/Motor_ESC.dir/C_/RaspPico/pico-sdk/src/common/pico_time/time.c.obj
 *fill*         0x1000445d        0x3 
 .rodata.update_us_since_boot.str1.4
                0x10004460       0x5b CMakeFiles/Motor_ESC.dir/C_/RaspPico/pico-sdk/src/common/pico_time/time.c.obj
 *fill*         0x100044bb        0x1 
 .rodata.ph_get_node.str1.4
                0x100044bc       0x60 CMakeFiles/Motor_ESC.dir/C_/RaspPico/pico-sdk/src/common/pico_time/time.c.obj
 .rodata.ph_add_child_node.str1.4
                0x1000451c       0x2e CMakeFiles/Motor_ESC.dir/C_/RaspPico/pico-sdk/src/common/pico_time/time.c.obj
 *fill*         0x1000454a        0x2 
 .rodata.ph_insert_node.str1.4
                0x1000454c        0x3 CMakeFiles/Motor_ESC.dir/C_/RaspPico/pico-sdk/src/common/pico_time/time.c.obj
 *fill*         0x1000454f        0x1 
 .rodata.ph_free_node.str1.4
                0x10004550       0x22 CMakeFiles/Motor_ESC.dir/C_/RaspPico/pico-sdk/src/common/pico_time/time.c.obj
 *fill*         0x10004572        0x2 
 .rodata.add_alarm_under_lock.str1.4
                0x10004574       0x28 CMakeFiles/Motor_ESC.dir/C_/RaspPico/pico-sdk/src/common/pico_time/time.c.obj
 .rodata.alarm_pool_alarm_callback.str1.4
                0x1000459c       0x60 CMakeFiles/Motor_ESC.dir/C_/RaspPico/pico-sdk/src/common/pico_time/time.c.obj
 .rodata.alarm_pool_get_default.str1.4
                0x100045fc       0x21 CMakeFiles/Motor_ESC.dir/C_/RaspPico/pico-sdk/src/common/pico_time/time.c.obj
 *fill*         0x1000461d        0x3 
 .rodata.sleep_until.str1.4
                0x10004620       0x4d CMakeFiles/Motor_ESC.dir/C_/RaspPico/pico-sdk/src/common/pico_time/time.c.obj
 *fill*         0x1000466d        0x3 
 .rodata.__func__.3
                0x10004670       0x17 CMakeFiles/Motor_ESC.dir/C_/RaspPico/pico-sdk/src/common/pico_time/time.c.obj
 *fill*         0x10004687        0x1 
 .rodata.__func__.4
                0x10004688       0x12 CMakeFiles/Motor_ESC.dir/C_/RaspPico/pico-sdk/src/common/pico_time/time.c.obj
 *fill*         0x1000469a        0x2 
 .rodata.__func__.5
                0x1000469c        0xd CMakeFiles/Motor_ESC.dir/C_/RaspPico/pico-sdk/src/common/pico_time/time.c.obj
 *fill*         0x100046a9        0x3 
 .rodata.__func__.6
                0x100046ac       0x12 CMakeFiles/Motor_ESC.dir/C_/RaspPico/pico-sdk/src/common/pico_time/time.c.obj
 *fill*         0x100046be        0x2 
 .rodata.__func__.7
                0x100046c0        0xf CMakeFiles/Motor_ESC.dir/C_/RaspPico/pico-sdk/src/common/pico_time/time.c.obj
 *fill*         0x100046cf        0x1 
 .rodata.__func__.8
                0x100046d0        0xc CMakeFiles/Motor_ESC.dir/C_/RaspPico/pico-sdk/src/common/pico_time/time.c.obj
 .rodata.__func__.9
                0x100046dc       0x15 CMakeFiles/Motor_ESC.dir/C_/RaspPico/pico-sdk/src/common/pico_time/time.c.obj
 *fill*         0x100046f1        0x3 
 .rodata.__func__.10
                0x100046f4       0x15 CMakeFiles/Motor_ESC.dir/C_/RaspPico/pico-sdk/src/common/pico_time/time.c.obj
 *fill*         0x10004709        0x3 
 .rodata.__func__.11
                0x1000470c       0x1a CMakeFiles/Motor_ESC.dir/C_/RaspPico/pico-sdk/src/common/pico_time/time.c.obj
 *fill*         0x10004726        0x2 
 .rodata.__func__.12
                0x10004728        0xa CMakeFiles/Motor_ESC.dir/C_/RaspPico/pico-sdk/src/common/pico_time/time.c.obj
 *fill*         0x10004732        0x2 
 .rodata.hardware_alarm_claim.str1.4
                0x10004734       0x22 CMakeFiles/Motor_ESC.dir/C_/RaspPico/pico-sdk/src/rp2_common/hardware_timer/timer.c.obj
 *fill*         0x10004756        0x2 
 .rodata.hardware_alarm_set_target.str1.4
                0x10004758       0x5f CMakeFiles/Motor_ESC.dir/C_/RaspPico/pico-sdk/src/rp2_common/hardware_timer/timer.c.obj
 *fill*         0x100047b7        0x1 
 .rodata.__func__.0
                0x100047b8       0x1a CMakeFiles/Motor_ESC.dir/C_/RaspPico/pico-sdk/src/rp2_common/hardware_timer/timer.c.obj
 .rodata.ph_get_node.str1.4
                0x100047d2       0x60 CMakeFiles/Motor_ESC.dir/C_/RaspPico/pico-sdk/src/common/pico_util/pheap.c.obj
 .rodata.ph_add_child_node.str1.4
                0x100047d2       0x2e CMakeFiles/Motor_ESC.dir/C_/RaspPico/pico-sdk/src/common/pico_util/pheap.c.obj
 *fill*         0x100047d2        0x2 
 .rodata.ph_remove_any_head.str1.4
                0x100047d4       0x88 CMakeFiles/Motor_ESC.dir/C_/RaspPico/pico-sdk/src/common/pico_util/pheap.c.obj
 .rodata.ph_remove_and_free_node.str1.4
                0x1000485c       0x1e CMakeFiles/Motor_ESC.dir/C_/RaspPico/pico-sdk/src/common/pico_util/pheap.c.obj
                                 0x26 (size before relaxing)
 *fill*         0x1000487a        0x2 
 .rodata.__func__.0
                0x1000487c       0x18 CMakeFiles/Motor_ESC.dir/C_/RaspPico/pico-sdk/src/common/pico_util/pheap.c.obj
 .rodata.__func__.1
                0x10004894       0x13 CMakeFiles/Motor_ESC.dir/C_/RaspPico/pico-sdk/src/common/pico_util/pheap.c.obj
 *fill*         0x100048a7        0x1 
 .rodata.__func__.2
                0x100048a8       0x12 CMakeFiles/Motor_ESC.dir/C_/RaspPico/pico-sdk/src/common/pico_util/pheap.c.obj
 *fill*         0x100048ba        0x2 
 .rodata.__func__.3
                0x100048bc        0xc CMakeFiles/Motor_ESC.dir/C_/RaspPico/pico-sdk/src/common/pico_util/pheap.c.obj
 .rodata.str1.4
                0x100048c8       0x85 CMakeFiles/Motor_ESC.dir/C_/RaspPico/pico-sdk/src/common/pico_sync/mutex.c.obj
 *fill*         0x1000494d        0x3 
 .rodata.__func__.1
                0x10004950        0xb CMakeFiles/Motor_ESC.dir/C_/RaspPico/pico-sdk/src/common/pico_sync/mutex.c.obj
 *fill*         0x1000495b        0x1 
 .rodata.__assert_func.str1.4
                0x1000495c       0x3f CMakeFiles/Motor_ESC.dir/C_/RaspPico/pico-sdk/src/rp2_common/pico_runtime/runtime.c.obj
                                 0x43 (size before relaxing)
 *fill*         0x1000499b        0x1 
 .rodata.runtime_init.str1.4
                0x1000499c       0x5b CMakeFiles/Motor_ESC.dir/C_/RaspPico/pico-sdk/src/rp2_common/pico_runtime/runtime.c.obj
 *fill*         0x100049f7        0x1 
 .rodata.panic.str1.4
                0x100049f8       0x12 CMakeFiles/Motor_ESC.dir/C_/RaspPico/pico-sdk/src/rp2_common/pico_runtime/runtime.c.obj
 *fill*         0x10004a0a        0x2 
 .rodata.__func__.1
                0x10004a0c        0xd CMakeFiles/Motor_ESC.dir/C_/RaspPico/pico-sdk/src/rp2_common/pico_runtime/runtime.c.obj
 *fill*         0x10004a19        0x3 
 .rodata.clock_configure.str1.4
                0x10004a1c       0x51 CMakeFiles/Motor_ESC.dir/C_/RaspPico/pico-sdk/src/rp2_common/hardware_clocks/clocks.c.obj
 *fill*         0x10004a6d        0x3 
 .rodata.__func__.1
                0x10004a70       0x10 CMakeFiles/Motor_ESC.dir/C_/RaspPico/pico-sdk/src/rp2_common/hardware_clocks/clocks.c.obj
 .rodata.pll_init.str1.4
                0x10004a80      0x133 CMakeFiles/Motor_ESC.dir/C_/RaspPico/pico-sdk/src/rp2_common/hardware_pll/pll.c.obj
 *fill*         0x10004bb3        0x1 
 .rodata.__func__.0
                0x10004bb4        0x9 CMakeFiles/Motor_ESC.dir/C_/RaspPico/pico-sdk/src/rp2_common/hardware_pll/pll.c.obj
 *fill*         0x10004bbd        0x3 
 .rodata._ftoa.str1.4
                0x10004bc0       0x15 CMakeFiles/Motor_ESC.dir/C_/RaspPico/pico-sdk/src/rp2_common/pico_printf/printf.c.obj
 *fill*         0x10004bd5        0x3 
 .rodata._vsnprintf
                0x10004bd8      0x19c CMakeFiles/Motor_ESC.dir/C_/RaspPico/pico-sdk/src/rp2_common/pico_printf/printf.c.obj
 *fill*         0x10004d74        0x4 
 .rodata.pow10.0
                0x10004d78       0x50 CMakeFiles/Motor_ESC.dir/C_/RaspPico/pico-sdk/src/rp2_common/pico_printf/printf.c.obj
 .rodata.__aeabi_double_init.str1.4
                0x10004dc8       0xa2 CMakeFiles/Motor_ESC.dir/C_/RaspPico/pico-sdk/src/rp2_common/pico_double/double_init_rom.c.obj
 *fill*         0x10004e6a        0x2 
 .rodata.__func__.0
                0x10004e6c       0x14 CMakeFiles/Motor_ESC.dir/C_/RaspPico/pico-sdk/src/rp2_common/pico_double/double_init_rom.c.obj
 .rodata.__aeabi_float_init.str1.4
                0x10004e80       0x74 CMakeFiles/Motor_ESC.dir/C_/RaspPico/pico-sdk/src/rp2_common/pico_float/float_init_rom.c.obj
                                 0x78 (size before relaxing)
 .rodata.__func__.0
                0x10004ef4       0x13 CMakeFiles/Motor_ESC.dir/C_/RaspPico/pico-sdk/src/rp2_common/pico_float/float_init_rom.c.obj
 *fill*         0x10004f07        0x1 
 .rodata.str1.4
                0x10004f08       0x84 CMakeFiles/Motor_ESC.dir/C_/RaspPico/pico-sdk/src/rp2_common/pico_standard_link/binary_info.c.obj
 .rodata.__bi_81
                0x10004f8c        0xc CMakeFiles/Motor_ESC.dir/C_/RaspPico/pico-sdk/src/rp2_common/pico_standard_link/binary_info.c.obj
 .rodata.__bi_75
                0x10004f98        0xc CMakeFiles/Motor_ESC.dir/C_/RaspPico/pico-sdk/src/rp2_common/pico_standard_link/binary_info.c.obj
 .rodata.__bi_69
                0x10004fa4        0xc CMakeFiles/Motor_ESC.dir/C_/RaspPico/pico-sdk/src/rp2_common/pico_standard_link/binary_info.c.obj
 .rodata.__bi_44
                0x10004fb0        0xc CMakeFiles/Motor_ESC.dir/C_/RaspPico/pico-sdk/src/rp2_common/pico_standard_link/binary_info.c.obj
 .rodata.crlf_str.3
                0x10004fbc        0x2 CMakeFiles/Motor_ESC.dir/C_/RaspPico/pico-sdk/src/rp2_common/pico_stdio/stdio.c.obj
                0x10004fc0                        . = ALIGN (0x4)
 *fill*         0x10004fbe        0x2 
 *(SORT_BY_ALIGNMENT(SORT_BY_NAME(.flashdata*)))
                0x10004fc0                        . = ALIGN (0x4)

.rel.dyn        0x10004fc0        0x0
 .rel.iplt      0x10004fc0        0x0 d:/program file x86/12.2 mpacbti-bet1/bin/../lib/gcc/arm-none-eabi/12.2.0/thumb/v6-m/nofp/crtbegin.o

.ARM.extab
 *(.ARM.extab* .gnu.linkonce.armextab.*)
                0x10004fc0                        __exidx_start = .

.ARM.exidx
 *(.ARM.exidx* .gnu.linkonce.armexidx.*)
                0x10004fc0                        __exidx_end = .
                0x10004fc0                        . = ALIGN (0x4)
                0x10004fc0                        __binary_info_start = .

.binary_info    0x10004fc0       0x20
 *(.binary_info.keep.*)
 .binary_info.keep.__bi_ptr81
                0x10004fc0        0x4 CMakeFiles/Motor_ESC.dir/C_/RaspPico/pico-sdk/src/rp2_common/pico_standard_link/binary_info.c.obj
 .binary_info.keep.__bi_ptr75
                0x10004fc4        0x4 CMakeFiles/Motor_ESC.dir/C_/RaspPico/pico-sdk/src/rp2_common/pico_standard_link/binary_info.c.obj
 .binary_info.keep.__bi_ptr69
                0x10004fc8        0x4 CMakeFiles/Motor_ESC.dir/C_/RaspPico/pico-sdk/src/rp2_common/pico_standard_link/binary_info.c.obj
 .binary_info.keep.__bi_ptr50
                0x10004fcc        0x4 CMakeFiles/Motor_ESC.dir/C_/RaspPico/pico-sdk/src/rp2_common/pico_standard_link/binary_info.c.obj
 .binary_info.keep.__bi_ptr44
                0x10004fd0        0x4 CMakeFiles/Motor_ESC.dir/C_/RaspPico/pico-sdk/src/rp2_common/pico_standard_link/binary_info.c.obj
 .binary_info.keep.__bi_ptr38
                0x10004fd4        0x4 CMakeFiles/Motor_ESC.dir/C_/RaspPico/pico-sdk/src/rp2_common/pico_standard_link/binary_info.c.obj
 .binary_info.keep.__bi_ptr30
                0x10004fd8        0x4 CMakeFiles/Motor_ESC.dir/C_/RaspPico/pico-sdk/src/rp2_common/pico_standard_link/binary_info.c.obj
 .binary_info.keep.__bi_ptr22
                0x10004fdc        0x4 CMakeFiles/Motor_ESC.dir/C_/RaspPico/pico-sdk/src/rp2_common/pico_standard_link/binary_info.c.obj
 *(.binary_info.*)
                0x10004fe0                        __binary_info_end = .
                0x10004fe0                        . = ALIGN (0x4)
                0x10004fe0                        __etext = .

.ram_vector_table
                0x20000000       0xc0
 *(.ram_vector_table)
 .ram_vector_table
                0x20000000       0xc0 CMakeFiles/Motor_ESC.dir/C_/RaspPico/pico-sdk/src/rp2_common/pico_runtime/runtime.c.obj
                0x20000000                ram_vector_table

.data           0x200000c0      0x1bc load address 0x10004fe0
                0x200000c0                        __data_start__ = .
 *(vtable)
 *(.time_critical*)
 .time_critical.mutex_enter_blocking
                0x200000c0       0x48 CMakeFiles/Motor_ESC.dir/C_/RaspPico/pico-sdk/src/common/pico_sync/mutex.c.obj
                0x200000c0                mutex_enter_blocking
 .time_critical.mutex_try_enter
                0x20000108       0x46 CMakeFiles/Motor_ESC.dir/C_/RaspPico/pico-sdk/src/common/pico_sync/mutex.c.obj
                0x20000108                mutex_try_enter
 *fill*         0x2000014e        0x2 
 .time_critical.mutex_exit
                0x20000150       0x4c CMakeFiles/Motor_ESC.dir/C_/RaspPico/pico-sdk/src/common/pico_sync/mutex.c.obj
                0x20000150                mutex_exit
 *(.text*)
 .text          0x2000019c        0x4 d:/program file x86/12.2 mpacbti-bet1/bin/../lib/gcc/arm-none-eabi/12.2.0/thumb/v6-m/nofp\libgcc.a(_dvmd_tls.o)
                0x2000019c                __aeabi_idiv0
                0x2000019c                __aeabi_ldiv0
 .text.__stub   0x200001a0       0x10 linker stubs
                0x200001b0                        . = ALIGN (0x4)
 *(.rodata*)
                0x200001b0                        . = ALIGN (0x4)
 *(.data*)
 .data.wrap     0x200001b0        0x4 CMakeFiles/Motor_ESC.dir/Motor_ESC.c.obj
                0x200001b0                wrap
 .data.clockDiv
                0x200001b4        0x4 CMakeFiles/Motor_ESC.dir/Motor_ESC.c.obj
                0x200001b4                clockDiv
 .data.servoPin4
                0x200001b8        0x4 CMakeFiles/Motor_ESC.dir/Control_Motor_Ej.c.obj
                0x200001b8                servoPin4
 .data.servoPin3
                0x200001bc        0x4 CMakeFiles/Motor_ESC.dir/Control_Motor_Ej.c.obj
                0x200001bc                servoPin3
 .data.servoPin2
                0x200001c0        0x4 CMakeFiles/Motor_ESC.dir/Control_Motor_Ej.c.obj
                0x200001c0                servoPin2
 .data.currentMillis
                0x200001c4        0x4 CMakeFiles/Motor_ESC.dir/Control_Motor_Ej.c.obj
                0x200001c4                currentMillis
 .data.direction
                0x200001c8        0x1 CMakeFiles/Motor_ESC.dir/Control_Motor_Ej.c.obj
                0x200001c8                direction
 .data.striped_spin_lock_num
                0x200001c9        0x1 CMakeFiles/Motor_ESC.dir/C_/RaspPico/pico-sdk/src/rp2_common/hardware_sync/sync.c.obj
 *fill*         0x200001ca        0x2 
 .data          0x200001cc       0x48 CMakeFiles/Motor_ESC.dir/C_/RaspPico/pico-sdk/src/rp2_common/hardware_irq/irq_handler_chain.S.obj
                0x200001cc                irq_handler_chain_slots
                0x200001fc                irq_handler_chain_first_slot
                0x20000206                irq_handler_chain_remove_tail
 .data.default_alarm_pool
                0x20000214       0x18 CMakeFiles/Motor_ESC.dir/C_/RaspPico/pico-sdk/src/common/pico_time/time.c.obj
 .data.default_alarm_pool_heap
                0x2000022c       0x10 CMakeFiles/Motor_ESC.dir/C_/RaspPico/pico-sdk/src/common/pico_time/time.c.obj
 *fill*         0x2000023c        0x4 
 .data.aeabi_bits_funcs
                0x20000240       0x10 CMakeFiles/Motor_ESC.dir/C_/RaspPico/pico-sdk/src/rp2_common/pico_bit_ops/bit_ops_aeabi.S.obj
                0x20000240                aeabi_bits_funcs
                0x20000250                aeabi_bits_funcs_end
 .data.aeabi_mem_funcs
                0x20000250       0x10 CMakeFiles/Motor_ESC.dir/C_/RaspPico/pico-sdk/src/rp2_common/pico_mem_ops/mem_ops_aeabi.S.obj
                0x20000250                aeabi_mem_funcs
                0x20000260                aeabi_mem_funcs_end
                0x20000260                        . = ALIGN (0x4)
 *(.after_data.*)
                0x20000260                        . = ALIGN (0x4)
                0x20000260                        PROVIDE (__mutex_array_start = .)
 *(SORT_BY_NAME(.mutex_array.*))
 *(.mutex_array)
 .mutex_array   0x20000260        0x8 CMakeFiles/Motor_ESC.dir/C_/RaspPico/pico-sdk/src/rp2_common/pico_stdio/stdio.c.obj
                0x20000268                        PROVIDE (__mutex_array_end = .)
                0x20000268                        . = ALIGN (0x4)
                0x20000268                        PROVIDE (__preinit_array_start = .)
 *(SORT_BY_NAME(.preinit_array.*))
 .preinit_array.00001
                0x20000268        0x4 CMakeFiles/Motor_ESC.dir/C_/RaspPico/pico-sdk/src/rp2_common/pico_mem_ops/mem_ops_aeabi.S.obj
 .preinit_array.00010
                0x2000026c        0x4 CMakeFiles/Motor_ESC.dir/C_/RaspPico/pico-sdk/src/rp2_common/pico_bit_ops/bit_ops_aeabi.S.obj
 .preinit_array.00020
                0x20000270        0x4 CMakeFiles/Motor_ESC.dir/C_/RaspPico/pico-sdk/src/rp2_common/pico_double/double_aeabi.S.obj
 .preinit_array.00020
                0x20000274        0x4 CMakeFiles/Motor_ESC.dir/C_/RaspPico/pico-sdk/src/rp2_common/pico_float/float_aeabi.S.obj
 *(.preinit_array)
                0x20000278                        PROVIDE (__preinit_array_end = .)
                0x20000278                        . = ALIGN (0x4)
                0x20000278                        PROVIDE (__init_array_start = .)
 *(SORT_BY_NAME(.init_array.*))
 *(.init_array)
 .init_array    0x20000278        0x4 d:/program file x86/12.2 mpacbti-bet1/bin/../lib/gcc/arm-none-eabi/12.2.0/thumb/v6-m/nofp/crtbegin.o
                0x2000027c                        PROVIDE (__init_array_end = .)
                0x2000027c                        . = ALIGN (0x4)
                [!provide]                        PROVIDE (__fini_array_start = .)
 *(SORT_BY_NAME(.fini_array.*))
 *(.fini_array)
                [!provide]                        PROVIDE (__fini_array_end = .)
 *(.jcr)
                0x2000027c                        . = ALIGN (0x4)
                0x2000027c                        __data_end__ = .

.tm_clone_table
                0x2000027c        0x0 load address 0x1000519c
 .tm_clone_table
                0x2000027c        0x0 d:/program file x86/12.2 mpacbti-bet1/bin/../lib/gcc/arm-none-eabi/12.2.0/thumb/v6-m/nofp/crtbegin.o
 .tm_clone_table
                0x2000027c        0x0 d:/program file x86/12.2 mpacbti-bet1/bin/../lib/gcc/arm-none-eabi/12.2.0/thumb/v6-m/nofp/crtend.o

.igot.plt       0x2000027c        0x0 load address 0x1000519c
 .igot.plt      0x2000027c        0x0 d:/program file x86/12.2 mpacbti-bet1/bin/../lib/gcc/arm-none-eabi/12.2.0/thumb/v6-m/nofp/crtbegin.o

.uninitialized_data
                0x2000027c        0x0 load address 0x1000519c
                0x2000027c                        . = ALIGN (0x4)
 *(.uninitialized_data*)

.scratch_x      0x20040000        0x0 load address 0x1000519c
                0x20040000                        __scratch_x_start__ = .
 *(.scratch_x.*)
                0x20040000                        . = ALIGN (0x4)
                0x20040000                        __scratch_x_end__ = .
                0x1000519c                        __scratch_x_source__ = LOADADDR (.scratch_x)

.scratch_y      0x20041000        0x0 load address 0x1000519c
                0x20041000                        __scratch_y_start__ = .
 *(.scratch_y.*)
                0x20041000                        . = ALIGN (0x4)
                0x20041000                        __scratch_y_end__ = .
                0x1000519c                        __scratch_y_source__ = LOADADDR (.scratch_y)

.bss            0x20000280      0x3c8
                0x20000280                        . = ALIGN (0x4)
                0x20000280                        __bss_start__ = .
 *(SORT_BY_ALIGNMENT(SORT_BY_NAME(.bss*)))
 .bss.default_alarm_pool_entries
                0x20000280      0x100 CMakeFiles/Motor_ESC.dir/C_/RaspPico/pico-sdk/src/common/pico_time/time.c.obj
 .bss.alarm_callbacks
                0x20000380       0x10 CMakeFiles/Motor_ESC.dir/C_/RaspPico/pico-sdk/src/rp2_common/hardware_timer/timer.c.obj
 .bss.configured_freq
                0x20000390       0x28 CMakeFiles/Motor_ESC.dir/C_/RaspPico/pico-sdk/src/rp2_common/hardware_clocks/clocks.c.obj
 .bss.default_alarm_pool_entry_ids_high
                0x200003b8       0x10 CMakeFiles/Motor_ESC.dir/C_/RaspPico/pico-sdk/src/common/pico_time/time.c.obj
 .bss.default_alarm_pool_heap_nodes
                0x200003c8       0x30 CMakeFiles/Motor_ESC.dir/C_/RaspPico/pico-sdk/src/common/pico_time/time.c.obj
 .bss.drivers   0x200003f8        0x4 CMakeFiles/Motor_ESC.dir/C_/RaspPico/pico-sdk/src/rp2_common/pico_stdio/stdio.c.obj
 .bss.filter    0x200003fc        0x4 CMakeFiles/Motor_ESC.dir/C_/RaspPico/pico-sdk/src/rp2_common/pico_stdio/stdio.c.obj
 .bss.object.0  0x20000400       0x18 d:/program file x86/12.2 mpacbti-bet1/bin/../lib/gcc/arm-none-eabi/12.2.0/thumb/v6-m/nofp/crtbegin.o
 .bss.pools     0x20000418       0x10 CMakeFiles/Motor_ESC.dir/C_/RaspPico/pico-sdk/src/common/pico_time/time.c.obj
 .bss.sd_table  0x20000428      0x100 CMakeFiles/Motor_ESC.dir/C_/RaspPico/pico-sdk/src/rp2_common/pico_double/double_init_rom.c.obj
                0x20000428                sd_table
 .bss.servoPin1
                0x20000528        0x4 CMakeFiles/Motor_ESC.dir/Control_Motor_Ej.c.obj
                0x20000528                servoPin1
 .bss.sf_clz_func
                0x2000052c        0x4 CMakeFiles/Motor_ESC.dir/C_/RaspPico/pico-sdk/src/rp2_common/pico_double/double_init_rom.c.obj
                0x2000052c                sf_clz_func
 .bss.sf_table  0x20000530      0x100 CMakeFiles/Motor_ESC.dir/C_/RaspPico/pico-sdk/src/rp2_common/pico_float/float_init_rom.c.obj
                0x20000530                sf_table
 .bss.sleep_notifier
                0x20000630        0x4 CMakeFiles/Motor_ESC.dir/C_/RaspPico/pico-sdk/src/common/pico_time/time.c.obj
 .bss.target_hi
                0x20000634       0x10 CMakeFiles/Motor_ESC.dir/C_/RaspPico/pico-sdk/src/rp2_common/hardware_timer/timer.c.obj
 .bss.claimed   0x20000644        0x1 CMakeFiles/Motor_ESC.dir/C_/RaspPico/pico-sdk/src/rp2_common/hardware_timer/timer.c.obj
 .bss.irq_hander_chain_free_slot_head
                0x20000645        0x1 CMakeFiles/Motor_ESC.dir/C_/RaspPico/pico-sdk/src/rp2_common/hardware_irq/irq.c.obj
 .bss.timer_callbacks_pending
                0x20000646        0x1 CMakeFiles/Motor_ESC.dir/C_/RaspPico/pico-sdk/src/rp2_common/hardware_timer/timer.c.obj
 *(COMMON)
                0x20000648                        . = ALIGN (0x4)
 *fill*         0x20000647        0x1 
                0x20000648                        __bss_end__ = .

.heap           0x20000648      0x800
                0x20000648                        __end__ = .
                0x20000648                        end = __end__
 *(.heap*)
 .heap          0x20000648      0x800 CMakeFiles/Motor_ESC.dir/C_/RaspPico/pico-sdk/src/rp2_common/pico_standard_link/crt0.S.obj
                0x20000e48                        __HeapLimit = .

.stack1_dummy
 *(.stack1*)

.stack_dummy    0x20041000      0x800
 *(.stack*)
 .stack         0x20041000      0x800 CMakeFiles/Motor_ESC.dir/C_/RaspPico/pico-sdk/src/rp2_common/pico_standard_link/crt0.S.obj

.flash_end      0x1000519c        0x0
                0x1000519c                        __flash_binary_end = .
                0x20040000                        __StackLimit = (ORIGIN (RAM) + LENGTH (RAM))
                0x20041000                        __StackOneTop = (ORIGIN (SCRATCH_X) + LENGTH (SCRATCH_X))
                0x20042000                        __StackTop = (ORIGIN (SCRATCH_Y) + LENGTH (SCRATCH_Y))
                0x20041000                        __StackOneBottom = (__StackOneTop - SIZEOF (.stack1_dummy))
                0x20041800                        __StackBottom = (__StackTop - SIZEOF (.stack_dummy))
                0x20042000                        PROVIDE (__stack = __StackTop)
                0x00000001                        ASSERT ((__StackLimit >= __HeapLimit), region RAM overflowed)
                0x00000001                        ASSERT (((__binary_info_header_end - __logical_binary_start) <= 0x100), Binary info must be in first 256 bytes of the binary)
LOAD CMakeFiles/Motor_ESC.dir/Motor_ESC.c.obj
LOAD CMakeFiles/Motor_ESC.dir/Control_Motor_Ej.c.obj
LOAD CMakeFiles/Motor_ESC.dir/C_/RaspPico/pico-sdk/src/rp2_common/pico_stdlib/stdlib.c.obj
LOAD CMakeFiles/Motor_ESC.dir/C_/RaspPico/pico-sdk/src/rp2_common/hardware_gpio/gpio.c.obj
LOAD CMakeFiles/Motor_ESC.dir/C_/RaspPico/pico-sdk/src/rp2_common/hardware_claim/claim.c.obj
LOAD CMakeFiles/Motor_ESC.dir/C_/RaspPico/pico-sdk/src/rp2_common/pico_platform/platform.c.obj
LOAD CMakeFiles/Motor_ESC.dir/C_/RaspPico/pico-sdk/src/rp2_common/hardware_sync/sync.c.obj
LOAD CMakeFiles/Motor_ESC.dir/C_/RaspPico/pico-sdk/src/rp2_common/hardware_irq/irq.c.obj
LOAD CMakeFiles/Motor_ESC.dir/C_/RaspPico/pico-sdk/src/rp2_common/hardware_irq/irq_handler_chain.S.obj
LOAD CMakeFiles/Motor_ESC.dir/C_/RaspPico/pico-sdk/src/common/pico_sync/sem.c.obj
LOAD CMakeFiles/Motor_ESC.dir/C_/RaspPico/pico-sdk/src/common/pico_sync/lock_core.c.obj
LOAD CMakeFiles/Motor_ESC.dir/C_/RaspPico/pico-sdk/src/common/pico_time/time.c.obj
LOAD CMakeFiles/Motor_ESC.dir/C_/RaspPico/pico-sdk/src/common/pico_time/timeout_helper.c.obj
LOAD CMakeFiles/Motor_ESC.dir/C_/RaspPico/pico-sdk/src/rp2_common/hardware_timer/timer.c.obj
LOAD CMakeFiles/Motor_ESC.dir/C_/RaspPico/pico-sdk/src/common/pico_util/datetime.c.obj
LOAD CMakeFiles/Motor_ESC.dir/C_/RaspPico/pico-sdk/src/common/pico_util/pheap.c.obj
LOAD CMakeFiles/Motor_ESC.dir/C_/RaspPico/pico-sdk/src/common/pico_util/queue.c.obj
LOAD CMakeFiles/Motor_ESC.dir/C_/RaspPico/pico-sdk/src/common/pico_sync/mutex.c.obj
LOAD CMakeFiles/Motor_ESC.dir/C_/RaspPico/pico-sdk/src/common/pico_sync/critical_section.c.obj
LOAD CMakeFiles/Motor_ESC.dir/C_/RaspPico/pico-sdk/src/rp2_common/hardware_uart/uart.c.obj
LOAD CMakeFiles/Motor_ESC.dir/C_/RaspPico/pico-sdk/src/rp2_common/hardware_divider/divider.S.obj
LOAD CMakeFiles/Motor_ESC.dir/C_/RaspPico/pico-sdk/src/rp2_common/pico_runtime/runtime.c.obj
LOAD CMakeFiles/Motor_ESC.dir/C_/RaspPico/pico-sdk/src/rp2_common/hardware_clocks/clocks.c.obj
LOAD CMakeFiles/Motor_ESC.dir/C_/RaspPico/pico-sdk/src/rp2_common/hardware_pll/pll.c.obj
LOAD CMakeFiles/Motor_ESC.dir/C_/RaspPico/pico-sdk/src/rp2_common/hardware_vreg/vreg.c.obj
LOAD CMakeFiles/Motor_ESC.dir/C_/RaspPico/pico-sdk/src/rp2_common/hardware_watchdog/watchdog.c.obj
LOAD CMakeFiles/Motor_ESC.dir/C_/RaspPico/pico-sdk/src/rp2_common/hardware_xosc/xosc.c.obj
LOAD CMakeFiles/Motor_ESC.dir/C_/RaspPico/pico-sdk/src/rp2_common/pico_printf/printf.c.obj
LOAD CMakeFiles/Motor_ESC.dir/C_/RaspPico/pico-sdk/src/rp2_common/pico_bit_ops/bit_ops_aeabi.S.obj
LOAD CMakeFiles/Motor_ESC.dir/C_/RaspPico/pico-sdk/src/rp2_common/pico_bootrom/bootrom.c.obj
LOAD CMakeFiles/Motor_ESC.dir/C_/RaspPico/pico-sdk/src/rp2_common/pico_divider/divider.S.obj
LOAD CMakeFiles/Motor_ESC.dir/C_/RaspPico/pico-sdk/src/rp2_common/pico_double/double_aeabi.S.obj
LOAD CMakeFiles/Motor_ESC.dir/C_/RaspPico/pico-sdk/src/rp2_common/pico_double/double_init_rom.c.obj
LOAD CMakeFiles/Motor_ESC.dir/C_/RaspPico/pico-sdk/src/rp2_common/pico_double/double_math.c.obj
LOAD CMakeFiles/Motor_ESC.dir/C_/RaspPico/pico-sdk/src/rp2_common/pico_double/double_v1_rom_shim.S.obj
LOAD CMakeFiles/Motor_ESC.dir/C_/RaspPico/pico-sdk/src/rp2_common/pico_int64_ops/pico_int64_ops_aeabi.S.obj
LOAD CMakeFiles/Motor_ESC.dir/C_/RaspPico/pico-sdk/src/rp2_common/pico_float/float_aeabi.S.obj
LOAD CMakeFiles/Motor_ESC.dir/C_/RaspPico/pico-sdk/src/rp2_common/pico_float/float_init_rom.c.obj
LOAD CMakeFiles/Motor_ESC.dir/C_/RaspPico/pico-sdk/src/rp2_common/pico_float/float_math.c.obj
LOAD CMakeFiles/Motor_ESC.dir/C_/RaspPico/pico-sdk/src/rp2_common/pico_float/float_v1_rom_shim.S.obj
LOAD CMakeFiles/Motor_ESC.dir/C_/RaspPico/pico-sdk/src/rp2_common/pico_malloc/pico_malloc.c.obj
LOAD CMakeFiles/Motor_ESC.dir/C_/RaspPico/pico-sdk/src/rp2_common/pico_mem_ops/mem_ops_aeabi.S.obj
LOAD CMakeFiles/Motor_ESC.dir/C_/RaspPico/pico-sdk/src/rp2_common/pico_standard_link/crt0.S.obj
LOAD CMakeFiles/Motor_ESC.dir/C_/RaspPico/pico-sdk/src/rp2_common/pico_standard_link/new_delete.cpp.obj
LOAD CMakeFiles/Motor_ESC.dir/C_/RaspPico/pico-sdk/src/rp2_common/pico_standard_link/binary_info.c.obj
LOAD CMakeFiles/Motor_ESC.dir/C_/RaspPico/pico-sdk/src/rp2_common/pico_stdio/stdio.c.obj
LOAD CMakeFiles/Motor_ESC.dir/C_/RaspPico/pico-sdk/src/rp2_common/pico_stdio_uart/stdio_uart.c.obj
LOAD C:\Users\u1803\AppData\Local\Temp\ccUHjnnI.o
LOAD d:/program file x86/12.2 mpacbti-bet1/bin/../lib/gcc/arm-none-eabi/12.2.0/thumb/v6-m/nofp\libstdc++.a
LOAD d:/program file x86/12.2 mpacbti-bet1/bin/../lib/gcc/arm-none-eabi/12.2.0/thumb/v6-m/nofp\libm.a
START GROUP
LOAD d:/program file x86/12.2 mpacbti-bet1/bin/../lib/gcc/arm-none-eabi/12.2.0/thumb/v6-m/nofp\libgcc.a
LOAD d:/program file x86/12.2 mpacbti-bet1/bin/../lib/gcc/arm-none-eabi/12.2.0/thumb/v6-m/nofp\libg.a
LOAD d:/program file x86/12.2 mpacbti-bet1/bin/../lib/gcc/arm-none-eabi/12.2.0/thumb/v6-m/nofp\libc.a
END GROUP
START GROUP
LOAD d:/program file x86/12.2 mpacbti-bet1/bin/../lib/gcc/arm-none-eabi/12.2.0/thumb/v6-m/nofp\libgcc.a
LOAD d:/program file x86/12.2 mpacbti-bet1/bin/../lib/gcc/arm-none-eabi/12.2.0/thumb/v6-m/nofp\libc.a
LOAD d:/program file x86/12.2 mpacbti-bet1/bin/../lib/gcc/arm-none-eabi/12.2.0/thumb/v6-m/nofp\libnosys.a
END GROUP
LOAD d:/program file x86/12.2 mpacbti-bet1/bin/../lib/gcc/arm-none-eabi/12.2.0/thumb/v6-m/nofp/crtend.o
LOAD d:/program file x86/12.2 mpacbti-bet1/bin/../lib/gcc/arm-none-eabi/12.2.0/thumb/v6-m/nofp/crtn.o
OUTPUT(Motor_ESC.elf elf32-littlearm)
LOAD linker stubs

.ARM.attributes
                0x00000000       0x28
 .ARM.attributes
                0x00000000       0x1e d:/program file x86/12.2 mpacbti-bet1/bin/../lib/gcc/arm-none-eabi/12.2.0/thumb/v6-m/nofp/crti.o
 .ARM.attributes
                0x0000001e       0x2c d:/program file x86/12.2 mpacbti-bet1/bin/../lib/gcc/arm-none-eabi/12.2.0/thumb/v6-m/nofp/crtbegin.o
 .ARM.attributes
                0x0000004a       0x2c CMakeFiles/Motor_ESC.dir/Motor_ESC.c.obj
 .ARM.attributes
                0x00000076       0x2c CMakeFiles/Motor_ESC.dir/Control_Motor_Ej.c.obj
 .ARM.attributes
                0x000000a2       0x2c CMakeFiles/Motor_ESC.dir/C_/RaspPico/pico-sdk/src/rp2_common/hardware_gpio/gpio.c.obj
 .ARM.attributes
                0x000000ce       0x2c CMakeFiles/Motor_ESC.dir/C_/RaspPico/pico-sdk/src/rp2_common/hardware_claim/claim.c.obj
 .ARM.attributes
                0x000000fa       0x2c CMakeFiles/Motor_ESC.dir/C_/RaspPico/pico-sdk/src/rp2_common/pico_platform/platform.c.obj
 .ARM.attributes
                0x00000126       0x2c CMakeFiles/Motor_ESC.dir/C_/RaspPico/pico-sdk/src/rp2_common/hardware_sync/sync.c.obj
 .ARM.attributes
                0x00000152       0x2c CMakeFiles/Motor_ESC.dir/C_/RaspPico/pico-sdk/src/rp2_common/hardware_irq/irq.c.obj
 .ARM.attributes
                0x0000017e       0x22 CMakeFiles/Motor_ESC.dir/C_/RaspPico/pico-sdk/src/rp2_common/hardware_irq/irq_handler_chain.S.obj
 .ARM.attributes
                0x000001a0       0x2c CMakeFiles/Motor_ESC.dir/C_/RaspPico/pico-sdk/src/common/pico_sync/lock_core.c.obj
 .ARM.attributes
                0x000001cc       0x2c CMakeFiles/Motor_ESC.dir/C_/RaspPico/pico-sdk/src/common/pico_time/time.c.obj
 .ARM.attributes
                0x000001f8       0x2c CMakeFiles/Motor_ESC.dir/C_/RaspPico/pico-sdk/src/rp2_common/hardware_timer/timer.c.obj
 .ARM.attributes
                0x00000224       0x2c CMakeFiles/Motor_ESC.dir/C_/RaspPico/pico-sdk/src/common/pico_util/pheap.c.obj
 .ARM.attributes
                0x00000250       0x2c CMakeFiles/Motor_ESC.dir/C_/RaspPico/pico-sdk/src/common/pico_sync/mutex.c.obj
 .ARM.attributes
                0x0000027c       0x2c CMakeFiles/Motor_ESC.dir/C_/RaspPico/pico-sdk/src/rp2_common/pico_runtime/runtime.c.obj
 .ARM.attributes
                0x000002a8       0x2c CMakeFiles/Motor_ESC.dir/C_/RaspPico/pico-sdk/src/rp2_common/hardware_clocks/clocks.c.obj
 .ARM.attributes
                0x000002d4       0x2c CMakeFiles/Motor_ESC.dir/C_/RaspPico/pico-sdk/src/rp2_common/hardware_pll/pll.c.obj
 .ARM.attributes
                0x00000300       0x2c CMakeFiles/Motor_ESC.dir/C_/RaspPico/pico-sdk/src/rp2_common/hardware_watchdog/watchdog.c.obj
 .ARM.attributes
                0x0000032c       0x2c CMakeFiles/Motor_ESC.dir/C_/RaspPico/pico-sdk/src/rp2_common/hardware_xosc/xosc.c.obj
 .ARM.attributes
                0x00000358       0x2c CMakeFiles/Motor_ESC.dir/C_/RaspPico/pico-sdk/src/rp2_common/pico_printf/printf.c.obj
 .ARM.attributes
                0x00000384       0x22 CMakeFiles/Motor_ESC.dir/C_/RaspPico/pico-sdk/src/rp2_common/pico_bit_ops/bit_ops_aeabi.S.obj
 .ARM.attributes
                0x000003a6       0x2c CMakeFiles/Motor_ESC.dir/C_/RaspPico/pico-sdk/src/rp2_common/pico_bootrom/bootrom.c.obj
 .ARM.attributes
                0x000003d2       0x22 CMakeFiles/Motor_ESC.dir/C_/RaspPico/pico-sdk/src/rp2_common/pico_divider/divider.S.obj
 .ARM.attributes
                0x000003f4       0x22 CMakeFiles/Motor_ESC.dir/C_/RaspPico/pico-sdk/src/rp2_common/pico_double/double_aeabi.S.obj
 .ARM.attributes
                0x00000416       0x2c CMakeFiles/Motor_ESC.dir/C_/RaspPico/pico-sdk/src/rp2_common/pico_double/double_init_rom.c.obj
 .ARM.attributes
                0x00000442       0x22 CMakeFiles/Motor_ESC.dir/C_/RaspPico/pico-sdk/src/rp2_common/pico_double/double_v1_rom_shim.S.obj
 .ARM.attributes
                0x00000464       0x22 CMakeFiles/Motor_ESC.dir/C_/RaspPico/pico-sdk/src/rp2_common/pico_int64_ops/pico_int64_ops_aeabi.S.obj
 .ARM.attributes
                0x00000486       0x22 CMakeFiles/Motor_ESC.dir/C_/RaspPico/pico-sdk/src/rp2_common/pico_float/float_aeabi.S.obj
 .ARM.attributes
                0x000004a8       0x2c CMakeFiles/Motor_ESC.dir/C_/RaspPico/pico-sdk/src/rp2_common/pico_float/float_init_rom.c.obj
 .ARM.attributes
                0x000004d4       0x22 CMakeFiles/Motor_ESC.dir/C_/RaspPico/pico-sdk/src/rp2_common/pico_float/float_v1_rom_shim.S.obj
 .ARM.attributes
                0x000004f6       0x22 CMakeFiles/Motor_ESC.dir/C_/RaspPico/pico-sdk/src/rp2_common/pico_mem_ops/mem_ops_aeabi.S.obj
 .ARM.attributes
                0x00000518       0x22 CMakeFiles/Motor_ESC.dir/C_/RaspPico/pico-sdk/src/rp2_common/pico_standard_link/crt0.S.obj
 .ARM.attributes
                0x0000053a       0x2c CMakeFiles/Motor_ESC.dir/C_/RaspPico/pico-sdk/src/rp2_common/pico_standard_link/binary_info.c.obj
 .ARM.attributes
                0x00000566       0x2c CMakeFiles/Motor_ESC.dir/C_/RaspPico/pico-sdk/src/rp2_common/pico_stdio/stdio.c.obj
 .ARM.attributes
                0x00000592       0x22 C:\Users\u1803\AppData\Local\Temp\ccUHjnnI.o
 .ARM.attributes
                0x000005b4       0x1e d:/program file x86/12.2 mpacbti-bet1/bin/../lib/gcc/arm-none-eabi/12.2.0/thumb/v6-m/nofp\libgcc.a(_dvmd_tls.o)
 .ARM.attributes
                0x000005d2       0x2c d:/program file x86/12.2 mpacbti-bet1/bin/../lib/gcc/arm-none-eabi/12.2.0/thumb/v6-m/nofp\libg.a(libc_a-strlen-stub.o)
 .ARM.attributes
                0x000005fe       0x2c d:/program file x86/12.2 mpacbti-bet1/bin/../lib/gcc/arm-none-eabi/12.2.0/thumb/v6-m/nofp/crtend.o

.comment        0x00000000       0x4c
 .comment       0x00000000       0x4c d:/program file x86/12.2 mpacbti-bet1/bin/../lib/gcc/arm-none-eabi/12.2.0/thumb/v6-m/nofp/crtbegin.o
                                 0x4d (size before relaxing)
 .comment       0x0000004c       0x4d CMakeFiles/Motor_ESC.dir/Motor_ESC.c.obj
 .comment       0x0000004c       0x4d CMakeFiles/Motor_ESC.dir/Control_Motor_Ej.c.obj
 .comment       0x0000004c       0x4d CMakeFiles/Motor_ESC.dir/C_/RaspPico/pico-sdk/src/rp2_common/hardware_gpio/gpio.c.obj
 .comment       0x0000004c       0x4d CMakeFiles/Motor_ESC.dir/C_/RaspPico/pico-sdk/src/rp2_common/hardware_claim/claim.c.obj
 .comment       0x0000004c       0x4d CMakeFiles/Motor_ESC.dir/C_/RaspPico/pico-sdk/src/rp2_common/pico_platform/platform.c.obj
 .comment       0x0000004c       0x4d CMakeFiles/Motor_ESC.dir/C_/RaspPico/pico-sdk/src/rp2_common/hardware_sync/sync.c.obj
 .comment       0x0000004c       0x4d CMakeFiles/Motor_ESC.dir/C_/RaspPico/pico-sdk/src/rp2_common/hardware_irq/irq.c.obj
 .comment       0x0000004c       0x4d CMakeFiles/Motor_ESC.dir/C_/RaspPico/pico-sdk/src/common/pico_sync/lock_core.c.obj
 .comment       0x0000004c       0x4d CMakeFiles/Motor_ESC.dir/C_/RaspPico/pico-sdk/src/common/pico_time/time.c.obj
 .comment       0x0000004c       0x4d CMakeFiles/Motor_ESC.dir/C_/RaspPico/pico-sdk/src/rp2_common/hardware_timer/timer.c.obj
 .comment       0x0000004c       0x4d CMakeFiles/Motor_ESC.dir/C_/RaspPico/pico-sdk/src/common/pico_util/pheap.c.obj
 .comment       0x0000004c       0x4d CMakeFiles/Motor_ESC.dir/C_/RaspPico/pico-sdk/src/common/pico_sync/mutex.c.obj
 .comment       0x0000004c       0x4d CMakeFiles/Motor_ESC.dir/C_/RaspPico/pico-sdk/src/rp2_common/pico_runtime/runtime.c.obj
 .comment       0x0000004c       0x4d CMakeFiles/Motor_ESC.dir/C_/RaspPico/pico-sdk/src/rp2_common/hardware_clocks/clocks.c.obj
 .comment       0x0000004c       0x4d CMakeFiles/Motor_ESC.dir/C_/RaspPico/pico-sdk/src/rp2_common/hardware_pll/pll.c.obj
 .comment       0x0000004c       0x4d CMakeFiles/Motor_ESC.dir/C_/RaspPico/pico-sdk/src/rp2_common/hardware_watchdog/watchdog.c.obj
 .comment       0x0000004c       0x4d CMakeFiles/Motor_ESC.dir/C_/RaspPico/pico-sdk/src/rp2_common/hardware_xosc/xosc.c.obj
 .comment       0x0000004c       0x4d CMakeFiles/Motor_ESC.dir/C_/RaspPico/pico-sdk/src/rp2_common/pico_printf/printf.c.obj
 .comment       0x0000004c       0x4d CMakeFiles/Motor_ESC.dir/C_/RaspPico/pico-sdk/src/rp2_common/pico_bootrom/bootrom.c.obj
 .comment       0x0000004c       0x4d CMakeFiles/Motor_ESC.dir/C_/RaspPico/pico-sdk/src/rp2_common/pico_double/double_init_rom.c.obj
 .comment       0x0000004c       0x4d CMakeFiles/Motor_ESC.dir/C_/RaspPico/pico-sdk/src/rp2_common/pico_float/float_init_rom.c.obj
 .comment       0x0000004c       0x4d CMakeFiles/Motor_ESC.dir/C_/RaspPico/pico-sdk/src/rp2_common/pico_standard_link/binary_info.c.obj
 .comment       0x0000004c       0x4d CMakeFiles/Motor_ESC.dir/C_/RaspPico/pico-sdk/src/rp2_common/pico_stdio/stdio.c.obj
 .comment       0x0000004c       0x4d d:/program file x86/12.2 mpacbti-bet1/bin/../lib/gcc/arm-none-eabi/12.2.0/thumb/v6-m/nofp\libg.a(libc_a-strlen-stub.o)
 .comment       0x0000004c       0x4d d:/program file x86/12.2 mpacbti-bet1/bin/../lib/gcc/arm-none-eabi/12.2.0/thumb/v6-m/nofp/crtend.o

.debug_info     0x00000000    0x11b19
 .debug_info    0x00000000      0xa8c CMakeFiles/Motor_ESC.dir/Motor_ESC.c.obj
 .debug_info    0x00000a8c      0x1f5 CMakeFiles/Motor_ESC.dir/Control_Motor_Ej.c.obj
 .debug_info    0x00000c81     0x166e CMakeFiles/Motor_ESC.dir/C_/RaspPico/pico-sdk/src/rp2_common/hardware_gpio/gpio.c.obj
 .debug_info    0x000022ef      0x69a CMakeFiles/Motor_ESC.dir/C_/RaspPico/pico-sdk/src/rp2_common/hardware_claim/claim.c.obj
 .debug_info    0x00002989      0x1fb CMakeFiles/Motor_ESC.dir/C_/RaspPico/pico-sdk/src/rp2_common/pico_platform/platform.c.obj
 .debug_info    0x00002b84      0x5db CMakeFiles/Motor_ESC.dir/C_/RaspPico/pico-sdk/src/rp2_common/hardware_sync/sync.c.obj
 .debug_info    0x0000315f     0x1bd4 CMakeFiles/Motor_ESC.dir/C_/RaspPico/pico-sdk/src/rp2_common/hardware_irq/irq.c.obj
 .debug_info    0x00004d33      0x1a3 CMakeFiles/Motor_ESC.dir/C_/RaspPico/pico-sdk/src/common/pico_sync/lock_core.c.obj
 .debug_info    0x00004ed6     0x2f53 CMakeFiles/Motor_ESC.dir/C_/RaspPico/pico-sdk/src/common/pico_time/time.c.obj
 .debug_info    0x00007e29     0x1165 CMakeFiles/Motor_ESC.dir/C_/RaspPico/pico-sdk/src/rp2_common/hardware_timer/timer.c.obj
 .debug_info    0x00008f8e      0xe34 CMakeFiles/Motor_ESC.dir/C_/RaspPico/pico-sdk/src/common/pico_util/pheap.c.obj
 .debug_info    0x00009dc2     0x1c83 CMakeFiles/Motor_ESC.dir/C_/RaspPico/pico-sdk/src/common/pico_sync/mutex.c.obj
 .debug_info    0x0000ba45      0xa56 CMakeFiles/Motor_ESC.dir/C_/RaspPico/pico-sdk/src/rp2_common/pico_runtime/runtime.c.obj
 .debug_info    0x0000c49b      0xf78 CMakeFiles/Motor_ESC.dir/C_/RaspPico/pico-sdk/src/rp2_common/hardware_clocks/clocks.c.obj
 .debug_info    0x0000d413      0x534 CMakeFiles/Motor_ESC.dir/C_/RaspPico/pico-sdk/src/rp2_common/hardware_pll/pll.c.obj
 .debug_info    0x0000d947      0x4c5 CMakeFiles/Motor_ESC.dir/C_/RaspPico/pico-sdk/src/rp2_common/hardware_watchdog/watchdog.c.obj
 .debug_info    0x0000de0c      0x1c7 CMakeFiles/Motor_ESC.dir/C_/RaspPico/pico-sdk/src/rp2_common/hardware_xosc/xosc.c.obj
 .debug_info    0x0000dfd3     0x19a2 CMakeFiles/Motor_ESC.dir/C_/RaspPico/pico-sdk/src/rp2_common/pico_printf/printf.c.obj
 .debug_info    0x0000f975       0x23 CMakeFiles/Motor_ESC.dir/C_/RaspPico/pico-sdk/src/rp2_common/pico_bit_ops/bit_ops_aeabi.S.obj
 .debug_info    0x0000f998      0x325 CMakeFiles/Motor_ESC.dir/C_/RaspPico/pico-sdk/src/rp2_common/pico_bootrom/bootrom.c.obj
 .debug_info    0x0000fcbd       0x23 CMakeFiles/Motor_ESC.dir/C_/RaspPico/pico-sdk/src/rp2_common/pico_divider/divider.S.obj
 .debug_info    0x0000fce0       0x23 CMakeFiles/Motor_ESC.dir/C_/RaspPico/pico-sdk/src/rp2_common/pico_double/double_aeabi.S.obj
 .debug_info    0x0000fd03      0x33b CMakeFiles/Motor_ESC.dir/C_/RaspPico/pico-sdk/src/rp2_common/pico_double/double_init_rom.c.obj
 .debug_info    0x0001003e       0x23 CMakeFiles/Motor_ESC.dir/C_/RaspPico/pico-sdk/src/rp2_common/pico_double/double_v1_rom_shim.S.obj
 .debug_info    0x00010061       0x24 CMakeFiles/Motor_ESC.dir/C_/RaspPico/pico-sdk/src/rp2_common/pico_int64_ops/pico_int64_ops_aeabi.S.obj
 .debug_info    0x00010085       0x23 CMakeFiles/Motor_ESC.dir/C_/RaspPico/pico-sdk/src/rp2_common/pico_float/float_aeabi.S.obj
 .debug_info    0x000100a8      0x34f CMakeFiles/Motor_ESC.dir/C_/RaspPico/pico-sdk/src/rp2_common/pico_float/float_init_rom.c.obj
 .debug_info    0x000103f7       0x23 CMakeFiles/Motor_ESC.dir/C_/RaspPico/pico-sdk/src/rp2_common/pico_float/float_v1_rom_shim.S.obj
 .debug_info    0x0001041a       0x23 CMakeFiles/Motor_ESC.dir/C_/RaspPico/pico-sdk/src/rp2_common/pico_mem_ops/mem_ops_aeabi.S.obj
 .debug_info    0x0001043d       0x23 CMakeFiles/Motor_ESC.dir/C_/RaspPico/pico-sdk/src/rp2_common/pico_standard_link/crt0.S.obj
 .debug_info    0x00010460      0x2dd CMakeFiles/Motor_ESC.dir/C_/RaspPico/pico-sdk/src/rp2_common/pico_standard_link/binary_info.c.obj
 .debug_info    0x0001073d     0x12b8 CMakeFiles/Motor_ESC.dir/C_/RaspPico/pico-sdk/src/rp2_common/pico_stdio/stdio.c.obj
 .debug_info    0x000119f5       0x39 d:/program file x86/12.2 mpacbti-bet1/bin/../lib/gcc/arm-none-eabi/12.2.0/thumb/v6-m/nofp\libgcc.a(_dvmd_tls.o)
 .debug_info    0x00011a2e       0xeb d:/program file x86/12.2 mpacbti-bet1/bin/../lib/gcc/arm-none-eabi/12.2.0/thumb/v6-m/nofp\libg.a(libc_a-strlen-stub.o)

.debug_abbrev   0x00000000     0x3ea0
 .debug_abbrev  0x00000000      0x2f7 CMakeFiles/Motor_ESC.dir/Motor_ESC.c.obj
 .debug_abbrev  0x000002f7       0xad CMakeFiles/Motor_ESC.dir/Control_Motor_Ej.c.obj
 .debug_abbrev  0x000003a4      0x34c CMakeFiles/Motor_ESC.dir/C_/RaspPico/pico-sdk/src/rp2_common/hardware_gpio/gpio.c.obj
 .debug_abbrev  0x000006f0      0x2d0 CMakeFiles/Motor_ESC.dir/C_/RaspPico/pico-sdk/src/rp2_common/hardware_claim/claim.c.obj
 .debug_abbrev  0x000009c0       0xf8 CMakeFiles/Motor_ESC.dir/C_/RaspPico/pico-sdk/src/rp2_common/pico_platform/platform.c.obj
 .debug_abbrev  0x00000ab8      0x249 CMakeFiles/Motor_ESC.dir/C_/RaspPico/pico-sdk/src/rp2_common/hardware_sync/sync.c.obj
 .debug_abbrev  0x00000d01      0x513 CMakeFiles/Motor_ESC.dir/C_/RaspPico/pico-sdk/src/rp2_common/hardware_irq/irq.c.obj
 .debug_abbrev  0x00001214      0x116 CMakeFiles/Motor_ESC.dir/C_/RaspPico/pico-sdk/src/common/pico_sync/lock_core.c.obj
 .debug_abbrev  0x0000132a      0x5b5 CMakeFiles/Motor_ESC.dir/C_/RaspPico/pico-sdk/src/common/pico_time/time.c.obj
 .debug_abbrev  0x000018df      0x3bd CMakeFiles/Motor_ESC.dir/C_/RaspPico/pico-sdk/src/rp2_common/hardware_timer/timer.c.obj
 .debug_abbrev  0x00001c9c      0x290 CMakeFiles/Motor_ESC.dir/C_/RaspPico/pico-sdk/src/common/pico_util/pheap.c.obj
 .debug_abbrev  0x00001f2c      0x3da CMakeFiles/Motor_ESC.dir/C_/RaspPico/pico-sdk/src/common/pico_sync/mutex.c.obj
 .debug_abbrev  0x00002306      0x3e5 CMakeFiles/Motor_ESC.dir/C_/RaspPico/pico-sdk/src/rp2_common/pico_runtime/runtime.c.obj
 .debug_abbrev  0x000026eb      0x415 CMakeFiles/Motor_ESC.dir/C_/RaspPico/pico-sdk/src/rp2_common/hardware_clocks/clocks.c.obj
 .debug_abbrev  0x00002b00      0x1e7 CMakeFiles/Motor_ESC.dir/C_/RaspPico/pico-sdk/src/rp2_common/hardware_pll/pll.c.obj
 .debug_abbrev  0x00002ce7      0x1a8 CMakeFiles/Motor_ESC.dir/C_/RaspPico/pico-sdk/src/rp2_common/hardware_watchdog/watchdog.c.obj
 .debug_abbrev  0x00002e8f      0x10c CMakeFiles/Motor_ESC.dir/C_/RaspPico/pico-sdk/src/rp2_common/hardware_xosc/xosc.c.obj
 .debug_abbrev  0x00002f9b      0x38a CMakeFiles/Motor_ESC.dir/C_/RaspPico/pico-sdk/src/rp2_common/pico_printf/printf.c.obj
 .debug_abbrev  0x00003325       0x12 CMakeFiles/Motor_ESC.dir/C_/RaspPico/pico-sdk/src/rp2_common/pico_bit_ops/bit_ops_aeabi.S.obj
 .debug_abbrev  0x00003337      0x167 CMakeFiles/Motor_ESC.dir/C_/RaspPico/pico-sdk/src/rp2_common/pico_bootrom/bootrom.c.obj
 .debug_abbrev  0x0000349e       0x12 CMakeFiles/Motor_ESC.dir/C_/RaspPico/pico-sdk/src/rp2_common/pico_divider/divider.S.obj
 .debug_abbrev  0x000034b0       0x12 CMakeFiles/Motor_ESC.dir/C_/RaspPico/pico-sdk/src/rp2_common/pico_double/double_aeabi.S.obj
 .debug_abbrev  0x000034c2      0x1c3 CMakeFiles/Motor_ESC.dir/C_/RaspPico/pico-sdk/src/rp2_common/pico_double/double_init_rom.c.obj
 .debug_abbrev  0x00003685       0x12 CMakeFiles/Motor_ESC.dir/C_/RaspPico/pico-sdk/src/rp2_common/pico_double/double_v1_rom_shim.S.obj
 .debug_abbrev  0x00003697       0x14 CMakeFiles/Motor_ESC.dir/C_/RaspPico/pico-sdk/src/rp2_common/pico_int64_ops/pico_int64_ops_aeabi.S.obj
 .debug_abbrev  0x000036ab       0x12 CMakeFiles/Motor_ESC.dir/C_/RaspPico/pico-sdk/src/rp2_common/pico_float/float_aeabi.S.obj
 .debug_abbrev  0x000036bd      0x1c6 CMakeFiles/Motor_ESC.dir/C_/RaspPico/pico-sdk/src/rp2_common/pico_float/float_init_rom.c.obj
 .debug_abbrev  0x00003883       0x12 CMakeFiles/Motor_ESC.dir/C_/RaspPico/pico-sdk/src/rp2_common/pico_float/float_v1_rom_shim.S.obj
 .debug_abbrev  0x00003895       0x12 CMakeFiles/Motor_ESC.dir/C_/RaspPico/pico-sdk/src/rp2_common/pico_mem_ops/mem_ops_aeabi.S.obj
 .debug_abbrev  0x000038a7       0x12 CMakeFiles/Motor_ESC.dir/C_/RaspPico/pico-sdk/src/rp2_common/pico_standard_link/crt0.S.obj
 .debug_abbrev  0x000038b9       0xb8 CMakeFiles/Motor_ESC.dir/C_/RaspPico/pico-sdk/src/rp2_common/pico_standard_link/binary_info.c.obj
 .debug_abbrev  0x00003971      0x480 CMakeFiles/Motor_ESC.dir/C_/RaspPico/pico-sdk/src/rp2_common/pico_stdio/stdio.c.obj
 .debug_abbrev  0x00003df1       0x1f d:/program file x86/12.2 mpacbti-bet1/bin/../lib/gcc/arm-none-eabi/12.2.0/thumb/v6-m/nofp\libgcc.a(_dvmd_tls.o)
 .debug_abbrev  0x00003e10       0x90 d:/program file x86/12.2 mpacbti-bet1/bin/../lib/gcc/arm-none-eabi/12.2.0/thumb/v6-m/nofp\libg.a(libc_a-strlen-stub.o)

.debug_loclists
                0x00000000     0x6da0
 .debug_loclists
                0x00000000      0x281 CMakeFiles/Motor_ESC.dir/Motor_ESC.c.obj
 .debug_loclists
                0x00000281      0x968 CMakeFiles/Motor_ESC.dir/C_/RaspPico/pico-sdk/src/rp2_common/hardware_gpio/gpio.c.obj
 .debug_loclists
                0x00000be9      0x27b CMakeFiles/Motor_ESC.dir/C_/RaspPico/pico-sdk/src/rp2_common/hardware_claim/claim.c.obj
 .debug_loclists
                0x00000e64       0x9f CMakeFiles/Motor_ESC.dir/C_/RaspPico/pico-sdk/src/rp2_common/pico_platform/platform.c.obj
 .debug_loclists
                0x00000f03      0x157 CMakeFiles/Motor_ESC.dir/C_/RaspPico/pico-sdk/src/rp2_common/hardware_sync/sync.c.obj
 .debug_loclists
                0x0000105a      0xc3c CMakeFiles/Motor_ESC.dir/C_/RaspPico/pico-sdk/src/rp2_common/hardware_irq/irq.c.obj
 .debug_loclists
                0x00001c96       0x4a CMakeFiles/Motor_ESC.dir/C_/RaspPico/pico-sdk/src/common/pico_sync/lock_core.c.obj
 .debug_loclists
                0x00001ce0     0x1140 CMakeFiles/Motor_ESC.dir/C_/RaspPico/pico-sdk/src/common/pico_time/time.c.obj
 .debug_loclists
                0x00002e20      0x562 CMakeFiles/Motor_ESC.dir/C_/RaspPico/pico-sdk/src/rp2_common/hardware_timer/timer.c.obj
 .debug_loclists
                0x00003382      0x68f CMakeFiles/Motor_ESC.dir/C_/RaspPico/pico-sdk/src/common/pico_util/pheap.c.obj
 .debug_loclists
                0x00003a11      0x944 CMakeFiles/Motor_ESC.dir/C_/RaspPico/pico-sdk/src/common/pico_sync/mutex.c.obj
 .debug_loclists
                0x00004355      0x27b CMakeFiles/Motor_ESC.dir/C_/RaspPico/pico-sdk/src/rp2_common/pico_runtime/runtime.c.obj
 .debug_loclists
                0x000045d0      0x4d8 CMakeFiles/Motor_ESC.dir/C_/RaspPico/pico-sdk/src/rp2_common/hardware_clocks/clocks.c.obj
 .debug_loclists
                0x00004aa8      0x1fb CMakeFiles/Motor_ESC.dir/C_/RaspPico/pico-sdk/src/rp2_common/hardware_pll/pll.c.obj
 .debug_loclists
                0x00004ca3      0x1c7 CMakeFiles/Motor_ESC.dir/C_/RaspPico/pico-sdk/src/rp2_common/hardware_watchdog/watchdog.c.obj
 .debug_loclists
                0x00004e6a       0x48 CMakeFiles/Motor_ESC.dir/C_/RaspPico/pico-sdk/src/rp2_common/hardware_xosc/xosc.c.obj
 .debug_loclists
                0x00004eb2     0x1640 CMakeFiles/Motor_ESC.dir/C_/RaspPico/pico-sdk/src/rp2_common/pico_printf/printf.c.obj
 .debug_loclists
                0x000064f2      0x12f CMakeFiles/Motor_ESC.dir/C_/RaspPico/pico-sdk/src/rp2_common/pico_bootrom/bootrom.c.obj
 .debug_loclists
                0x00006621       0x41 CMakeFiles/Motor_ESC.dir/C_/RaspPico/pico-sdk/src/rp2_common/pico_double/double_init_rom.c.obj
 .debug_loclists
                0x00006662       0x4f CMakeFiles/Motor_ESC.dir/C_/RaspPico/pico-sdk/src/rp2_common/pico_float/float_init_rom.c.obj
 .debug_loclists
                0x000066b1      0x691 CMakeFiles/Motor_ESC.dir/C_/RaspPico/pico-sdk/src/rp2_common/pico_stdio/stdio.c.obj
 .debug_loclists
                0x00006d42       0x5e d:/program file x86/12.2 mpacbti-bet1/bin/../lib/gcc/arm-none-eabi/12.2.0/thumb/v6-m/nofp\libg.a(libc_a-strlen-stub.o)

.debug_aranges  0x00000000      0xe98
 .debug_aranges
                0x00000000       0x48 CMakeFiles/Motor_ESC.dir/Motor_ESC.c.obj
 .debug_aranges
                0x00000048       0x20 CMakeFiles/Motor_ESC.dir/Control_Motor_Ej.c.obj
 .debug_aranges
                0x00000068      0x100 CMakeFiles/Motor_ESC.dir/C_/RaspPico/pico-sdk/src/rp2_common/hardware_gpio/gpio.c.obj
 .debug_aranges
                0x00000168       0x48 CMakeFiles/Motor_ESC.dir/C_/RaspPico/pico-sdk/src/rp2_common/hardware_claim/claim.c.obj
 .debug_aranges
                0x000001b0       0x28 CMakeFiles/Motor_ESC.dir/C_/RaspPico/pico-sdk/src/rp2_common/pico_platform/platform.c.obj
 .debug_aranges
                0x000001d8       0x58 CMakeFiles/Motor_ESC.dir/C_/RaspPico/pico-sdk/src/rp2_common/hardware_sync/sync.c.obj
 .debug_aranges
                0x00000230       0xd0 CMakeFiles/Motor_ESC.dir/C_/RaspPico/pico-sdk/src/rp2_common/hardware_irq/irq.c.obj
 .debug_aranges
                0x00000300       0x20 CMakeFiles/Motor_ESC.dir/C_/RaspPico/pico-sdk/src/common/pico_sync/lock_core.c.obj
 .debug_aranges
                0x00000320      0x140 CMakeFiles/Motor_ESC.dir/C_/RaspPico/pico-sdk/src/common/pico_time/time.c.obj
 .debug_aranges
                0x00000460       0x80 CMakeFiles/Motor_ESC.dir/C_/RaspPico/pico-sdk/src/rp2_common/hardware_timer/timer.c.obj
 .debug_aranges
                0x000004e0       0x80 CMakeFiles/Motor_ESC.dir/C_/RaspPico/pico-sdk/src/common/pico_util/pheap.c.obj
 .debug_aranges
                0x00000560       0xb8 CMakeFiles/Motor_ESC.dir/C_/RaspPico/pico-sdk/src/common/pico_sync/mutex.c.obj
 .debug_aranges
                0x00000618       0x60 CMakeFiles/Motor_ESC.dir/C_/RaspPico/pico-sdk/src/rp2_common/pico_runtime/runtime.c.obj
 .debug_aranges
                0x00000678       0x70 CMakeFiles/Motor_ESC.dir/C_/RaspPico/pico-sdk/src/rp2_common/hardware_clocks/clocks.c.obj
 .debug_aranges
                0x000006e8       0x28 CMakeFiles/Motor_ESC.dir/C_/RaspPico/pico-sdk/src/rp2_common/hardware_pll/pll.c.obj
 .debug_aranges
                0x00000710       0x58 CMakeFiles/Motor_ESC.dir/C_/RaspPico/pico-sdk/src/rp2_common/hardware_watchdog/watchdog.c.obj
 .debug_aranges
                0x00000768       0x30 CMakeFiles/Motor_ESC.dir/C_/RaspPico/pico-sdk/src/rp2_common/hardware_xosc/xosc.c.obj
 .debug_aranges
                0x00000798       0x90 CMakeFiles/Motor_ESC.dir/C_/RaspPico/pico-sdk/src/rp2_common/pico_printf/printf.c.obj
 .debug_aranges
                0x00000828       0x68 CMakeFiles/Motor_ESC.dir/C_/RaspPico/pico-sdk/src/rp2_common/pico_bit_ops/bit_ops_aeabi.S.obj
 .debug_aranges
                0x00000890       0x30 CMakeFiles/Motor_ESC.dir/C_/RaspPico/pico-sdk/src/rp2_common/pico_bootrom/bootrom.c.obj
 .debug_aranges
                0x000008c0       0x40 CMakeFiles/Motor_ESC.dir/C_/RaspPico/pico-sdk/src/rp2_common/pico_divider/divider.S.obj
 .debug_aranges
                0x00000900      0x140 CMakeFiles/Motor_ESC.dir/C_/RaspPico/pico-sdk/src/rp2_common/pico_double/double_aeabi.S.obj
 .debug_aranges
                0x00000a40       0x20 CMakeFiles/Motor_ESC.dir/C_/RaspPico/pico-sdk/src/rp2_common/pico_double/double_init_rom.c.obj
 .debug_aranges
                0x00000a60       0xc8 CMakeFiles/Motor_ESC.dir/C_/RaspPico/pico-sdk/src/rp2_common/pico_double/double_v1_rom_shim.S.obj
 .debug_aranges
                0x00000b28       0x20 CMakeFiles/Motor_ESC.dir/C_/RaspPico/pico-sdk/src/rp2_common/pico_int64_ops/pico_int64_ops_aeabi.S.obj
 .debug_aranges
                0x00000b48      0x130 CMakeFiles/Motor_ESC.dir/C_/RaspPico/pico-sdk/src/rp2_common/pico_float/float_aeabi.S.obj
 .debug_aranges
                0x00000c78       0x20 CMakeFiles/Motor_ESC.dir/C_/RaspPico/pico-sdk/src/rp2_common/pico_float/float_init_rom.c.obj
 .debug_aranges
                0x00000c98       0x50 CMakeFiles/Motor_ESC.dir/C_/RaspPico/pico-sdk/src/rp2_common/pico_float/float_v1_rom_shim.S.obj
 .debug_aranges
                0x00000ce8       0x38 CMakeFiles/Motor_ESC.dir/C_/RaspPico/pico-sdk/src/rp2_common/pico_mem_ops/mem_ops_aeabi.S.obj
 .debug_aranges
                0x00000d20       0x28 CMakeFiles/Motor_ESC.dir/C_/RaspPico/pico-sdk/src/rp2_common/pico_standard_link/crt0.S.obj
 .debug_aranges
                0x00000d48       0x18 CMakeFiles/Motor_ESC.dir/C_/RaspPico/pico-sdk/src/rp2_common/pico_standard_link/binary_info.c.obj
 .debug_aranges
                0x00000d60       0xf8 CMakeFiles/Motor_ESC.dir/C_/RaspPico/pico-sdk/src/rp2_common/pico_stdio/stdio.c.obj
 .debug_aranges
                0x00000e58       0x20 d:/program file x86/12.2 mpacbti-bet1/bin/../lib/gcc/arm-none-eabi/12.2.0/thumb/v6-m/nofp\libgcc.a(_dvmd_tls.o)
 .debug_aranges
                0x00000e78       0x20 d:/program file x86/12.2 mpacbti-bet1/bin/../lib/gcc/arm-none-eabi/12.2.0/thumb/v6-m/nofp\libg.a(libc_a-strlen-stub.o)

.debug_rnglists
                0x00000000      0xc5d
 .debug_rnglists