Archive member included to satisfy reference by file (symbol)

d:/program file x86/12.2 mpacbti-bet1/bin/../lib/gcc/arm-none-eabi/12.2.0/thumb/v6-m/nofp\libgcc.a(_dvmd_tls.o)
                              CMakeFiles/MPU6050_I2C.dir/C_/RaspPico/pico-sdk/src/rp2_common/pico_divider/divider.S.obj (__aeabi_idiv0)
d:/program file x86/12.2 mpacbti-bet1/bin/../lib/gcc/arm-none-eabi/12.2.0/thumb/v6-m/nofp\libg.a(libc_a-calloc.o)
                              CMakeFiles/MPU6050_I2C.dir/C_/RaspPico/pico-sdk/src/rp2_common/pico_malloc/pico_malloc.c.obj (calloc)
d:/program file x86/12.2 mpacbti-bet1/bin/../lib/gcc/arm-none-eabi/12.2.0/thumb/v6-m/nofp\libg.a(libc_a-callocr.o)
                              d:/program file x86/12.2 mpacbti-bet1/bin/../lib/gcc/arm-none-eabi/12.2.0/thumb/v6-m/nofp\libg.a(libc_a-calloc.o) (_calloc_r)
d:/program file x86/12.2 mpacbti-bet1/bin/../lib/gcc/arm-none-eabi/12.2.0/thumb/v6-m/nofp\libg.a(libc_a-malloc.o)
                              CMakeFiles/MPU6050_I2C.dir/C_/RaspPico/pico-sdk/src/rp2_common/pico_malloc/pico_malloc.c.obj (malloc)
d:/program file x86/12.2 mpacbti-bet1/bin/../lib/gcc/arm-none-eabi/12.2.0/thumb/v6-m/nofp\libg.a(libc_a-mallocr.o)
                              d:/program file x86/12.2 mpacbti-bet1/bin/../lib/gcc/arm-none-eabi/12.2.0/thumb/v6-m/nofp\libg.a(libc_a-callocr.o) (_malloc_r)
d:/program file x86/12.2 mpacbti-bet1/bin/../lib/gcc/arm-none-eabi/12.2.0/thumb/v6-m/nofp\libg.a(libc_a-mlock.o)
                              d:/program file x86/12.2 mpacbti-bet1/bin/../lib/gcc/arm-none-eabi/12.2.0/thumb/v6-m/nofp\libg.a(libc_a-mallocr.o) (__malloc_lock)
d:/program file x86/12.2 mpacbti-bet1/bin/../lib/gcc/arm-none-eabi/12.2.0/thumb/v6-m/nofp\libg.a(libc_a-realloc.o)
                              CMakeFiles/MPU6050_I2C.dir/C_/RaspPico/pico-sdk/src/rp2_common/pico_malloc/pico_malloc.c.obj (realloc)
d:/program file x86/12.2 mpacbti-bet1/bin/../lib/gcc/arm-none-eabi/12.2.0/thumb/v6-m/nofp\libg.a(libc_a-reallocr.o)
                              d:/program file x86/12.2 mpacbti-bet1/bin/../lib/gcc/arm-none-eabi/12.2.0/thumb/v6-m/nofp\libg.a(libc_a-realloc.o) (_realloc_r)
d:/program file x86/12.2 mpacbti-bet1/bin/../lib/gcc/arm-none-eabi/12.2.0/thumb/v6-m/nofp\libg.a(libc_a-memmove.o)
                              d:/program file x86/12.2 mpacbti-bet1/bin/../lib/gcc/arm-none-eabi/12.2.0/thumb/v6-m/nofp\libg.a(libc_a-reallocr.o) (memmove)
d:/program file x86/12.2 mpacbti-bet1/bin/../lib/gcc/arm-none-eabi/12.2.0/thumb/v6-m/nofp\libg.a(libc_a-impure.o)
                              d:/program file x86/12.2 mpacbti-bet1/bin/../lib/gcc/arm-none-eabi/12.2.0/thumb/v6-m/nofp\libg.a(libc_a-calloc.o) (_impure_ptr)
d:/program file x86/12.2 mpacbti-bet1/bin/../lib/gcc/arm-none-eabi/12.2.0/thumb/v6-m/nofp\libg.a(libc_a-sbrkr.o)
                              d:/program file x86/12.2 mpacbti-bet1/bin/../lib/gcc/arm-none-eabi/12.2.0/thumb/v6-m/nofp\libg.a(libc_a-mallocr.o) (_sbrk_r)
d:/program file x86/12.2 mpacbti-bet1/bin/../lib/gcc/arm-none-eabi/12.2.0/thumb/v6-m/nofp\libg.a(libc_a-errno.o)
                              d:/program file x86/12.2 mpacbti-bet1/bin/../lib/gcc/arm-none-eabi/12.2.0/thumb/v6-m/nofp\libg.a(libc_a-callocr.o) (__errno)
d:/program file x86/12.2 mpacbti-bet1/bin/../lib/gcc/arm-none-eabi/12.2.0/thumb/v6-m/nofp\libg.a(libc_a-init.o)
                              d:/program file x86/12.2 mpacbti-bet1/bin/../lib/gcc/arm-none-eabi/12.2.0/thumb/v6-m/nofp/crt0.o (__libc_init_array)
d:/program file x86/12.2 mpacbti-bet1/bin/../lib/gcc/arm-none-eabi/12.2.0/thumb/v6-m/nofp\libg.a(libc_a-lock.o)
                              d:/program file x86/12.2 mpacbti-bet1/bin/../lib/gcc/arm-none-eabi/12.2.0/thumb/v6-m/nofp\libg.a(libc_a-mlock.o) (__retarget_lock_acquire_recursive)
d:/program file x86/12.2 mpacbti-bet1/bin/../lib/gcc/arm-none-eabi/12.2.0/thumb/v6-m/nofp\libg.a(libc_a-strlen-stub.o)
                              CMakeFiles/MPU6050_I2C.dir/C_/RaspPico/pico-sdk/src/rp2_common/pico_stdio/stdio.c.obj (strlen)
d:/program file x86/12.2 mpacbti-bet1/bin/../lib/gcc/arm-none-eabi/12.2.0/thumb/v6-m/nofp\libg.a(libc_a-freer.o)
                              d:/program file x86/12.2 mpacbti-bet1/bin/../lib/gcc/arm-none-eabi/12.2.0/thumb/v6-m/nofp\libg.a(libc_a-malloc.o) (_free_r)
d:/program file x86/12.2 mpacbti-bet1/bin/../lib/gcc/arm-none-eabi/12.2.0/thumb/v6-m/nofp\libg.a(libc_a-findfp.o)
                              d:/program file x86/12.2 mpacbti-bet1/bin/../lib/gcc/arm-none-eabi/12.2.0/thumb/v6-m/nofp\libg.a(libc_a-impure.o) (__sf)
d:/program file x86/12.2 mpacbti-bet1/bin/../lib/gcc/arm-none-eabi/12.2.0/thumb/v6-m/nofp\libg.a(libc_a-fwalk.o)
                              d:/program file x86/12.2 mpacbti-bet1/bin/../lib/gcc/arm-none-eabi/12.2.0/thumb/v6-m/nofp\libg.a(libc_a-findfp.o) (_fwalk_sglue)
d:/program file x86/12.2 mpacbti-bet1/bin/../lib/gcc/arm-none-eabi/12.2.0/thumb/v6-m/nofp\libg.a(libc_a-stdio.o)
[...]
Memory Configuration

Name             Origin             Length             Attributes
FLASH            0x10000000         0x00200000         xr
RAM              0x20000000         0x00040000         xrw
SCRATCH_X        0x20040000         0x00001000         xrw
SCRATCH_Y        0x20041000         0x00001000         xrw
*default*        0x00000000         0xffffffff

Linker script and memory map

LOAD d:/program file x86/12.2 mpacbti-bet1/bin/../lib/gcc/arm-none-eabi/12.2.0/thumb/v6-m/nofp/crti.o
LOAD d:/program file x86/12.2 mpacbti-bet1/bin/../lib/gcc/arm-none-eabi/12.2.0/thumb/v6-m/nofp/crtbegin.o
LOAD d:/program file x86/12.2 mpacbti-bet1/bin/../lib/gcc/arm-none-eabi/12.2.0/thumb/v6-m/nofp/crt0.o

.flash_begin    0x10000000        0x0
                0x10000000                        __flash_binary_start = .

.boot2          0x10000000      0x100
                0x10000000                        __boot2_start__ = .
 *(.boot2)
 .boot2         0x10000000      0x100 C:\Users\u1803\AppData\Local\Temp\ccWTS2QT.o
                0x10000100                        __boot2_end__ = .
                0x00000001                        ASSERT (((__boot2_end__ - __boot2_start__) == 0x100), ERROR: Pico second stage bootloader must be 256 bytes in size)

.text           0x10000100     0x3a80
                0x10000100                        __logical_binary_start = .
 *(.vectors)
 .vectors       0x10000100       0xd4 CMakeFiles/MPU6050_I2C.dir/C_/RaspPico/pico-sdk/src/rp2_common/pico_standard_link/crt0.S.obj
                0x10000100                __VECTOR_TABLE
                0x10000100                __vectors
                0x100001c0                isr_invalid
                0x100001c0                __default_isrs_start
                0x100001c2                isr_nmi
                0x100001c4                isr_hardfault
                0x100001c6                isr_svcall
                0x100001c8                isr_pendsv
                0x100001ca                isr_systick
                0x100001cc                isr_irq23
                0x100001cc                isr_irq18
                0x100001cc                isr_irq11
                0x100001cc                isr_irq28
                0x100001cc                isr_irq19
                0x100001cc                isr_irq0
                0x100001cc                isr_irq6
                0x100001cc                isr_irq5
                0x100001cc                isr_irq12
                0x100001cc                isr_irq22
                0x100001cc                isr_irq31
                0x100001cc                isr_irq17
                0x100001cc                isr_irq27
                0x100001cc                isr_irq30
                0x100001cc                isr_irq2
                0x100001cc                isr_irq10
                0x100001cc                isr_irq8
                0x100001cc                isr_irq24
                0x100001cc                isr_irq1
                0x100001cc                isr_irq7
                0x100001cc                isr_irq21
                0x100001cc                isr_irq20
                0x100001cc                isr_irq15
                0x100001cc                isr_irq25
                0x100001cc                isr_irq13
                0x100001cc                __unhandled_user_irq
                0x100001cc                isr_irq4
                0x100001cc                isr_irq16
                0x100001cc                isr_irq29
                0x100001cc                isr_irq26
                0x100001cc                __default_isrs_end
                0x100001cc                isr_irq3
                0x100001cc                isr_irq14
                0x100001cc                isr_irq9
                0x100001d2                unhandled_user_irq_num_in_r0
 *(.binary_info_header)
 .binary_info_header
                0x100001d4       0x14 CMakeFiles/MPU6050_I2C.dir/C_/RaspPico/pico-sdk/src/rp2_common/pico_standard_link/crt0.S.obj
                0x100001e8                        __binary_info_header_end = .
 *(.reset)
 .reset         0x100001e8       0xa8 CMakeFiles/MPU6050_I2C.dir/C_/RaspPico/pico-sdk/src/rp2_common/pico_standard_link/crt0.S.obj
                0x100001e8                _entry_point
                0x10000266                __get_current_exception
 .reset         0x10000290       0x30 CMakeFiles/MPU6050_I2C.dir/C_/RaspPico/pico-sdk/src/rp2_common/pico_standard_link/binary_info.c.obj
 *(.init)
 .init          0x100002c0        0x4 d:/program file x86/12.2 mpacbti-bet1/bin/../lib/gcc/arm-none-eabi/12.2.0/thumb/v6-m/nofp/crti.o
                0x100002c0                _init
 *(EXCLUDE_FILE(*libm.a: *libc.a:*lib_a-mem*.o *libgcc.a:) .text*)
 .text.register_tm_clones
                0x100002c4       0x28 d:/program file x86/12.2 mpacbti-bet1/bin/../lib/gcc/arm-none-eabi/12.2.0/thumb/v6-m/nofp/crtbegin.o
 .text.frame_dummy
                0x100002ec       0x24 d:/program file x86/12.2 mpacbti-bet1/bin/../lib/gcc/arm-none-eabi/12.2.0/thumb/v6-m/nofp/crtbegin.o
 .text.hw_claim_lock
                0x10000310       0x18 CMakeFiles/MPU6050_I2C.dir/C_/RaspPico/pico-sdk/src/rp2_common/hardware_claim/claim.c.obj
                0x10000310                hw_claim_lock
 .text.hw_claim_unlock
                0x10000328       0x14 CMakeFiles/MPU6050_I2C.dir/C_/RaspPico/pico-sdk/src/rp2_common/hardware_claim/claim.c.obj
                0x10000328                hw_claim_unlock
 .text.hw_claim_or_assert
                0x1000033c       0x32 CMakeFiles/MPU6050_I2C.dir/C_/RaspPico/pico-sdk/src/rp2_common/hardware_claim/claim.c.obj
                0x1000033c                hw_claim_or_assert
 *fill*         0x1000036e        0x2 
 .text.running_on_fpga
                0x10000370       0x14 CMakeFiles/MPU6050_I2C.dir/C_/RaspPico/pico-sdk/src/rp2_common/pico_platform/platform.c.obj
                0x10000370                running_on_fpga
 .text.spin_locks_reset
                0x10000384       0x20 CMakeFiles/MPU6050_I2C.dir/C_/RaspPico/pico-sdk/src/rp2_common/hardware_sync/sync.c.obj
                0x10000384                spin_locks_reset
 .text.next_striped_spin_lock_num
                0x100003a4       0x1c CMakeFiles/MPU6050_I2C.dir/C_/RaspPico/pico-sdk/src/rp2_common/hardware_sync/sync.c.obj
                0x100003a4                next_striped_spin_lock_num
 .text.set_raw_irq_handler_and_unlock
                0x100003c0       0x28 CMakeFiles/MPU6050_I2C.dir/C_/RaspPico/pico-sdk/src/rp2_common/hardware_irq/irq.c.obj
 .text.resolve_branch
                0x100003e8       0x30 CMakeFiles/MPU6050_I2C.dir/C_/RaspPico/pico-sdk/src/rp2_common/hardware_irq/irq.c.obj
 .text.make_branch
                0x10000418       0x48 CMakeFiles/MPU6050_I2C.dir/C_/RaspPico/pico-sdk/src/rp2_common/hardware_irq/irq.c.obj
 .text.insert_branch_and_link
                0x10000460       0x40 CMakeFiles/MPU6050_I2C.dir/C_/RaspPico/pico-sdk/src/rp2_common/hardware_irq/irq.c.obj
 .text.irq_is_enabled
                0x100004a0       0x18 CMakeFiles/MPU6050_I2C.dir/C_/RaspPico/pico-sdk/src/rp2_common/hardware_irq/irq.c.obj
                0x100004a0                irq_is_enabled
 .text.irq_set_mask_enabled
                0x100004b8       0x20 CMakeFiles/MPU6050_I2C.dir/C_/RaspPico/pico-sdk/src/rp2_common/hardware_irq/irq.c.obj
                0x100004b8                irq_set_mask_enabled
 .text.irq_set_enabled
                0x100004d8        0xe CMakeFiles/MPU6050_I2C.dir/C_/RaspPico/pico-sdk/src/rp2_common/hardware_irq/irq.c.obj
                0x100004d8                irq_set_enabled
 *fill*         0x100004e6        0x2 
 .text.irq_get_vtable_handler
                0x100004e8       0x10 CMakeFiles/MPU6050_I2C.dir/C_/RaspPico/pico-sdk/src/rp2_common/hardware_irq/irq.c.obj
                0x100004e8                irq_get_vtable_handler
 .text.irq_set_exclusive_handler
                0x100004f8       0x54 CMakeFiles/MPU6050_I2C.dir/C_/RaspPico/pico-sdk/src/rp2_common/hardware_irq/irq.c.obj
                0x100004f8                irq_set_exclusive_handler
 .text.irq_remove_handler
                0x1000054c      0x188 CMakeFiles/MPU6050_I2C.dir/C_/RaspPico/pico-sdk/src/rp2_common/hardware_irq/irq.c.obj
                0x1000054c                irq_remove_handler
 .text.irq_add_tail_to_free_list
                0x100006d4       0xf0 CMakeFiles/MPU6050_I2C.dir/C_/RaspPico/pico-sdk/src/rp2_common/hardware_irq/irq.c.obj
                0x100006d4                irq_add_tail_to_free_list
 .text.irq_init_priorities
                0x100007c4       0x1c CMakeFiles/MPU6050_I2C.dir/C_/RaspPico/pico-sdk/src/rp2_common/hardware_irq/irq.c.obj
                0x100007c4                irq_init_priorities
 .text.lock_init
                0x100007e0       0x10 CMakeFiles/MPU6050_I2C.dir/C_/RaspPico/pico-sdk/src/common/pico_sync/lock_core.c.obj
                0x100007e0                lock_init
 .text.get_entry
                0x100007f0       0x38 CMakeFiles/MPU6050_I2C.dir/C_/RaspPico/pico-sdk/src/common/pico_time/time.c.obj
 .text.timer_pool_entry_comparator
                0x10000828       0x2e CMakeFiles/MPU6050_I2C.dir/C_/RaspPico/pico-sdk/src/common/pico_time/time.c.obj
                0x10000828                timer_pool_entry_comparator
 *fill*         0x10000856        0x2 
 .text.update_us_since_boot
                0x10000858       0x24 CMakeFiles/MPU6050_I2C.dir/C_/RaspPico/pico-sdk/src/common/pico_time/time.c.obj
 .text.delayed_by_us
                0x1000087c       0x36 CMakeFiles/MPU6050_I2C.dir/C_/RaspPico/pico-sdk/src/common/pico_time/time.c.obj
 *fill*         0x100008b2        0x2 
 .text.ph_get_node
                0x100008b4       0x30 CMakeFiles/MPU6050_I2C.dir/C_/RaspPico/pico-sdk/src/common/pico_time/time.c.obj
 .text.ph_contains_node
                0x100008e4       0x1e CMakeFiles/MPU6050_I2C.dir/C_/RaspPico/pico-sdk/src/common/pico_time/time.c.obj
 .text.ph_new_node
                0x10000902       0x28 CMakeFiles/MPU6050_I2C.dir/C_/RaspPico/pico-sdk/src/common/pico_time/time.c.obj
 *fill*         0x1000092a        0x2 
 .text.ph_add_child_node
                0x1000092c       0x6c CMakeFiles/MPU6050_I2C.dir/C_/RaspPico/pico-sdk/src/common/pico_time/time.c.obj
 .text.ph_merge_nodes
                0x10000998       0x3e CMakeFiles/MPU6050_I2C.dir/C_/RaspPico/pico-sdk/src/common/pico_time/time.c.obj
 *fill*         0x100009d6        0x2 
 .text.ph_insert_node
                0x100009d8       0x3c CMakeFiles/MPU6050_I2C.dir/C_/RaspPico/pico-sdk/src/common/pico_time/time.c.obj
 .text.ph_free_node
                0x10000a14       0x3c CMakeFiles/MPU6050_I2C.dir/C_/RaspPico/pico-sdk/src/common/pico_time/time.c.obj
 .text.get_entry_id_high
                0x10000a50       0x30 CMakeFiles/MPU6050_I2C.dir/C_/RaspPico/pico-sdk/src/common/pico_time/time.c.obj
 .text.alarm_pool_post_alloc_init
                0x10000a80       0x40 CMakeFiles/MPU6050_I2C.dir/C_/RaspPico/pico-sdk/src/common/pico_time/time.c.obj
 .text.get_absolute_time
                0x10000ac0       0x22 CMakeFiles/MPU6050_I2C.dir/C_/RaspPico/pico-sdk/src/common/pico_time/time.c.obj
 *fill*         0x10000ae2        0x2 
 .text.add_alarm_under_lock
                0x10000ae4       0x94 CMakeFiles/MPU6050_I2C.dir/C_/RaspPico/pico-sdk/src/common/pico_time/time.c.obj
 .text.alarm_pool_alarm_callback
                0x10000b78      0x20c CMakeFiles/MPU6050_I2C.dir/C_/RaspPico/pico-sdk/src/common/pico_time/time.c.obj
 .text.alarm_pool_init_default
                0x10000d84       0x38 CMakeFiles/MPU6050_I2C.dir/C_/RaspPico/pico-sdk/src/common/pico_time/time.c.obj
                0x10000d84                alarm_pool_init_default
 .text.hardware_alarm_irq_handler
                0x10000dbc       0x88 CMakeFiles/MPU6050_I2C.dir/C_/RaspPico/pico-sdk/src/rp2_common/hardware_timer/timer.c.obj
 .text.hardware_alarm_claim
                0x10000e44       0x18 CMakeFiles/MPU6050_I2C.dir/C_/RaspPico/pico-sdk/src/rp2_common/hardware_timer/timer.c.obj
                0x10000e44                hardware_alarm_claim
 .text.time_us_64
                0x10000e5c       0x18 CMakeFiles/MPU6050_I2C.dir/C_/RaspPico/pico-sdk/src/rp2_common/hardware_timer/timer.c.obj
                0x10000e5c                time_us_64
 .text.hardware_alarm_set_callback
                0x10000e74       0x90 CMakeFiles/MPU6050_I2C.dir/C_/RaspPico/pico-sdk/src/rp2_common/hardware_timer/timer.c.obj
                0x10000e74                hardware_alarm_set_callback
 .text.hardware_alarm_set_target
                0x10000f04       0xe8 CMakeFiles/MPU6050_I2C.dir/C_/RaspPico/pico-sdk/src/rp2_common/hardware_timer/timer.c.obj
                0x10000f04                hardware_alarm_set_target
 .text.hardware_alarm_cancel
                0x10000fec       0x40 CMakeFiles/MPU6050_I2C.dir/C_/RaspPico/pico-sdk/src/rp2_common/hardware_timer/timer.c.obj
                0x10000fec                hardware_alarm_cancel
 .text.ph_get_node
                0x1000102c       0x30 CMakeFiles/MPU6050_I2C.dir/C_/RaspPico/pico-sdk/src/common/pico_util/pheap.c.obj
 .text.ph_add_child_node
                0x1000105c       0x6c CMakeFiles/MPU6050_I2C.dir/C_/RaspPico/pico-sdk/src/common/pico_util/pheap.c.obj
 .text.ph_merge_nodes
                0x100010c8       0x3e CMakeFiles/MPU6050_I2C.dir/C_/RaspPico/pico-sdk/src/common/pico_util/pheap.c.obj
 .text.ph_clear
                0x10001106       0x34 CMakeFiles/MPU6050_I2C.dir/C_/RaspPico/pico-sdk/src/common/pico_util/pheap.c.obj
                0x10001106                ph_clear
 .text.ph_post_alloc_init
                0x1000113a        0xe CMakeFiles/MPU6050_I2C.dir/C_/RaspPico/pico-sdk/src/common/pico_util/pheap.c.obj
                0x1000113a                ph_post_alloc_init
 .text.ph_merge_two_pass
                0x10001148       0x5c CMakeFiles/MPU6050_I2C.dir/C_/RaspPico/pico-sdk/src/common/pico_util/pheap.c.obj
                0x10001148                ph_merge_two_pass
 .text.ph_remove_any_head
                0x100011a4       0xa4 CMakeFiles/MPU6050_I2C.dir/C_/RaspPico/pico-sdk/src/common/pico_util/pheap.c.obj
 .text.ph_remove_head
                0x10001248       0x14 CMakeFiles/MPU6050_I2C.dir/C_/RaspPico/pico-sdk/src/common/pico_util/pheap.c.obj
                0x10001248                ph_remove_head
 .text.ph_remove_and_free_node
                0x1000125c       0xa0 CMakeFiles/MPU6050_I2C.dir/C_/RaspPico/pico-sdk/src/common/pico_util/pheap.c.obj
                0x1000125c                ph_remove_and_free_node
 .text.mutex_init
                0x100012fc       0x1a CMakeFiles/MPU6050_I2C.dir/C_/RaspPico/pico-sdk/src/common/pico_sync/mutex.c.obj
                0x100012fc                mutex_init
 .text.recursive_mutex_init
                0x10001316       0x1e CMakeFiles/MPU6050_I2C.dir/C_/RaspPico/pico-sdk/src/common/pico_sync/mutex.c.obj
                0x10001316                recursive_mutex_init
 .text._exit    0x10001334        0x4 CMakeFiles/MPU6050_I2C.dir/C_/RaspPico/pico-sdk/src/rp2_common/pico_runtime/runtime.c.obj
                0x10001334                _exit
 .text.exit     0x10001338        0x6 CMakeFiles/MPU6050_I2C.dir/C_/RaspPico/pico-sdk/src/rp2_common/pico_runtime/runtime.c.obj
                0x10001338                exit
 *fill*         0x1000133e        0x2 
 .text.__assert_func
                0x10001340       0x38 CMakeFiles/MPU6050_I2C.dir/C_/RaspPico/pico-sdk/src/rp2_common/pico_runtime/runtime.c.obj
                0x10001340                __assert_func
 .text.runtime_init
                0x10001378       0xf8 CMakeFiles/MPU6050_I2C.dir/C_/RaspPico/pico-sdk/src/rp2_common/pico_runtime/runtime.c.obj
                0x10001378                runtime_init
 .text.panic    0x10001470       0x30 CMakeFiles/MPU6050_I2C.dir/C_/RaspPico/pico-sdk/src/rp2_common/pico_runtime/runtime.c.obj
                0x10001470                panic
 .text.clock_configure
                0x100014a0      0x104 CMakeFiles/MPU6050_I2C.dir/C_/RaspPico/pico-sdk/src/rp2_common/hardware_clocks/clocks.c.obj
                0x100014a0                clock_configure
 .text.clocks_init
                0x100015a4      0x100 CMakeFiles/MPU6050_I2C.dir/C_/RaspPico/pico-sdk/src/rp2_common/hardware_clocks/clocks.c.obj
                0x100015a4                clocks_init
 .text.pll_init
                0x100016a4      0x140 CMakeFiles/MPU6050_I2C.dir/C_/RaspPico/pico-sdk/src/rp2_common/hardware_pll/pll.c.obj
                0x100016a4                pll_init
 .text.watchdog_start_tick
                0x100017e4       0x10 CMakeFiles/MPU6050_I2C.dir/C_/RaspPico/pico-sdk/src/rp2_common/hardware_watchdog/watchdog.c.obj
                0x100017e4                watchdog_start_tick
 .text.xosc_init
                0x100017f4       0x28 CMakeFiles/MPU6050_I2C.dir/C_/RaspPico/pico-sdk/src/rp2_common/hardware_xosc/xosc.c.obj
                0x100017f4                xosc_init
 .text._out_null
                0x1000181c        0x2 CMakeFiles/MPU6050_I2C.dir/C_/RaspPico/pico-sdk/src/rp2_common/pico_printf/printf.c.obj
 .text._out_fct
                0x1000181e        0xe CMakeFiles/MPU6050_I2C.dir/C_/RaspPico/pico-sdk/src/rp2_common/pico_printf/printf.c.obj
 .text._atoi    0x1000182c       0x24 CMakeFiles/MPU6050_I2C.dir/C_/RaspPico/pico-sdk/src/rp2_common/pico_printf/printf.c.obj
 .text._out_rev
                0x10001850       0xae CMakeFiles/MPU6050_I2C.dir/C_/RaspPico/pico-sdk/src/rp2_common/pico_printf/printf.c.obj
 .text._ntoa_format
                0x100018fe      0x110 CMakeFiles/MPU6050_I2C.dir/C_/RaspPico/pico-sdk/src/rp2_common/pico_printf/printf.c.obj
 .text._ntoa_long
                0x10001a0e       0xbc CMakeFiles/MPU6050_I2C.dir/C_/RaspPico/pico-sdk/src/rp2_common/pico_printf/printf.c.obj
 .text._ntoa_long_long
                0x10001aca      0x10e CMakeFiles/MPU6050_I2C.dir/C_/RaspPico/pico-sdk/src/rp2_common/pico_printf/printf.c.obj
 .text._etoa    0x10001bd8      0x420 CMakeFiles/MPU6050_I2C.dir/C_/RaspPico/pico-sdk/src/rp2_common/pico_printf/printf.c.obj
 .text._ftoa    0x10001ff8      0x354 CMakeFiles/MPU6050_I2C.dir/C_/RaspPico/pico-sdk/src/rp2_common/pico_printf/printf.c.obj
 .text._vsnprintf
                0x1000234c      0x65c CMakeFiles/MPU6050_I2C.dir/C_/RaspPico/pico-sdk/src/rp2_common/pico_printf/printf.c.obj
 .text.vfctprintf
                0x100029a8       0x20 CMakeFiles/MPU6050_I2C.dir/C_/RaspPico/pico-sdk/src/rp2_common/pico_printf/printf.c.obj
                0x100029a8                vfctprintf
 .text          0x100029c8       0x10 CMakeFiles/MPU6050_I2C.dir/C_/RaspPico/pico-sdk/src/rp2_common/pico_bit_ops/bit_ops_aeabi.S.obj
 .text.rom_func_lookup
                0x100029d8       0x10 CMakeFiles/MPU6050_I2C.dir/C_/RaspPico/pico-sdk/src/rp2_common/pico_bootrom/bootrom.c.obj
                0x100029d8                rom_func_lookup
 .text.rom_data_lookup
                0x100029e8       0x10 CMakeFiles/MPU6050_I2C.dir/C_/RaspPico/pico-sdk/src/rp2_common/pico_bootrom/bootrom.c.obj
                0x100029e8                rom_data_lookup
 .text.rom_funcs_lookup
                0x100029f8       0x36 CMakeFiles/MPU6050_I2C.dir/C_/RaspPico/pico-sdk/src/rp2_common/pico_bootrom/bootrom.c.obj
                0x100029f8                rom_funcs_lookup
 *fill*         0x10002a2e        0x2 
 .text.__wrap___aeabi_idiv
                0x10002a30       0x50 CMakeFiles/MPU6050_I2C.dir/C_/RaspPico/pico-sdk/src/rp2_common/pico_divider/divider.S.obj
                0x10002a30                __wrap___aeabi_idivmod
                0x10002a30                divmod_s32s32
                0x10002a30                div_s32s32
                0x10002a30                __wrap___aeabi_idiv
                0x10002a38                divmod_s32s32_unsafe
                0x10002a64                divmod_s32s32_savestate
 .text.__wrap___aeabi_uidiv
                0x10002a80       0x4c CMakeFiles/MPU6050_I2C.dir/C_/RaspPico/pico-sdk/src/rp2_common/pico_divider/divider.S.obj
                0x10002a80                __wrap___aeabi_uidiv
                0x10002a80                __wrap___aeabi_uidivmod
                0x10002a80                div_u32u32
                0x10002a80                divmod_u32u32
                0x10002a88                divmod_u32u32_unsafe
                0x10002ab0                divmod_u32u32_savestate
 .text.__wrap___aeabi_ldiv
                0x10002acc      0x434 CMakeFiles/MPU6050_I2C.dir/C_/RaspPico/pico-sdk/src/rp2_common/pico_divider/divider.S.obj
                0x10002acc                div_s64s64
                0x10002acc                divmod_s64s64
                0x10002acc                __wrap___aeabi_ldivmod
                0x10002b04                divmod_u64u64
                0x10002b04                div_u64u64
                0x10002b04                __wrap___aeabi_uldivmod
                0x10002b14                divmod_u64u64_savestate
                0x10002b3c                divmod_s64s64_unsafe
                0x10002bc4                divmod_u64u64_unsafe
 .text.__wrap___aeabi_darithmetic
                0x10002f00       0x80 CMakeFiles/MPU6050_I2C.dir/C_/RaspPico/pico-sdk/src/rp2_common/pico_double/double_aeabi.S.obj
                0x10002f00                __wrap___aeabi_drsub
                0x10002f06                __wrap___aeabi_dsub
                0x10002f18                __wrap___aeabi_dadd
                0x10002f2a                __wrap___aeabi_ddiv
                0x10002f66                __wrap___aeabi_dmul
 .text.__wrap___aeabi_cdcmple
                0x10002f80       0x6c CMakeFiles/MPU6050_I2C.dir/C_/RaspPico/pico-sdk/src/rp2_common/pico_double/double_aeabi.S.obj
                0x10002f80                __wrap___aeabi_cdrcmple
                0x10002f90                __wrap___aeabi_cdcmpeq
                0x10002f90                __wrap___aeabi_cdcmple
 .text.__wrap___aeabi_dcmplt
                0x10002fec        0xc CMakeFiles/MPU6050_I2C.dir/C_/RaspPico/pico-sdk/src/rp2_common/pico_double/double_aeabi.S.obj
                0x10002fec                __wrap___aeabi_dcmplt
 .text.__wrap___aeabi_dcmple
                0x10002ff8       0x10 CMakeFiles/MPU6050_I2C.dir/C_/RaspPico/pico-sdk/src/rp2_common/pico_double/double_aeabi.S.obj
                0x10002ff8                __wrap___aeabi_dcmple
 .text.__wrap___aeabi_dcmpge
                0x10003008       0x10 CMakeFiles/MPU6050_I2C.dir/C_/RaspPico/pico-sdk/src/rp2_common/pico_double/double_aeabi.S.obj
                0x10003008                __wrap___aeabi_dcmpge
 .text.__wrap___aeabi_dcmpgt
                0x10003018        0xa CMakeFiles/MPU6050_I2C.dir/C_/RaspPico/pico-sdk/src/rp2_common/pico_double/double_aeabi.S.obj
                0x10003018                __wrap___aeabi_dcmpgt
 .text.__wrap___aeabi_dcmpun
                0x10003022       0x1c CMakeFiles/MPU6050_I2C.dir/C_/RaspPico/pico-sdk/src/rp2_common/pico_double/double_aeabi.S.obj
                0x10003022                __wrap___aeabi_dcmpun
 *fill*         0x1000303e        0x2 
 .text.__wrap___aeabi_i2d
                0x10003040       0x38 CMakeFiles/MPU6050_I2C.dir/C_/RaspPico/pico-sdk/src/rp2_common/pico_double/double_aeabi.S.obj
                0x10003040                __wrap___aeabi_ui2d
                0x10003048                __wrap___aeabi_i2d
 .text.__wrap___aeabi_d2iz
                0x10003078       0x48 CMakeFiles/MPU6050_I2C.dir/C_/RaspPico/pico-sdk/src/rp2_common/pico_double/double_aeabi.S.obj
                0x10003078                double2int_z
                0x10003078                __wrap___aeabi_d2iz
 .text.__wrap___aeabi_d2uiz
                0x100030c0       0x18 CMakeFiles/MPU6050_I2C.dir/C_/RaspPico/pico-sdk/src/rp2_common/pico_double/double_aeabi.S.obj
                0x100030c0                __wrap___aeabi_d2uiz
                0x100030c0                double2uint
 .text.__aeabi_double_init
                0x100030d8       0xcc CMakeFiles/MPU6050_I2C.dir/C_/RaspPico/pico-sdk/src/rp2_common/pico_double/double_init_rom.c.obj
                0x100030d8                __aeabi_double_init
 .text.double_table_shim_on_use_helper
                0x100031a4       0x34 CMakeFiles/MPU6050_I2C.dir/C_/RaspPico/pico-sdk/src/rp2_common/pico_double/double_v1_rom_shim.S.obj
                0x100031a4                double_table_shim_on_use_helper
 .text.__wrap___aeabi_dsub
                0x100031d8       0x10 CMakeFiles/MPU6050_I2C.dir/C_/RaspPico/pico-sdk/src/rp2_common/pico_double/double_v1_rom_shim.S.obj
                0x100031d8                drsub_shim
                0x100031de                dsub_shim
 .text.dadd_shim
                0x100031e8      0x15c CMakeFiles/MPU6050_I2C.dir/C_/RaspPico/pico-sdk/src/rp2_common/pico_double/double_v1_rom_shim.S.obj
                0x100031e8                dadd_shim
 .text.dmul_shim
                0x10003344      0x15c CMakeFiles/MPU6050_I2C.dir/C_/RaspPico/pico-sdk/src/rp2_common/pico_double/double_v1_rom_shim.S.obj
                0x10003344                dmul_shim
 .text.ddiv_shim
                0x100034a0      0x1b0 CMakeFiles/MPU6050_I2C.dir/C_/RaspPico/pico-sdk/src/rp2_common/pico_double/double_v1_rom_shim.S.obj
                0x100034a0                ddiv_shim
 .text.double2uint_shim
                0x10003650        0xe CMakeFiles/MPU6050_I2C.dir/C_/RaspPico/pico-sdk/src/rp2_common/pico_double/double_v1_rom_shim.S.obj
                0x10003650                double2uint_shim
                0x10003652                double2ufix_shim
 *fill*         0x1000365e        0x2 
 .text.double2uint64_shim
                0x10003660       0x70 CMakeFiles/MPU6050_I2C.dir/C_/RaspPico/pico-sdk/src/rp2_common/pico_double/double_v1_rom_shim.S.obj
                0x10003660                double2uint64_shim
                0x10003662                double2ufix64_shim
                0x10003682                d2fix_a
 .text.dunpacks
                0x100036d0       0x3c CMakeFiles/MPU6050_I2C.dir/C_/RaspPico/pico-sdk/src/rp2_common/pico_double/double_v1_rom_shim.S.obj
                0x100036d0                dunpacks
 .text.__aeabi_float_init
                0x1000370c       0xfc CMakeFiles/MPU6050_I2C.dir/C_/RaspPico/pico-sdk/src/rp2_common/pico_float/float_init_rom.c.obj
                0x1000370c                __aeabi_float_init
 .text.float_table_shim_on_use_helper
                0x10003808       0x34 CMakeFiles/MPU6050_I2C.dir/C_/RaspPico/pico-sdk/src/rp2_common/pico_float/float_v1_rom_shim.S.obj
                0x10003808                float_table_shim_on_use_helper
 .text          0x1000383c       0x10 CMakeFiles/MPU6050_I2C.dir/C_/RaspPico/pico-sdk/src/rp2_common/pico_mem_ops/mem_ops_aeabi.S.obj
                0x1000383c                __aeabi_mem_init
 .text.memset   0x1000384c        0xc CMakeFiles/MPU6050_I2C.dir/C_/RaspPico/pico-sdk/src/rp2_common/pico_mem_ops/mem_ops_aeabi.S.obj
                0x1000384c                __wrap_memset
 .text.memcpy   0x10003858        0xc CMakeFiles/MPU6050_I2C.dir/C_/RaspPico/pico-sdk/src/rp2_common/pico_mem_ops/mem_ops_aeabi.S.obj
                0x10003858                __wrap_memcpy
                0x10003858                __wrap___aeabi_memcpy
 .text.stdio_out_chars_no_crlf
                0x10003864        0xe CMakeFiles/MPU6050_I2C.dir/C_/RaspPico/pico-sdk/src/rp2_common/pico_stdio/stdio.c.obj
 *fill*         0x10003872        0x2 
 .text.stdio_out_chars_crlf
                0x10003874       0x80 CMakeFiles/MPU6050_I2C.dir/C_/RaspPico/pico-sdk/src/rp2_common/pico_stdio/stdio.c.obj
 .text.stdio_stack_buffer_flush
                0x100038f4       0x44 CMakeFiles/MPU6050_I2C.dir/C_/RaspPico/pico-sdk/src/rp2_common/pico_stdio/stdio.c.obj
 .text.stdio_buffered_printer
                0x10003938       0x20 CMakeFiles/MPU6050_I2C.dir/C_/RaspPico/pico-sdk/src/rp2_common/pico_stdio/stdio.c.obj
 .text.stdout_serialize_begin
                0x10003958       0x30 CMakeFiles/MPU6050_I2C.dir/C_/RaspPico/pico-sdk/src/rp2_common/pico_stdio/stdio.c.obj
                0x10003958                stdout_serialize_begin
 .text.stdout_serialize_end
                0x10003988       0x10 CMakeFiles/MPU6050_I2C.dir/C_/RaspPico/pico-sdk/src/rp2_common/pico_stdio/stdio.c.obj
                0x10003988                stdout_serialize_end
 .text.stdio_put_string
                0x10003998       0x98 CMakeFiles/MPU6050_I2C.dir/C_/RaspPico/pico-sdk/src/rp2_common/pico_stdio/stdio.c.obj
 .text.stdio_flush
                0x10003a30       0x20 CMakeFiles/MPU6050_I2C.dir/C_/RaspPico/pico-sdk/src/rp2_common/pico_stdio/stdio.c.obj
                0x10003a30                stdio_flush
 .text.__wrap_puts
                0x10003a50       0x1e CMakeFiles/MPU6050_I2C.dir/C_/RaspPico/pico-sdk/src/rp2_common/pico_stdio/stdio.c.obj
                0x10003a50                __wrap_puts
 *fill*         0x10003a6e        0x2 
 .text.__wrap_vprintf
                0x10003a70       0x44 CMakeFiles/MPU6050_I2C.dir/C_/RaspPico/pico-sdk/src/rp2_common/pico_stdio/stdio.c.obj
                0x10003a70                __wrap_vprintf
 .text.__wrap_printf
                0x10003ab4       0x18 CMakeFiles/MPU6050_I2C.dir/C_/RaspPico/pico-sdk/src/rp2_common/pico_stdio/stdio.c.obj
                0x10003ab4                __wrap_printf
 .text.strlen   0x10003acc       0x5c d:/program file x86/12.2 mpacbti-bet1/bin/../lib/gcc/arm-none-eabi/12.2.0/thumb/v6-m/nofp\libg.a(libc_a-strlen-stub.o)
                0x10003acc                strlen
 *(.fini)
 .fini          0x10003b28        0x4 d:/program file x86/12.2 mpacbti-bet1/bin/../lib/gcc/arm-none-eabi/12.2.0/thumb/v6-m/nofp/crti.o
                0x10003b28                _fini
 *fill*         0x10003b2c        0x4 
 .fini.__stub   0x10003b30       0x50 linker stubs
 *crtbegin.o(.ctors)
 *crtbegin?.o(.ctors)
 *(EXCLUDE_FILE(*crtend.o *crtend?.o) .ctors)
 *(SORT_BY_NAME(.ctors.*))
 *(.ctors)
 *crtbegin.o(.dtors)
 *crtbegin?.o(.dtors)
 *(EXCLUDE_FILE(*crtend.o *crtend?.o) .dtors)
 *(SORT_BY_NAME(.dtors.*))
 *(.dtors)
 *(.eh_frame*)
 .eh_frame      0x10003b80        0x0 d:/program file x86/12.2 mpacbti-bet1/bin/../lib/gcc/arm-none-eabi/12.2.0/thumb/v6-m/nofp/crtbegin.o
                0x10003b80                        . = ALIGN (0x4)

.glue_7         0x10003b80        0x0
 .glue_7        0x10003b80        0x0 linker stubs

.glue_7t        0x10003b80        0x0
 .glue_7t       0x10003b80        0x0 linker stubs

.vfp11_veneer   0x10003b80        0x0
 .vfp11_veneer  0x10003b80        0x0 linker stubs

.v4_bx          0x10003b80        0x0
 .v4_bx         0x10003b80        0x0 linker stubs

.iplt           0x10003b80        0x0
 .iplt          0x10003b80        0x0 d:/program file x86/12.2 mpacbti-bet1/bin/../lib/gcc/arm-none-eabi/12.2.0/thumb/v6-m/nofp/crtbegin.o

.rodata         0x10003b80      0xcd8
 *(EXCLUDE_FILE(*libm.a: *libc.a:*lib_a-mem*.o *libgcc.a:) .rodata*)
 .rodata.__bi_57.0
                0x10003b80        0x8 CMakeFiles/MPU6050_I2C.dir/MPU6050_I2C.c.obj
 .rodata.resolve_branch.str1.4
                0x10003b88       0x4f CMakeFiles/MPU6050_I2C.dir/C_/RaspPico/pico-sdk/src/rp2_common/hardware_irq/irq.c.obj
 *fill*         0x10003bd7        0x1 
 .rodata.make_branch.str1.4
                0x10003bd8       0x30 CMakeFiles/MPU6050_I2C.dir/C_/RaspPico/pico-sdk/src/rp2_common/hardware_irq/irq.c.obj
 .rodata.insert_branch_and_link.str1.4
                0x10003c08       0x10 CMakeFiles/MPU6050_I2C.dir/C_/RaspPico/pico-sdk/src/rp2_common/hardware_irq/irq.c.obj
 .rodata.irq_set_exclusive_handler.str1.4
                0x10003c18       0x36 CMakeFiles/MPU6050_I2C.dir/C_/RaspPico/pico-sdk/src/rp2_common/hardware_irq/irq.c.obj
 *fill*         0x10003c4e        0x2 
 .rodata.irq_remove_handler.str1.4
                0x10003c50       0x2a CMakeFiles/MPU6050_I2C.dir/C_/RaspPico/pico-sdk/src/rp2_common/hardware_irq/irq.c.obj
 *fill*         0x10003c7a        0x2 
 .rodata.irq_add_tail_to_free_list.str1.4
                0x10003c7c       0x3a CMakeFiles/MPU6050_I2C.dir/C_/RaspPico/pico-sdk/src/rp2_common/hardware_irq/irq.c.obj
 *fill*         0x10003cb6        0x2 
 .rodata.__func__.0
                0x10003cb8       0x1a CMakeFiles/MPU6050_I2C.dir/C_/RaspPico/pico-sdk/src/rp2_common/hardware_irq/irq.c.obj
 *fill*         0x10003cd2        0x2 
 .rodata.__func__.1
                0x10003cd4       0x17 CMakeFiles/MPU6050_I2C.dir/C_/RaspPico/pico-sdk/src/rp2_common/hardware_irq/irq.c.obj
 *fill*         0x10003ceb        0x1 
 .rodata.__func__.2
                0x10003cec       0x13 CMakeFiles/MPU6050_I2C.dir/C_/RaspPico/pico-sdk/src/rp2_common/hardware_irq/irq.c.obj
 *fill*         0x10003cff        0x1 
 .rodata.__func__.3
                0x10003d00        0xc CMakeFiles/MPU6050_I2C.dir/C_/RaspPico/pico-sdk/src/rp2_common/hardware_irq/irq.c.obj
 .rodata.__func__.4
                0x10003d0c        0xf CMakeFiles/MPU6050_I2C.dir/C_/RaspPico/pico-sdk/src/rp2_common/hardware_irq/irq.c.obj
 *fill*         0x10003d1b        0x1 
 .rodata.__func__.6
                0x10003d1c       0x1a CMakeFiles/MPU6050_I2C.dir/C_/RaspPico/pico-sdk/src/rp2_common/hardware_irq/irq.c.obj
 *fill*         0x10003d36        0x2 
 .rodata.get_entry.str1.4
                0x10003d38       0x55 CMakeFiles/MPU6050_I2C.dir/C_/RaspPico/pico-sdk/src/common/pico_time/time.c.obj
 *fill*         0x10003d8d        0x3 
 .rodata.update_us_since_boot.str1.4
                0x10003d90       0x5b CMakeFiles/MPU6050_I2C.dir/C_/RaspPico/pico-sdk/src/common/pico_time/time.c.obj
 *fill*         0x10003deb        0x1 
 .rodata.ph_get_node.str1.4
                0x10003dec       0x60 CMakeFiles/MPU6050_I2C.dir/C_/RaspPico/pico-sdk/src/common/pico_time/time.c.obj
 .rodata.ph_add_child_node.str1.4
                0x10003e4c       0x2e CMakeFiles/MPU6050_I2C.dir/C_/RaspPico/pico-sdk/src/common/pico_time/time.c.obj
 *fill*         0x10003e7a        0x2 
 .rodata.ph_insert_node.str1.4
                0x10003e7c        0x3 CMakeFiles/MPU6050_I2C.dir/C_/RaspPico/pico-sdk/src/common/pico_time/time.c.obj
 *fill*         0x10003e7f        0x1 
 .rodata.ph_free_node.str1.4
                0x10003e80       0x22 CMakeFiles/MPU6050_I2C.dir/C_/RaspPico/pico-sdk/src/common/pico_time/time.c.obj
 *fill*         0x10003ea2        0x2 
 .rodata.add_alarm_under_lock.str1.4
                0x10003ea4       0x28 CMakeFiles/MPU6050_I2C.dir/C_/RaspPico/pico-sdk/src/common/pico_time/time.c.obj
 .rodata.alarm_pool_alarm_callback.str1.4
                0x10003ecc       0x60 CMakeFiles/MPU6050_I2C.dir/C_/RaspPico/pico-sdk/src/common/pico_time/time.c.obj
 .rodata.__func__.4
                0x10003f2c       0x12 CMakeFiles/MPU6050_I2C.dir/C_/RaspPico/pico-sdk/src/common/pico_time/time.c.obj
 *fill*         0x10003f3e        0x2 
 .rodata.__func__.5
                0x10003f40        0xd CMakeFiles/MPU6050_I2C.dir/C_/RaspPico/pico-sdk/src/common/pico_time/time.c.obj
 *fill*         0x10003f4d        0x3 
 .rodata.__func__.6
                0x10003f50       0x12 CMakeFiles/MPU6050_I2C.dir/C_/RaspPico/pico-sdk/src/common/pico_time/time.c.obj
 *fill*         0x10003f62        0x2 
 .rodata.__func__.7
                0x10003f64        0xf CMakeFiles/MPU6050_I2C.dir/C_/RaspPico/pico-sdk/src/common/pico_time/time.c.obj
 *fill*         0x10003f73        0x1 
 .rodata.__func__.8
                0x10003f74        0xc CMakeFiles/MPU6050_I2C.dir/C_/RaspPico/pico-sdk/src/common/pico_time/time.c.obj
 .rodata.__func__.9
                0x10003f80       0x15 CMakeFiles/MPU6050_I2C.dir/C_/RaspPico/pico-sdk/src/common/pico_time/time.c.obj
 *fill*         0x10003f95        0x3 
 .rodata.__func__.10
                0x10003f98       0x15 CMakeFiles/MPU6050_I2C.dir/C_/RaspPico/pico-sdk/src/common/pico_time/time.c.obj
 *fill*         0x10003fad        0x3 
 .rodata.__func__.11
                0x10003fb0       0x1a CMakeFiles/MPU6050_I2C.dir/C_/RaspPico/pico-sdk/src/common/pico_time/time.c.obj
 *fill*         0x10003fca        0x2 
 .rodata.__func__.12
                0x10003fcc        0xa CMakeFiles/MPU6050_I2C.dir/C_/RaspPico/pico-sdk/src/common/pico_time/time.c.obj
 *fill*         0x10003fd6        0x2 
 .rodata.hardware_alarm_claim.str1.4
                0x10003fd8       0x22 CMakeFiles/MPU6050_I2C.dir/C_/RaspPico/pico-sdk/src/rp2_common/hardware_timer/timer.c.obj
 *fill*         0x10003ffa        0x2 
 .rodata.hardware_alarm_set_target.str1.4
                0x10003ffc       0x5f CMakeFiles/MPU6050_I2C.dir/C_/RaspPico/pico-sdk/src/rp2_common/hardware_timer/timer.c.obj
 *fill*         0x1000405b        0x1 
 .rodata.__func__.0
                0x1000405c       0x1a CMakeFiles/MPU6050_I2C.dir/C_/RaspPico/pico-sdk/src/rp2_common/hardware_timer/timer.c.obj
 .rodata.ph_get_node.str1.4
                0x10004076       0x60 CMakeFiles/MPU6050_I2C.dir/C_/RaspPico/pico-sdk/src/common/pico_util/pheap.c.obj
 .rodata.ph_add_child_node.str1.4
                0x10004076       0x2e CMakeFiles/MPU6050_I2C.dir/C_/RaspPico/pico-sdk/src/common/pico_util/pheap.c.obj
 *fill*         0x10004076        0x2 
 .rodata.ph_remove_any_head.str1.4
                0x10004078       0x88 CMakeFiles/MPU6050_I2C.dir/C_/RaspPico/pico-sdk/src/common/pico_util/pheap.c.obj
 .rodata.ph_remove_and_free_node.str1.4
                0x10004100       0x1e CMakeFiles/MPU6050_I2C.dir/C_/RaspPico/pico-sdk/src/common/pico_util/pheap.c.obj
                                 0x26 (size before relaxing)
 *fill*         0x1000411e        0x2 
 .rodata.__func__.0
                0x10004120       0x18 CMakeFiles/MPU6050_I2C.dir/C_/RaspPico/pico-sdk/src/common/pico_util/pheap.c.obj
 .rodata.__func__.1
                0x10004138       0x13 CMakeFiles/MPU6050_I2C.dir/C_/RaspPico/pico-sdk/src/common/pico_util/pheap.c.obj
 *fill*         0x1000414b        0x1 
 .rodata.__func__.2
                0x1000414c       0x12 CMakeFiles/MPU6050_I2C.dir/C_/RaspPico/pico-sdk/src/common/pico_util/pheap.c.obj
 *fill*         0x1000415e        0x2 
 .rodata.__func__.3
                0x10004160        0xc CMakeFiles/MPU6050_I2C.dir/C_/RaspPico/pico-sdk/src/common/pico_util/pheap.c.obj
 .rodata.str1.4
                0x1000416c       0x85 CMakeFiles/MPU6050_I2C.dir/C_/RaspPico/pico-sdk/src/common/pico_sync/mutex.c.obj
 *fill*         0x100041f1        0x3 
 .rodata.__func__.1
                0x100041f4        0xb CMakeFiles/MPU6050_I2C.dir/C_/RaspPico/pico-sdk/src/common/pico_sync/mutex.c.obj
 *fill*         0x100041ff        0x1 
 .rodata.__assert_func.str1.4
                0x10004200       0x3f CMakeFiles/MPU6050_I2C.dir/C_/RaspPico/pico-sdk/src/rp2_common/pico_runtime/runtime.c.obj
                                 0x43 (size before relaxing)
 *fill*         0x1000423f        0x1 
 .rodata.runtime_init.str1.4
                0x10004240       0x5b CMakeFiles/MPU6050_I2C.dir/C_/RaspPico/pico-sdk/src/rp2_common/pico_runtime/runtime.c.obj
 *fill*         0x1000429b        0x1 
 .rodata.panic.str1.4
                0x1000429c       0x12 CMakeFiles/MPU6050_I2C.dir/C_/RaspPico/pico-sdk/src/rp2_common/pico_runtime/runtime.c.obj
 *fill*         0x100042ae        0x2 
 .rodata.__func__.1
                0x100042b0        0xd CMakeFiles/MPU6050_I2C.dir/C_/RaspPico/pico-sdk/src/rp2_common/pico_runtime/runtime.c.obj
 *fill*         0x100042bd        0x3 
 .rodata.clock_configure.str1.4
                0x100042c0       0x51 CMakeFiles/MPU6050_I2C.dir/C_/RaspPico/pico-sdk/src/rp2_common/hardware_clocks/clocks.c.obj
 *fill*         0x10004311        0x3 
 .rodata.__func__.1
                0x10004314       0x10 CMakeFiles/MPU6050_I2C.dir/C_/RaspPico/pico-sdk/src/rp2_common/hardware_clocks/clocks.c.obj
 .rodata.pll_init.str1.4
                0x10004324      0x133 CMakeFiles/MPU6050_I2C.dir/C_/RaspPico/pico-sdk/src/rp2_common/hardware_pll/pll.c.obj
 *fill*         0x10004457        0x1 
 .rodata.__func__.0
                0x10004458        0x9 CMakeFiles/MPU6050_I2C.dir/C_/RaspPico/pico-sdk/src/rp2_common/hardware_pll/pll.c.obj
 *fill*         0x10004461        0x3 
 .rodata._ftoa.str1.4
                0x10004464       0x15 CMakeFiles/MPU6050_I2C.dir/C_/RaspPico/pico-sdk/src/rp2_common/pico_printf/printf.c.obj
 *fill*         0x10004479        0x3 
 .rodata._vsnprintf
                0x1000447c      0x19c CMakeFiles/MPU6050_I2C.dir/C_/RaspPico/pico-sdk/src/rp2_common/pico_printf/printf.c.obj
 .rodata.pow10.0
                0x10004618       0x50 CMakeFiles/MPU6050_I2C.dir/C_/RaspPico/pico-sdk/src/rp2_common/pico_printf/printf.c.obj
 .rodata.__aeabi_double_init.str1.4
                0x10004668       0xa2 CMakeFiles/MPU6050_I2C.dir/C_/RaspPico/pico-sdk/src/rp2_common/pico_double/double_init_rom.c.obj
 *fill*         0x1000470a        0x2 
 .rodata.__func__.0
                0x1000470c       0x14 CMakeFiles/MPU6050_I2C.dir/C_/RaspPico/pico-sdk/src/rp2_common/pico_double/double_init_rom.c.obj
 .rodata.__aeabi_float_init.str1.4
                0x10004720       0x74 CMakeFiles/MPU6050_I2C.dir/C_/RaspPico/pico-sdk/src/rp2_common/pico_float/float_init_rom.c.obj
                                 0x78 (size before relaxing)
 .rodata.__func__.0
                0x10004794       0x13 CMakeFiles/MPU6050_I2C.dir/C_/RaspPico/pico-sdk/src/rp2_common/pico_float/float_init_rom.c.obj
 *fill*         0x100047a7        0x1 
 .rodata.str1.4
                0x100047a8       0x7c CMakeFiles/MPU6050_I2C.dir/C_/RaspPico/pico-sdk/src/rp2_common/pico_standard_link/binary_info.c.obj
 .rodata.__bi_81
                0x10004824        0xc CMakeFiles/MPU6050_I2C.dir/C_/RaspPico/pico-sdk/src/rp2_common/pico_standard_link/binary_info.c.obj
 .rodata.__bi_75
                0x10004830        0xc CMakeFiles/MPU6050_I2C.dir/C_/RaspPico/pico-sdk/src/rp2_common/pico_standard_link/binary_info.c.obj
 .rodata.__bi_69
                0x1000483c        0xc CMakeFiles/MPU6050_I2C.dir/C_/RaspPico/pico-sdk/src/rp2_common/pico_standard_link/binary_info.c.obj
 .rodata.__bi_44
                0x10004848        0xc CMakeFiles/MPU6050_I2C.dir/C_/RaspPico/pico-sdk/src/rp2_common/pico_standard_link/binary_info.c.obj
 .rodata.crlf_str.3
                0x10004854        0x2 CMakeFiles/MPU6050_I2C.dir/C_/RaspPico/pico-sdk/src/rp2_common/pico_stdio/stdio.c.obj
                0x10004858                        . = ALIGN (0x4)
 *fill*         0x10004856        0x2 
 *(SORT_BY_ALIGNMENT(SORT_BY_NAME(.flashdata*)))
                0x10004858                        . = ALIGN (0x4)

.rel.dyn        0x10004858        0x0
 .rel.iplt      0x10004858        0x0 d:/program file x86/12.2 mpacbti-bet1/bin/../lib/gcc/arm-none-eabi/12.2.0/thumb/v6-m/nofp/crtbegin.o

.ARM.extab
 *(.ARM.extab* .gnu.linkonce.armextab.*)
                0x10004858                        __exidx_start = .

.ARM.exidx
 *(.ARM.exidx* .gnu.linkonce.armexidx.*)
                0x10004858                        __exidx_end = .
                0x10004858                        . = ALIGN (0x4)
                0x10004858                        __binary_info_start = .

.binary_info    0x10004858       0x24
 *(.binary_info.keep.*)
 .binary_info.keep.__bi_ptr57
                0x10004858        0x4 CMakeFiles/MPU6050_I2C.dir/MPU6050_I2C.c.obj
 .binary_info.keep.__bi_ptr81
                0x1000485c        0x4 CMakeFiles/MPU6050_I2C.dir/C_/RaspPico/pico-sdk/src/rp2_common/pico_standard_link/binary_info.c.obj
 .binary_info.keep.__bi_ptr75
                0x10004860        0x4 CMakeFiles/MPU6050_I2C.dir/C_/RaspPico/pico-sdk/src/rp2_common/pico_standard_link/binary_info.c.obj
 .binary_info.keep.__bi_ptr69
                0x10004864        0x4 CMakeFiles/MPU6050_I2C.dir/C_/RaspPico/pico-sdk/src/rp2_common/pico_standard_link/binary_info.c.obj
 .binary_info.keep.__bi_ptr50
                0x10004868        0x4 CMakeFiles/MPU6050_I2C.dir/C_/RaspPico/pico-sdk/src/rp2_common/pico_standard_link/binary_info.c.obj
 .binary_info.keep.__bi_ptr44
                0x1000486c        0x4 CMakeFiles/MPU6050_I2C.dir/C_/RaspPico/pico-sdk/src/rp2_common/pico_standard_link/binary_info.c.obj
 .binary_info.keep.__bi_ptr38
                0x10004870        0x4 CMakeFiles/MPU6050_I2C.dir/C_/RaspPico/pico-sdk/src/rp2_common/pico_standard_link/binary_info.c.obj
 .binary_info.keep.__bi_ptr30
                0x10004874        0x4 CMakeFiles/MPU6050_I2C.dir/C_/RaspPico/pico-sdk/src/rp2_common/pico_standard_link/binary_info.c.obj
 .binary_info.keep.__bi_ptr22
                0x10004878        0x4 CMakeFiles/MPU6050_I2C.dir/C_/RaspPico/pico-sdk/src/rp2_common/pico_standard_link/binary_info.c.obj
 *(.binary_info.*)
                0x1000487c                        __binary_info_end = .
                0x1000487c                        . = ALIGN (0x4)
                0x1000487c                        __etext = .

.ram_vector_table
                0x20000000       0xc0
 *(.ram_vector_table)
 .ram_vector_table
                0x20000000       0xc0 CMakeFiles/MPU6050_I2C.dir/C_/RaspPico/pico-sdk/src/rp2_common/pico_runtime/runtime.c.obj
                0x20000000                ram_vector_table

.data           0x200000c0      0x1ac load address 0x1000487c
                0x200000c0                        __data_start__ = .
 *(vtable)
 *(.time_critical*)
 .time_critical.mutex_enter_blocking
                0x200000c0       0x48 CMakeFiles/MPU6050_I2C.dir/C_/RaspPico/pico-sdk/src/common/pico_sync/mutex.c.obj
                0x200000c0                mutex_enter_blocking
 .time_critical.mutex_try_enter
                0x20000108       0x46 CMakeFiles/MPU6050_I2C.dir/C_/RaspPico/pico-sdk/src/common/pico_sync/mutex.c.obj
                0x20000108                mutex_try_enter
 *fill*         0x2000014e        0x2 
 .time_critical.mutex_exit
                0x20000150       0x4c CMakeFiles/MPU6050_I2C.dir/C_/RaspPico/pico-sdk/src/common/pico_sync/mutex.c.obj
                0x20000150                mutex_exit
 *(.text*)
 .text          0x2000019c        0x4 d:/program file x86/12.2 mpacbti-bet1/bin/../lib/gcc/arm-none-eabi/12.2.0/thumb/v6-m/nofp\libgcc.a(_dvmd_tls.o)
                0x2000019c                __aeabi_idiv0
                0x2000019c                __aeabi_ldiv0
 .text.__stub   0x200001a0       0x10 linker stubs
                0x200001b0                        . = ALIGN (0x4)
 *(.rodata*)
                0x200001b0                        . = ALIGN (0x4)
 *(.data*)
 .data.striped_spin_lock_num
                0x200001b0        0x1 CMakeFiles/MPU6050_I2C.dir/C_/RaspPico/pico-sdk/src/rp2_common/hardware_sync/sync.c.obj
 *fill*         0x200001b1        0x3 
 .data          0x200001b4       0x48 CMakeFiles/MPU6050_I2C.dir/C_/RaspPico/pico-sdk/src/rp2_common/hardware_irq/irq_handler_chain.S.obj
                0x200001b4                irq_handler_chain_slots
                0x200001e4                irq_handler_chain_first_slot
                0x200001ee                irq_handler_chain_remove_tail
 .data.default_alarm_pool
                0x200001fc       0x18 CMakeFiles/MPU6050_I2C.dir/C_/RaspPico/pico-sdk/src/common/pico_time/time.c.obj
 .data.default_alarm_pool_heap
                0x20000214       0x10 CMakeFiles/MPU6050_I2C.dir/C_/RaspPico/pico-sdk/src/common/pico_time/time.c.obj
 *fill*         0x20000224        0xc 
 .data.aeabi_bits_funcs
                0x20000230       0x10 CMakeFiles/MPU6050_I2C.dir/C_/RaspPico/pico-sdk/src/rp2_common/pico_bit_ops/bit_ops_aeabi.S.obj
                0x20000230                aeabi_bits_funcs
                0x20000240                aeabi_bits_funcs_end
 .data.aeabi_mem_funcs
                0x20000240       0x10 CMakeFiles/MPU6050_I2C.dir/C_/RaspPico/pico-sdk/src/rp2_common/pico_mem_ops/mem_ops_aeabi.S.obj
                0x20000240                aeabi_mem_funcs
                0x20000250                aeabi_mem_funcs_end
                0x20000250                        . = ALIGN (0x4)
 *(.after_data.*)
                0x20000250                        . = ALIGN (0x4)
                0x20000250                        PROVIDE (__mutex_array_start = .)
 *(SORT_BY_NAME(.mutex_array.*))
 *(.mutex_array)
 .mutex_array   0x20000250        0x8 CMakeFiles/MPU6050_I2C.dir/C_/RaspPico/pico-sdk/src/rp2_common/pico_stdio/stdio.c.obj
                0x20000258                        PROVIDE (__mutex_array_end = .)
                0x20000258                        . = ALIGN (0x4)
                0x20000258                        PROVIDE (__preinit_array_start = .)
 *(SORT_BY_NAME(.preinit_array.*))
 .preinit_array.00001
                0x20000258        0x4 CMakeFiles/MPU6050_I2C.dir/C_/RaspPico/pico-sdk/src/rp2_common/pico_mem_ops/mem_ops_aeabi.S.obj
 .preinit_array.00010
                0x2000025c        0x4 CMakeFiles/MPU6050_I2C.dir/C_/RaspPico/pico-sdk/src/rp2_common/pico_bit_ops/bit_ops_aeabi.S.obj
 .preinit_array.00020
                0x20000260        0x4 CMakeFiles/MPU6050_I2C.dir/C_/RaspPico/pico-sdk/src/rp2_common/pico_double/double_aeabi.S.obj
 .preinit_array.00020
                0x20000264        0x4 CMakeFiles/MPU6050_I2C.dir/C_/RaspPico/pico-sdk/src/rp2_common/pico_float/float_aeabi.S.obj
 *(.preinit_array)
                0x20000268                        PROVIDE (__preinit_array_end = .)
                0x20000268                        . = ALIGN (0x4)
                0x20000268                        PROVIDE (__init_array_start = .)
 *(SORT_BY_NAME(.init_array.*))
 *(.init_array)
 .init_array    0x20000268        0x4 d:/program file x86/12.2 mpacbti-bet1/bin/../lib/gcc/arm-none-eabi/12.2.0/thumb/v6-m/nofp/crtbegin.o
                0x2000026c                        PROVIDE (__init_array_end = .)
                0x2000026c                        . = ALIGN (0x4)
                [!provide]                        PROVIDE (__fini_array_start = .)
 *(SORT_BY_NAME(.fini_array.*))
 *(.fini_array)
                [!provide]                        PROVIDE (__fini_array_end = .)
 *(.jcr)
                0x2000026c                        . = ALIGN (0x4)
                0x2000026c                        __data_end__ = .

.tm_clone_table
                0x2000026c        0x0 load address 0x10004a28
 .tm_clone_table
                0x2000026c        0x0 d:/program file x86/12.2 mpacbti-bet1/bin/../lib/gcc/arm-none-eabi/12.2.0/thumb/v6-m/nofp/crtbegin.o
 .tm_clone_table
                0x2000026c        0x0 d:/program file x86/12.2 mpacbti-bet1/bin/../lib/gcc/arm-none-eabi/12.2.0/thumb/v6-m/nofp/crtend.o

.igot.plt       0x2000026c        0x0 load address 0x10004a28
 .igot.plt      0x2000026c        0x0 d:/program file x86/12.2 mpacbti-bet1/bin/../lib/gcc/arm-none-eabi/12.2.0/thumb/v6-m/nofp/crtbegin.o

.uninitialized_data
                0x2000026c        0x0 load address 0x10004a28
                0x2000026c                        . = ALIGN (0x4)
 *(.uninitialized_data*)

.scratch_x      0x20040000        0x0 load address 0x10004a28
                0x20040000                        __scratch_x_start__ = .
 *(.scratch_x.*)
                0x20040000                        . = ALIGN (0x4)
                0x20040000                        __scratch_x_end__ = .
                0x10004a28                        __scratch_x_source__ = LOADADDR (.scratch_x)

.scratch_y      0x20041000        0x0 load address 0x10004a28
                0x20041000                        __scratch_y_start__ = .
 *(.scratch_y.*)
                0x20041000                        . = ALIGN (0x4)
                0x20041000                        __scratch_y_end__ = .
                0x10004a28                        __scratch_y_source__ = LOADADDR (.scratch_y)

.bss            0x20000270      0x3c4
                0x20000270                        . = ALIGN (0x4)
                0x20000270                        __bss_start__ = .
 *(SORT_BY_ALIGNMENT(SORT_BY_NAME(.bss*)))
 .bss.default_alarm_pool_entries
                0x20000270      0x100 CMakeFiles/MPU6050_I2C.dir/C_/RaspPico/pico-sdk/src/common/pico_time/time.c.obj
 .bss.alarm_callbacks
                0x20000370       0x10 CMakeFiles/MPU6050_I2C.dir/C_/RaspPico/pico-sdk/src/rp2_common/hardware_timer/timer.c.obj
 .bss.configured_freq
                0x20000380       0x28 CMakeFiles/MPU6050_I2C.dir/C_/RaspPico/pico-sdk/src/rp2_common/hardware_clocks/clocks.c.obj
 .bss.default_alarm_pool_entry_ids_high
                0x200003a8       0x10 CMakeFiles/MPU6050_I2C.dir/C_/RaspPico/pico-sdk/src/common/pico_time/time.c.obj
 .bss.default_alarm_pool_heap_nodes
                0x200003b8       0x30 CMakeFiles/MPU6050_I2C.dir/C_/RaspPico/pico-sdk/src/common/pico_time/time.c.obj
 .bss.drivers   0x200003e8        0x4 CMakeFiles/MPU6050_I2C.dir/C_/RaspPico/pico-sdk/src/rp2_common/pico_stdio/stdio.c.obj
 .bss.filter    0x200003ec        0x4 CMakeFiles/MPU6050_I2C.dir/C_/RaspPico/pico-sdk/src/rp2_common/pico_stdio/stdio.c.obj
 .bss.object.0  0x200003f0       0x18 d:/program file x86/12.2 mpacbti-bet1/bin/../lib/gcc/arm-none-eabi/12.2.0/thumb/v6-m/nofp/crtbegin.o
 .bss.pools     0x20000408       0x10 CMakeFiles/MPU6050_I2C.dir/C_/RaspPico/pico-sdk/src/common/pico_time/time.c.obj
 .bss.sd_table  0x20000418      0x100 CMakeFiles/MPU6050_I2C.dir/C_/RaspPico/pico-sdk/src/rp2_common/pico_double/double_init_rom.c.obj
                0x20000418                sd_table
 .bss.sf_clz_func
                0x20000518        0x4 CMakeFiles/MPU6050_I2C.dir/C_/RaspPico/pico-sdk/src/rp2_common/pico_double/double_init_rom.c.obj
                0x20000518                sf_clz_func
 .bss.sf_table  0x2000051c      0x100 CMakeFiles/MPU6050_I2C.dir/C_/RaspPico/pico-sdk/src/rp2_common/pico_float/float_init_rom.c.obj
                0x2000051c                sf_table
 .bss.sleep_notifier
                0x2000061c        0x4 CMakeFiles/MPU6050_I2C.dir/C_/RaspPico/pico-sdk/src/common/pico_time/time.c.obj
 .bss.target_hi
                0x20000620       0x10 CMakeFiles/MPU6050_I2C.dir/C_/RaspPico/pico-sdk/src/rp2_common/hardware_timer/timer.c.obj
 .bss.claimed   0x20000630        0x1 CMakeFiles/MPU6050_I2C.dir/C_/RaspPico/pico-sdk/src/rp2_common/hardware_timer/timer.c.obj
 .bss.irq_hander_chain_free_slot_head
                0x20000631        0x1 CMakeFiles/MPU6050_I2C.dir/C_/RaspPico/pico-sdk/src/rp2_common/hardware_irq/irq.c.obj
 .bss.timer_callbacks_pending
                0x20000632        0x1 CMakeFiles/MPU6050_I2C.dir/C_/RaspPico/pico-sdk/src/rp2_common/hardware_timer/timer.c.obj
 *(COMMON)
                0x20000634                        . = ALIGN (0x4)
 *fill*         0x20000633        0x1 
                0x20000634                        __bss_end__ = .

.heap           0x20000634      0x800
                0x20000634                        __end__ = .
                0x20000634                        end = __end__
 *(.heap*)
 .heap          0x20000634      0x800 CMakeFiles/MPU6050_I2C.dir/C_/RaspPico/pico-sdk/src/rp2_common/pico_standard_link/crt0.S.obj
                0x20000e34                        __HeapLimit = .

.stack1_dummy
 *(.stack1*)

.stack_dummy    0x20041000      0x800
 *(.stack*)
 .stack         0x20041000      0x800 CMakeFiles/MPU6050_I2C.dir/C_/RaspPico/pico-sdk/src/rp2_common/pico_standard_link/crt0.S.obj

.flash_end      0x10004a28        0x0
                0x10004a28                        __flash_binary_end = .
                0x20040000                        __StackLimit = (ORIGIN (RAM) + LENGTH (RAM))
                0x20041000                        __StackOneTop = (ORIGIN (SCRATCH_X) + LENGTH (SCRATCH_X))
                0x20042000                        __StackTop = (ORIGIN (SCRATCH_Y) + LENGTH (SCRATCH_Y))
                0x20041000                        __StackOneBottom = (__StackOneTop - SIZEOF (.stack1_dummy))
                0x20041800                        __StackBottom = (__StackTop - SIZEOF (.stack_dummy))
                0x20042000                        PROVIDE (__stack = __StackTop)
                0x00000001                        ASSERT ((__StackLimit >= __HeapLimit), region RAM overflowed)
                0x00000001                        ASSERT (((__binary_info_header_end - __logical_binary_start) <= 0x100), Binary info must be in first 256 bytes of the binary)
LOAD CMakeFiles/MPU6050_I2C.dir/MPU6050_I2C.c.obj
LOAD CMakeFiles/MPU6050_I2C.dir/C_/RaspPico/pico-sdk/src/rp2_common/pico_stdlib/stdlib.c.obj
LOAD CMakeFiles/MPU6050_I2C.dir/C_/RaspPico/pico-sdk/src/rp2_common/hardware_gpio/gpio.c.obj
LOAD CMakeFiles/MPU6050_I2C.dir/C_/RaspPico/pico-sdk/src/rp2_common/hardware_claim/claim.c.obj
LOAD CMakeFiles/MPU6050_I2C.dir/C_/RaspPico/pico-sdk/src/rp2_common/pico_platform/platform.c.obj
LOAD CMakeFiles/MPU6050_I2C.dir/C_/RaspPico/pico-sdk/src/rp2_common/hardware_sync/sync.c.obj
LOAD CMakeFiles/MPU6050_I2C.dir/C_/RaspPico/pico-sdk/src/rp2_common/hardware_irq/irq.c.obj
LOAD CMakeFiles/MPU6050_I2C.dir/C_/RaspPico/pico-sdk/src/rp2_common/hardware_irq/irq_handler_chain.S.obj
LOAD CMakeFiles/MPU6050_I2C.dir/C_/RaspPico/pico-sdk/src/common/pico_sync/sem.c.obj
LOAD CMakeFiles/MPU6050_I2C.dir/C_/RaspPico/pico-sdk/src/common/pico_sync/lock_core.c.obj
LOAD CMakeFiles/MPU6050_I2C.dir/C_/RaspPico/pico-sdk/src/common/pico_time/time.c.obj
LOAD CMakeFiles/MPU6050_I2C.dir/C_/RaspPico/pico-sdk/src/common/pico_time/timeout_helper.c.obj
LOAD CMakeFiles/MPU6050_I2C.dir/C_/RaspPico/pico-sdk/src/rp2_common/hardware_timer/timer.c.obj
LOAD CMakeFiles/MPU6050_I2C.dir/C_/RaspPico/pico-sdk/src/common/pico_util/datetime.c.obj
LOAD CMakeFiles/MPU6050_I2C.dir/C_/RaspPico/pico-sdk/src/common/pico_util/pheap.c.obj
LOAD CMakeFiles/MPU6050_I2C.dir/C_/RaspPico/pico-sdk/src/common/pico_util/queue.c.obj
LOAD CMakeFiles/MPU6050_I2C.dir/C_/RaspPico/pico-sdk/src/common/pico_sync/mutex.c.obj
LOAD CMakeFiles/MPU6050_I2C.dir/C_/RaspPico/pico-sdk/src/common/pico_sync/critical_section.c.obj
LOAD CMakeFiles/MPU6050_I2C.dir/C_/RaspPico/pico-sdk/src/rp2_common/hardware_uart/uart.c.obj
LOAD CMakeFiles/MPU6050_I2C.dir/C_/RaspPico/pico-sdk/src/rp2_common/hardware_divider/divider.S.obj
LOAD CMakeFiles/MPU6050_I2C.dir/C_/RaspPico/pico-sdk/src/rp2_common/pico_runtime/runtime.c.obj
LOAD CMakeFiles/MPU6050_I2C.dir/C_/RaspPico/pico-sdk/src/rp2_common/hardware_clocks/clocks.c.obj
LOAD CMakeFiles/MPU6050_I2C.dir/C_/RaspPico/pico-sdk/src/rp2_common/hardware_pll/pll.c.obj
LOAD CMakeFiles/MPU6050_I2C.dir/C_/RaspPico/pico-sdk/src/rp2_common/hardware_vreg/vreg.c.obj
LOAD CMakeFiles/MPU6050_I2C.dir/C_/RaspPico/pico-sdk/src/rp2_common/hardware_watchdog/watchdog.c.obj
LOAD CMakeFiles/MPU6050_I2C.dir/C_/RaspPico/pico-sdk/src/rp2_common/hardware_xosc/xosc.c.obj
LOAD CMakeFiles/MPU6050_I2C.dir/C_/RaspPico/pico-sdk/src/rp2_common/pico_printf/printf.c.obj
LOAD CMakeFiles/MPU6050_I2C.dir/C_/RaspPico/pico-sdk/src/rp2_common/pico_bit_ops/bit_ops_aeabi.S.obj
LOAD CMakeFiles/MPU6050_I2C.dir/C_/RaspPico/pico-sdk/src/rp2_common/pico_bootrom/bootrom.c.obj
LOAD CMakeFiles/MPU6050_I2C.dir/C_/RaspPico/pico-sdk/src/rp2_common/pico_divider/divider.S.obj
LOAD CMakeFiles/MPU6050_I2C.dir/C_/RaspPico/pico-sdk/src/rp2_common/pico_double/double_aeabi.S.obj
LOAD CMakeFiles/MPU6050_I2C.dir/C_/RaspPico/pico-sdk/src/rp2_common/pico_double/double_init_rom.c.obj
LOAD CMakeFiles/MPU6050_I2C.dir/C_/RaspPico/pico-sdk/src/rp2_common/pico_double/double_math.c.obj
LOAD CMakeFiles/MPU6050_I2C.dir/C_/RaspPico/pico-sdk/src/rp2_common/pico_double/double_v1_rom_shim.S.obj
LOAD CMakeFiles/MPU6050_I2C.dir/C_/RaspPico/pico-sdk/src/rp2_common/pico_int64_ops/pico_int64_ops_aeabi.S.obj
LOAD CMakeFiles/MPU6050_I2C.dir/C_/RaspPico/pico-sdk/src/rp2_common/pico_float/float_aeabi.S.obj
LOAD CMakeFiles/MPU6050_I2C.dir/C_/RaspPico/pico-sdk/src/rp2_common/pico_float/float_init_rom.c.obj
LOAD CMakeFiles/MPU6050_I2C.dir/C_/RaspPico/pico-sdk/src/rp2_common/pico_float/float_math.c.obj
LOAD CMakeFiles/MPU6050_I2C.dir/C_/RaspPico/pico-sdk/src/rp2_common/pico_float/float_v1_rom_shim.S.obj
LOAD CMakeFiles/MPU6050_I2C.dir/C_/RaspPico/pico-sdk/src/rp2_common/pico_malloc/pico_malloc.c.obj
LOAD CMakeFiles/MPU6050_I2C.dir/C_/RaspPico/pico-sdk/src/rp2_common/pico_mem_ops/mem_ops_aeabi.S.obj
LOAD CMakeFiles/MPU6050_I2C.dir/C_/RaspPico/pico-sdk/src/rp2_common/pico_standard_link/crt0.S.obj
LOAD CMakeFiles/MPU6050_I2C.dir/C_/RaspPico/pico-sdk/src/rp2_common/pico_standard_link/new_delete.cpp.obj
LOAD CMakeFiles/MPU6050_I2C.dir/C_/RaspPico/pico-sdk/src/rp2_common/pico_standard_link/binary_info.c.obj
LOAD CMakeFiles/MPU6050_I2C.dir/C_/RaspPico/pico-sdk/src/rp2_common/pico_stdio/stdio.c.obj
LOAD CMakeFiles/MPU6050_I2C.dir/C_/RaspPico/pico-sdk/src/rp2_common/pico_stdio_uart/stdio_uart.c.obj
LOAD CMakeFiles/MPU6050_I2C.dir/C_/RaspPico/pico-sdk/src/rp2_common/hardware_i2c/i2c.c.obj
LOAD C:\Users\u1803\AppData\Local\Temp\ccWTS2QT.o
LOAD d:/program file x86/12.2 mpacbti-bet1/bin/../lib/gcc/arm-none-eabi/12.2.0/thumb/v6-m/nofp\libstdc++.a
LOAD d:/program file x86/12.2 mpacbti-bet1/bin/../lib/gcc/arm-none-eabi/12.2.0/thumb/v6-m/nofp\libm.a
START GROUP
LOAD d:/program file x86/12.2 mpacbti-bet1/bin/../lib/gcc/arm-none-eabi/12.2.0/thumb/v6-m/nofp\libgcc.a
LOAD d:/program file x86/12.2 mpacbti-bet1/bin/../lib/gcc/arm-none-eabi/12.2.0/thumb/v6-m/nofp\libg.a
LOAD d:/program file x86/12.2 mpacbti-bet1/bin/../lib/gcc/arm-none-eabi/12.2.0/thumb/v6-m/nofp\libc.a
END GROUP
START GROUP
LOAD d:/program file x86/12.2 mpacbti-bet1/bin/../lib/gcc/arm-none-eabi/12.2.0/thumb/v6-m/nofp\libgcc.a
LOAD d:/program file x86/12.2 mpacbti-bet1/bin/../lib/gcc/arm-none-eabi/12.2.0/thumb/v6-m/nofp\libc.a
LOAD d:/program file x86/12.2 mpacbti-bet1/bin/../lib/gcc/arm-none-eabi/12.2.0/thumb/v6-m/nofp\libnosys.a
END GROUP
LOAD d:/program file x86/12.2 mpacbti-bet1/bin/../lib/gcc/arm-none-eabi/12.2.0/thumb/v6-m/nofp/crtend.o
LOAD d:/program file x86/12.2 mpacbti-bet1/bin/../lib/gcc/arm-none-eabi/12.2.0/thumb/v6-m/nofp/crtn.o
OUTPUT(MPU6050_I2C.elf elf32-littlearm)
LOAD linker stubs

.ARM.attributes
                0x00000000       0x28
 .ARM.attributes
                0x00000000       0x1e d:/program file x86/12.2 mpacbti-bet1/bin/../lib/gcc/arm-none-eabi/12.2.0/thumb/v6-m/nofp/crti.o
 .ARM.attributes
                0x0000001e       0x2c d:/program file x86/12.2 mpacbti-bet1/bin/../lib/gcc/arm-none-eabi/12.2.0/thumb/v6-m/nofp/crtbegin.o
 .ARM.attributes
                0x0000004a       0x2c CMakeFiles/MPU6050_I2C.dir/MPU6050_I2C.c.obj
 .ARM.attributes
                0x00000076       0x2c CMakeFiles/MPU6050_I2C.dir/C_/RaspPico/pico-sdk/src/rp2_common/hardware_claim/claim.c.obj
 .ARM.attributes
                0x000000a2       0x2c CMakeFiles/MPU6050_I2C.dir/C_/RaspPico/pico-sdk/src/rp2_common/pico_platform/platform.c.obj
 .ARM.attributes
                0x000000ce       0x2c CMakeFiles/MPU6050_I2C.dir/C_/RaspPico/pico-sdk/src/rp2_common/hardware_sync/sync.c.obj
 .ARM.attributes
                0x000000fa       0x2c CMakeFiles/MPU6050_I2C.dir/C_/RaspPico/pico-sdk/src/rp2_common/hardware_irq/irq.c.obj
 .ARM.attributes
                0x00000126       0x22 CMakeFiles/MPU6050_I2C.dir/C_/RaspPico/pico-sdk/src/rp2_common/hardware_irq/irq_handler_chain.S.obj
 .ARM.attributes
                0x00000148       0x2c CMakeFiles/MPU6050_I2C.dir/C_/RaspPico/pico-sdk/src/common/pico_sync/lock_core.c.obj
 .ARM.attributes
                0x00000174       0x2c CMakeFiles/MPU6050_I2C.dir/C_/RaspPico/pico-sdk/src/common/pico_time/time.c.obj
 .ARM.attributes
                0x000001a0       0x2c CMakeFiles/MPU6050_I2C.dir/C_/RaspPico/pico-sdk/src/rp2_common/hardware_timer/timer.c.obj
 .ARM.attributes
                0x000001cc       0x2c CMakeFiles/MPU6050_I2C.dir/C_/RaspPico/pico-sdk/src/common/pico_util/pheap.c.obj
 .ARM.attributes
                0x000001f8       0x2c CMakeFiles/MPU6050_I2C.dir/C_/RaspPico/pico-sdk/src/common/pico_sync/mutex.c.obj
 .ARM.attributes
                0x00000224       0x2c CMakeFiles/MPU6050_I2C.dir/C_/RaspPico/pico-sdk/src/rp2_common/pico_runtime/runtime.c.obj
 .ARM.attributes
                0x00000250       0x2c CMakeFiles/MPU6050_I2C.dir/C_/RaspPico/pico-sdk/src/rp2_common/hardware_clocks/clocks.c.obj
 .ARM.attributes
                0x0000027c       0x2c CMakeFiles/MPU6050_I2C.dir/C_/RaspPico/pico-sdk/src/rp2_common/hardware_pll/pll.c.obj
 .ARM.attributes
                0x000002a8       0x2c CMakeFiles/MPU6050_I2C.dir/C_/RaspPico/pico-sdk/src/rp2_common/hardware_watchdog/watchdog.c.obj
 .ARM.attributes
                0x000002d4       0x2c CMakeFiles/MPU6050_I2C.dir/C_/RaspPico/pico-sdk/src/rp2_common/hardware_xosc/xosc.c.obj
 .ARM.attributes
                0x00000300       0x2c CMakeFiles/MPU6050_I2C.dir/C_/RaspPico/pico-sdk/src/rp2_common/pico_printf/printf.c.obj
 .ARM.attributes
                0x0000032c       0x22 CMakeFiles/MPU6050_I2C.dir/C_/RaspPico/pico-sdk/src/rp2_common/pico_bit_ops/bit_ops_aeabi.S.obj
 .ARM.attributes
                0x0000034e       0x2c CMakeFiles/MPU6050_I2C.dir/C_/RaspPico/pico-sdk/src/rp2_common/pico_bootrom/bootrom.c.obj
 .ARM.attributes
                0x0000037a       0x22 CMakeFiles/MPU6050_I2C.dir/C_/RaspPico/pico-sdk/src/rp2_common/pico_divider/divider.S.obj
 .ARM.attributes
                0x0000039c       0x22 CMakeFiles/MPU6050_I2C.dir/C_/RaspPico/pico-sdk/src/rp2_common/pico_double/double_aeabi.S.obj
 .ARM.attributes
                0x000003be       0x2c CMakeFiles/MPU6050_I2C.dir/C_/RaspPico/pico-sdk/src/rp2_common/pico_double/double_init_rom.c.obj
 .ARM.attributes
                0x000003ea       0x22 CMakeFiles/MPU6050_I2C.dir/C_/RaspPico/pico-sdk/src/rp2_common/pico_double/double_v1_rom_shim.S.obj
 .ARM.attributes
                0x0000040c       0x22 CMakeFiles/MPU6050_I2C.dir/C_/RaspPico/pico-sdk/src/rp2_common/pico_float/float_aeabi.S.obj
 .ARM.attributes
                0x0000042e       0x2c CMakeFiles/MPU6050_I2C.dir/C_/RaspPico/pico-sdk/src/rp2_common/pico_float/float_init_rom.c.obj
 .ARM.attributes
                0x0000045a       0x22 CMakeFiles/MPU6050_I2C.dir/C_/RaspPico/pico-sdk/src/rp2_common/pico_float/float_v1_rom_shim.S.obj
 .ARM.attributes
                0x0000047c       0x22 CMakeFiles/MPU6050_I2C.dir/C_/RaspPico/pico-sdk/src/rp2_common/pico_mem_ops/mem_ops_aeabi.S.obj
 .ARM.attributes
                0x0000049e       0x22 CMakeFiles/MPU6050_I2C.dir/C_/RaspPico/pico-sdk/src/rp2_common/pico_standard_link/crt0.S.obj
 .ARM.attributes
                0x000004c0       0x2c CMakeFiles/MPU6050_I2C.dir/C_/RaspPico/pico-sdk/src/rp2_common/pico_standard_link/binary_info.c.obj
 .ARM.attributes
                0x000004ec       0x2c CMakeFiles/MPU6050_I2C.dir/C_/RaspPico/pico-sdk/src/rp2_common/pico_stdio/stdio.c.obj
 .ARM.attributes
                0x00000518       0x22 C:\Users\u1803\AppData\Local\Temp\ccWTS2QT.o
 .ARM.attributes
                0x0000053a       0x1e d:/program file x86/12.2 mpacbti-bet1/bin/../lib/gcc/arm-none-eabi/12.2.0/thumb/v6-m/nofp\libgcc.a(_dvmd_tls.o)
 .ARM.attributes
                0x00000558       0x2c d:/program file x86/12.2 mpacbti-bet1/bin/../lib/gcc/arm-none-eabi/12.2.0/thumb/v6-m/nofp\libg.a(libc_a-strlen-stub.o)
 .ARM.attributes
                0x00000584       0x2c d:/program file x86/12.2 mpacbti-bet1/bin/../lib/gcc/arm-none-eabi/12.2.0/thumb/v6-m/nofp/crtend.o

.comment        0x00000000       0x4c
 .comment       0x00000000       0x4c d:/program file x86/12.2 mpacbti-bet1/bin/../lib/gcc/arm-none-eabi/12.2.0/thumb/v6-m/nofp/crtbegin.o
                                 0x4d (size before relaxing)
 .comment       0x0000004c       0x4d CMakeFiles/MPU6050_I2C.dir/MPU6050_I2C.c.obj
 .comment       0x0000004c       0x4d CMakeFiles/MPU6050_I2C.dir/C_/RaspPico/pico-sdk/src/rp2_common/hardware_claim/claim.c.obj
 .comment       0x0000004c       0x4d CMakeFiles/MPU6050_I2C.dir/C_/RaspPico/pico-sdk/src/rp2_common/pico_platform/platform.c.obj
 .comment       0x0000004c       0x4d CMakeFiles/MPU6050_I2C.dir/C_/RaspPico/pico-sdk/src/rp2_common/hardware_sync/sync.c.obj
 .comment       0x0000004c       0x4d CMakeFiles/MPU6050_I2C.dir/C_/RaspPico/pico-sdk/src/rp2_common/hardware_irq/irq.c.obj
 .comment       0x0000004c       0x4d CMakeFiles/MPU6050_I2C.dir/C_/RaspPico/pico-sdk/src/common/pico_sync/lock_core.c.obj
 .comment       0x0000004c       0x4d CMakeFiles/MPU6050_I2C.dir/C_/RaspPico/pico-sdk/src/common/pico_time/time.c.obj
 .comment       0x0000004c       0x4d CMakeFiles/MPU6050_I2C.dir/C_/RaspPico/pico-sdk/src/rp2_common/hardware_timer/timer.c.obj
 .comment       0x0000004c       0x4d CMakeFiles/MPU6050_I2C.dir/C_/RaspPico/pico-sdk/src/common/pico_util/pheap.c.obj
 .comment       0x0000004c       0x4d CMakeFiles/MPU6050_I2C.dir/C_/RaspPico/pico-sdk/src/common/pico_sync/mutex.c.obj
 .comment       0x0000004c       0x4d CMakeFiles/MPU6050_I2C.dir/C_/RaspPico/pico-sdk/src/rp2_common/pico_runtime/runtime.c.obj
 .comment       0x0000004c       0x4d CMakeFiles/MPU6050_I2C.dir/C_/RaspPico/pico-sdk/src/rp2_common/hardware_clocks/clocks.c.obj
 .comment       0x0000004c       0x4d CMakeFiles/MPU6050_I2C.dir/C_/RaspPico/pico-sdk/src/rp2_common/hardware_pll/pll.c.obj
 .comment       0x0000004c       0x4d CMakeFiles/MPU6050_I2C.dir/C_/RaspPico/pico-sdk/src/rp2_common/hardware_watchdog/watchdog.c.obj
 .comment       0x0000004c       0x4d CMakeFiles/MPU6050_I2C.dir/C_/RaspPico/pico-sdk/src/rp2_common/hardware_xosc/xosc.c.obj
 .comment       0x0000004c       0x4d CMakeFiles/MPU6050_I2C.dir/C_/RaspPico/pico-sdk/src/rp2_common/pico_printf/printf.c.obj
 .comment       0x0000004c       0x4d CMakeFiles/MPU6050_I2C.dir/C_/RaspPico/pico-sdk/src/rp2_common/pico_bootrom/bootrom.c.obj
 .comment       0x0000004c       0x4d CMakeFiles/MPU6050_I2C.dir/C_/RaspPico/pico-sdk/src/rp2_common/pico_double/double_init_rom.c.obj
 .comment       0x0000004c       0x4d CMakeFiles/MPU6050_I2C.dir/C_/RaspPico/pico-sdk/src/rp2_common/pico_float/float_init_rom.c.obj
 .comment       0x0000004c       0x4d CMakeFiles/MPU6050_I2C.dir/C_/RaspPico/pico-sdk/src/rp2_common/pico_standard_link/binary_info.c.obj
 .comment       0x0000004c       0x4d CMakeFiles/MPU6050_I2C.dir/C_/RaspPico/pico-sdk/src/rp2_common/pico_stdio/stdio.c.obj
 .comment       0x0000004c       0x4d d:/program file x86/12.2 mpacbti-bet1/bin/../lib/gcc/arm-none-eabi/12.2.0/thumb/v6-m/nofp\libg.a(libc_a-strlen-stub.o)
 .comment       0x0000004c       0x4d d:/program file x86/12.2 mpacbti-bet1/bin/../lib/gcc/arm-none-eabi/12.2.0/thumb/v6-m/nofp/crtend.o

.debug_info     0x00000000    0x10065
 .debug_info    0x00000000      0x85f CMakeFiles/MPU6050_I2C.dir/MPU6050_I2C.c.obj
 .debug_info    0x0000085f      0x69a CMakeFiles/MPU6050_I2C.dir/C_/RaspPico/pico-sdk/src/rp2_common/hardware_claim/claim.c.obj
 .debug_info    0x00000ef9      0x1fb CMakeFiles/MPU6050_I2C.dir/C_/RaspPico/pico-sdk/src/rp2_common/pico_platform/platform.c.obj
 .debug_info    0x000010f4      0x5db CMakeFiles/MPU6050_I2C.dir/C_/RaspPico/pico-sdk/src/rp2_common/hardware_sync/sync.c.obj
 .debug_info    0x000016cf     0x1bd4 CMakeFiles/MPU6050_I2C.dir/C_/RaspPico/pico-sdk/src/rp2_common/hardware_irq/irq.c.obj
 .debug_info    0x000032a3      0x1a3 CMakeFiles/MPU6050_I2C.dir/C_/RaspPico/pico-sdk/src/common/pico_sync/lock_core.c.obj
 .debug_info    0x00003446     0x2f53 CMakeFiles/MPU6050_I2C.dir/C_/RaspPico/pico-sdk/src/common/pico_time/time.c.obj
 .debug_info    0x00006399     0x1165 CMakeFiles/MPU6050_I2C.dir/C_/RaspPico/pico-sdk/src/rp2_common/hardware_timer/timer.c.obj
 .debug_info    0x000074fe      0xe34 CMakeFiles/MPU6050_I2C.dir/C_/RaspPico/pico-sdk/src/common/pico_util/pheap.c.obj
 .debug_info    0x00008332     0x1c83 CMakeFiles/MPU6050_I2C.dir/C_/RaspPico/pico-sdk/src/common/pico_sync/mutex.c.obj
 .debug_info    0x00009fb5      0xa56 CMakeFiles/MPU6050_I2C.dir/C_/RaspPico/pico-sdk/src/rp2_common/pico_runtime/runtime.c.obj
 .debug_info    0x0000aa0b      0xf78 CMakeFiles/MPU6050_I2C.dir/C_/RaspPico/pico-sdk/src/rp2_common/hardware_clocks/clocks.c.obj
 .debug_info    0x0000b983      0x534 CMakeFiles/MPU6050_I2C.dir/C_/RaspPico/pico-sdk/src/rp2_common/hardware_pll/pll.c.obj
 .debug_info    0x0000beb7      0x4c5 CMakeFiles/MPU6050_I2C.dir/C_/RaspPico/pico-sdk/src/rp2_common/hardware_watchdog/watchdog.c.obj
 .debug_info    0x0000c37c      0x1c7 CMakeFiles/MPU6050_I2C.dir/C_/RaspPico/pico-sdk/src/rp2_common/hardware_xosc/xosc.c.obj
 .debug_info    0x0000c543     0x19a2 CMakeFiles/MPU6050_I2C.dir/C_/RaspPico/pico-sdk/src/rp2_common/pico_printf/printf.c.obj
 .debug_info    0x0000dee5       0x23 CMakeFiles/MPU6050_I2C.dir/C_/RaspPico/pico-sdk/src/rp2_common/pico_bit_ops/bit_ops_aeabi.S.obj
 .debug_info    0x0000df08      0x325 CMakeFiles/MPU6050_I2C.dir/C_/RaspPico/pico-sdk/src/rp2_common/pico_bootrom/bootrom.c.obj
 .debug_info    0x0000e22d       0x23 CMakeFiles/MPU6050_I2C.dir/C_/RaspPico/pico-sdk/src/rp2_common/pico_divider/divider.S.obj
 .debug_info    0x0000e250       0x23 CMakeFiles/MPU6050_I2C.dir/C_/RaspPico/pico-sdk/src/rp2_common/pico_double/double_aeabi.S.obj
 .debug_info    0x0000e273      0x33b CMakeFiles/MPU6050_I2C.dir/C_/RaspPico/pico-sdk/src/rp2_common/pico_double/double_init_rom.c.obj
 .debug_info    0x0000e5ae       0x23 CMakeFiles/MPU6050_I2C.dir/C_/RaspPico/pico-sdk/src/rp2_common/pico_double/double_v1_rom_shim.S.obj
 .debug_info    0x0000e5d1       0x23 CMakeFiles/MPU6050_I2C.dir/C_/RaspPico/pico-sdk/src/rp2_common/pico_float/float_aeabi.S.obj
 .debug_info    0x0000e5f4      0x34f CMakeFiles/MPU6050_I2C.dir/C_/RaspPico/pico-sdk/src/rp2_common/pico_float/float_init_rom.c.obj
 .debug_info    0x0000e943       0x23 CMakeFiles/MPU6050_I2C.dir/C_/RaspPico/pico-sdk/src/rp2_common/pico_float/float_v1_rom_shim.S.obj
 .debug_info    0x0000e966       0x23 CMakeFiles/MPU6050_I2C.dir/C_/RaspPico/pico-sdk/src/rp2_common/pico_mem_ops/mem_ops_aeabi.S.obj
 .debug_info    0x0000e989       0x23 CMakeFiles/MPU6050_I2C.dir/C_/RaspPico/pico-sdk/src/rp2_common/pico_standard_link/crt0.S.obj
 .debug_info    0x0000e9ac      0x2dd CMakeFiles/MPU6050_I2C.dir/C_/RaspPico/pico-sdk/src/rp2_common/pico_standard_link/binary_info.c.obj
 .debug_info    0x0000ec89     0x12b8 CMakeFiles/MPU6050_I2C.dir/C_/RaspPico/pico-sdk/src/rp2_common/pico_stdio/stdio.c.obj
 .debug_info    0x0000ff41       0x39 d:/program file x86/12.2 mpacbti-bet1/bin/../lib/gcc/arm-none-eabi/12.2.0/thumb/v6-m/nofp\libgcc.a(_dvmd_tls.o)
 .debug_info    0x0000ff7a       0xeb d:/program file x86/12.2 mpacbti-bet1/bin/../lib/gcc/arm-none-eabi/12.2.0/thumb/v6-m/nofp\libg.a(libc_a-strlen-stub.o)

.debug_abbrev   0x00000000     0x39fa
 .debug_abbrev  0x00000000      0x25e CMakeFiles/MPU6050_I2C.dir/MPU6050_I2C.c.obj
 .debug_abbrev  0x0000025e      0x2d0 CMakeFiles/MPU6050_I2C.dir/C_/RaspPico/pico-sdk/src/rp2_common/hardware_claim/claim.c.obj
 .debug_abbrev  0x0000052e       0xf8 CMakeFiles/MPU6050_I2C.dir/C_/RaspPico/pico-sdk/src/rp2_common/pico_platform/platform.c.obj
 .debug_abbrev  0x00000626      0x249 CMakeFiles/MPU6050_I2C.dir/C_/RaspPico/pico-sdk/src/rp2_common/hardware_sync/sync.c.obj
 .debug_abbrev  0x0000086f      0x513 CMakeFiles/MPU6050_I2C.dir/C_/RaspPico/pico-sdk/src/rp2_common/hardware_irq/irq.c.obj
 .debug_abbrev  0x00000d82      0x116 CMakeFiles/MPU6050_I2C.dir/C_/RaspPico/pico-sdk/src/common/pico_sync/lock_core.c.obj
 .debug_abbrev  0x00000e98      0x5b5 CMakeFiles/MPU6050_I2C.dir/C_/RaspPico/pico-sdk/src/common/pico_time/time.c.obj
 .debug_abbrev  0x0000144d      0x3bd CMakeFiles/MPU6050_I2C.dir/C_/RaspPico/pico-sdk/src/rp2_common/hardware_timer/timer.c.obj
 .debug_abbrev  0x0000180a      0x290 CMakeFiles/MPU6050_I2C.dir/C_/RaspPico/pico-sdk/src/common/pico_util/pheap.c.obj
 .debug_abbrev  0x00001a9a      0x3da CMakeFiles/MPU6050_I2C.dir/C_/RaspPico/pico-sdk/src/common/pico_sync/mutex.c.obj
 .debug_abbrev  0x00001e74      0x3e5 CMakeFiles/MPU6050_I2C.dir/C_/RaspPico/pico-sdk/src/rp2_common/pico_runtime/runtime.c.obj
 .debug_abbrev  0x00002259      0x415 CMakeFiles/MPU6050_I2C.dir/C_/RaspPico/pico-sdk/src/rp2_common/hardware_clocks/clocks.c.obj
 .debug_abbrev  0x0000266e      0x1e7 CMakeFiles/MPU6050_I2C.dir/C_/RaspPico/pico-sdk/src/rp2_common/hardware_pll/pll.c.obj
 .debug_abbrev  0x00002855      0x1a8 CMakeFiles/MPU6050_I2C.dir/C_/RaspPico/pico-sdk/src/rp2_common/hardware_watchdog/watchdog.c.obj
 .debug_abbrev  0x000029fd      0x10c CMakeFiles/MPU6050_I2C.dir/C_/RaspPico/pico-sdk/src/rp2_common/hardware_xosc/xosc.c.obj
 .debug_abbrev  0x00002b09      0x38a CMakeFiles/MPU6050_I2C.dir/C_/RaspPico/pico-sdk/src/rp2_common/pico_printf/printf.c.obj
 .debug_abbrev  0x00002e93       0x12 CMakeFiles/MPU6050_I2C.dir/C_/RaspPico/pico-sdk/src/rp2_common/pico_bit_ops/bit_ops_aeabi.S.obj
 .debug_abbrev  0x00002ea5      0x167 CMakeFiles/MPU6050_I2C.dir/C_/RaspPico/pico-sdk/src/rp2_common/pico_bootrom/bootrom.c.obj
 .debug_abbrev  0x0000300c       0x12 CMakeFiles/MPU6050_I2C.dir/C_/RaspPico/pico-sdk/src/rp2_common/pico_divider/divider.S.obj
 .debug_abbrev  0x0000301e       0x12 CMakeFiles/MPU6050_I2C.dir/C_/RaspPico/pico-sdk/src/rp2_common/pico_double/double_aeabi.S.obj
 .debug_abbrev  0x00003030      0x1c3 CMakeFiles/MPU6050_I2C.dir/C_/RaspPico/pico-sdk/src/rp2_common/pico_double/double_init_rom.c.obj
 .debug_abbrev  0x000031f3       0x12 CMakeFiles/MPU6050_I2C.dir/C_/RaspPico/pico-sdk/src/rp2_common/pico_double/double_v1_rom_shim.S.obj
 .debug_abbrev  0x00003205       0x12 CMakeFiles/MPU6050_I2C.dir/C_/RaspPico/pico-sdk/src/rp2_common/pico_float/float_aeabi.S.obj
 .debug_abbrev  0x00003217      0x1c6 CMakeFiles/MPU6050_I2C.dir/C_/RaspPico/pico-sdk/src/rp2_common/pico_float/float_init_rom.c.obj
 .debug_abbrev  0x000033dd       0x12 CMakeFiles/MPU6050_I2C.dir/C_/RaspPico/pico-sdk/src/rp2_common/pico_float/float_v1_rom_shim.S.obj
 .debug_abbrev  0x000033ef       0x12 CMakeFiles/MPU6050_I2C.dir/C_/RaspPico/pico-sdk/src/rp2_common/pico_mem_ops/mem_ops_aeabi.S.obj
 .debug_abbrev  0x00003401       0x12 CMakeFiles/MPU6050_I2C.dir/C_/RaspPico/pico-sdk/src/rp2_common/pico_standard_link/crt0.S.obj
 .debug_abbrev  0x00003413       0xb8 CMakeFiles/MPU6050_I2C.dir/C_/RaspPico/pico-sdk/src/rp2_common/pico_standard_link/binary_info.c.obj
 .debug_abbrev  0x000034cb      0x480 CMakeFiles/MPU6050_I2C.dir/C_/RaspPico/pico-sdk/src/rp2_common/pico_stdio/stdio.c.obj
 .debug_abbrev  0x0000394b       0x1f d:/program file x86/12.2 mpacbti-bet1/bin/../lib/gcc/arm-none-eabi/12.2.0/thumb/v6-m/nofp\libgcc.a(_dvmd_tls.o)
 .debug_abbrev  0x0000396a       0x90 d:/program file x86/12.2 mpacbti-bet1/bin/../lib/gcc/arm-none-eabi/12.2.0/thumb/v6-m/nofp\libg.a(libc_a-strlen-stub.o)

.debug_loclists
                0x00000000     0x625f
 .debug_loclists
                0x00000000       0xa8 CMakeFiles/MPU6050_I2C.dir/MPU6050_I2C.c.obj
 .debug_loclists
                0x000000a8      0x27b CMakeFiles/MPU6050_I2C.dir/C_/RaspPico/pico-sdk/src/rp2_common/hardware_claim/claim.c.obj
 .debug_loclists
                0x00000323       0x9f CMakeFiles/MPU6050_I2C.dir/C_/RaspPico/pico-sdk/src/rp2_common/pico_platform/platform.c.obj
 .debug_loclists
                0x000003c2      0x157 CMakeFiles/MPU6050_I2C.dir/C_/RaspPico/pico-sdk/src/rp2_common/hardware_sync/sync.c.obj
 .debug_loclists
                0x00000519      0xc3c CMakeFiles/MPU6050_I2C.dir/C_/RaspPico/pico-sdk/src/rp2_common/hardware_irq/irq.c.obj
 .debug_loclists
                0x00001155       0x4a CMakeFiles/MPU6050_I2C.dir/C_/RaspPico/pico-sdk/src/common/pico_sync/lock_core.c.obj
 .debug_loclists
                0x0000119f     0x1140 CMakeFiles/MPU6050_I2C.dir/C_/RaspPico/pico-sdk/src/common/pico_time/time.c.obj
 .debug_loclists
                0x000022df      0x562 CMakeFiles/MPU6050_I2C.dir/C_/RaspPico/pico-sdk/src/rp2_common/hardware_timer/timer.c.obj
 .debug_loclists
                0x00002841      0x68f CMakeFiles/MPU6050_I2C.dir/C_/RaspPico/pico-sdk/src/common/pico_util/pheap.c.obj
 .debug_loclists
                0x00002ed0      0x944 CMakeFiles/MPU6050_I2C.dir/C_/RaspPico/pico-sdk/src/common/pico_sync/mutex.c.obj
 .debug_loclists
                0x00003814      0x27b CMakeFiles/MPU6050_I2C.dir/C_/RaspPico/pico-sdk/src/rp2_common/pico_runtime/runtime.c.obj
 .debug_loclists
                0x00003a8f      0x4d8 CMakeFiles/MPU6050_I2C.dir/C_/RaspPico/pico-sdk/src/rp2_common/hardware_clocks/clocks.c.obj
 .debug_loclists
                0x00003f67      0x1fb CMakeFiles/MPU6050_I2C.dir/C_/RaspPico/pico-sdk/src/rp2_common/hardware_pll/pll.c.obj
 .debug_loclists
                0x00004162      0x1c7 CMakeFiles/MPU6050_I2C.dir/C_/RaspPico/pico-sdk/src/rp2_common/hardware_watchdog/watchdog.c.obj
 .debug_loclists
                0x00004329       0x48 CMakeFiles/MPU6050_I2C.dir/C_/RaspPico/pico-sdk/src/rp2_common/hardware_xosc/xosc.c.obj
 .debug_loclists
                0x00004371     0x1640 CMakeFiles/MPU6050_I2C.dir/C_/RaspPico/pico-sdk/src/rp2_common/pico_printf/printf.c.obj
 .debug_loclists
                0x000059b1      0x12f CMakeFiles/MPU6050_I2C.dir/C_/RaspPico/pico-sdk/src/rp2_common/pico_bootrom/bootrom.c.obj
 .debug_loclists
                0x00005ae0       0x41 CMakeFiles/MPU6050_I2C.dir/C_/RaspPico/pico-sdk/src/rp2_common/pico_double/double_init_rom.c.obj
 .debug_loclists
                0x00005b21       0x4f CMakeFiles/MPU6050_I2C.dir/C_/RaspPico/pico-sdk/src/rp2_common/pico_float/float_init_rom.c.obj
 .debug_loclists
                0x00005b70      0x691 CMakeFiles/MPU6050_I2C.dir/C_/RaspPico/pico-sdk/src/rp2_common/pico_stdio/stdio.c.obj
 .debug_loclists
                0x00006201       0x5e d:/program file x86/12.2 mpacbti-bet1/bin/../lib/gcc/arm-none-eabi/12.2.0/thumb/v6-m/nofp\libg.a(libc_a-strlen-stub.o)

.debug_aranges  0x00000000      0xd48
 .debug_aranges
                0x00000000       0x38 CMakeFiles/MPU6050_I2C.dir/MPU6050_I2C.c.obj
 .debug_aranges
                0x00000038       0x48 CMakeFiles/MPU6050_I2C.dir/C_/RaspPico/pico-sdk/src/rp2_common/hardware_claim/claim.c.obj
 .debug_aranges
                0x00000080       0x28 CMakeFiles/MPU6050_I2C.dir/C_/RaspPico/pico-sdk/src/rp2_common/pico_platform/platform.c.obj
 .debug_aranges
                0x000000a8       0x58 CMakeFiles/MPU6050_I2C.dir/C_/RaspPico/pico-sdk/src/rp2_common/hardware_sync/sync.c.obj
 .debug_aranges
                0x00000100       0xd0 CMakeFiles/MPU6050_I2C.dir/C_/RaspPico/pico-sdk/src/rp2_common/hardware_irq/irq.c.obj
 .debug_aranges
                0x000001d0       0x20 CMakeFiles/MPU6050_I2C.dir/C_/RaspPico/pico-sdk/src/common/pico_sync/lock_core.c.obj
 .debug_aranges
                0x000001f0      0x140 CMakeFiles/MPU6050_I2C.dir/C_/RaspPico/pico-sdk/src/common/pico_time/time.c.obj
 .debug_aranges
                0x00000330       0x80 CMakeFiles/MPU6050_I2C.dir/C_/RaspPico/pico-sdk/src/rp2_common/hardware_timer/timer.c.obj
 .debug_aranges
                0x000003b0       0x80 CMakeFiles/MPU6050_I2C.dir/C_/RaspPico/pico-sdk/src/common/pico_util/pheap.c.obj
 .debug_aranges
                0x00000430       0xb8 CMakeFiles/MPU6050_I2C.dir/C_/RaspPico/pico-sdk/src/common/pico_sync/mutex.c.obj
 .debug_aranges
                0x000004e8       0x60 CMakeFiles/MPU6050_I2C.dir/C_/RaspPico/pico-sdk/src/rp2_common/pico_runtime/runtime.c.obj
 .debug_aranges
                0x00000548       0x70 CMakeFiles/MPU6050_I2C.dir/C_/RaspPico/pico-sdk/src/rp2_common/hardware_clocks/clocks.c.obj
 .debug_aranges
                0x000005b8       0x28 CMakeFiles/MPU6050_I2C.dir/C_/RaspPico/pico-sdk/src/rp2_common/hardware_pll/pll.c.obj
 .debug_aranges
                0x000005e0       0x58 CMakeFiles/MPU6050_I2C.dir/C_/RaspPico/pico-sdk/src/rp2_common/hardware_watchdog/watchdog.c.obj
 .debug_aranges
                0x00000638       0x30 CMakeFiles/MPU6050_I2C.dir/C_/RaspPico/pico-sdk/src/rp2_common/hardware_xosc/xosc.c.obj
 .debug_aranges
                0x00000668       0x90 CMakeFiles/MPU6050_I2C.dir/C_/RaspPico/pico-sdk/src/rp2_common/pico_printf/printf.c.obj
 .debug_aranges
                0x000006f8       0x68 CMakeFiles/MPU6050_I2C.dir/C_/RaspPico/pico-sdk/src/rp2_common/pico_bit_ops/bit_ops_aeabi.S.obj
 .debug_aranges
                0x00000760       0x30 CMakeFiles/MPU6050_I2C.dir/C_/RaspPico/pico-sdk/src/rp2_common/pico_bootrom/bootrom.c.obj
 .debug_aranges
                0x00000790       0x40 CMakeFiles/MPU6050_I2C.dir/C_/RaspPico/pico-sdk/src/rp2_common/pico_divider/divider.S.obj
 .debug_aranges
                0x000007d0      0x140 CMakeFiles/MPU6050_I2C.dir/C_/RaspPico/pico-sdk/src/rp2_common/pico_double/double_aeabi.S.obj
 .debug_aranges
                0x00000910       0x20 CMakeFiles/MPU6050_I2C.dir/C_/RaspPico/pico-sdk/src/rp2_common/pico_double/double_init_rom.c.obj
 .debug_aranges
                0x00000930       0xc8 CMakeFiles/MPU6050_I2C.dir/C_/RaspPico/pico-sdk/src/rp2_common/pico_double/double_v1_rom_shim.S.obj
 .debug_aranges
                0x000009f8      0x130 CMakeFiles/MPU6050_I2C.dir/C_/RaspPico/pico-sdk/src/rp2_common/pico_float/float_aeabi.S.obj
 .debug_aranges
                0x00000b28       0x20 CMakeFiles/MPU6050_I2C.dir/C_/RaspPico/pico-sdk/src/rp2_common/pico_float/float_init_rom.c.obj
 .debug_aranges
                0x00000b48       0x50 CMakeFiles/MPU6050_I2C.dir/C_/RaspPico/pico-sdk/src/rp2_common/pico_float/float_v1_rom_shim.S.obj
 .debug_aranges
                0x00000b98       0x38 CMakeFiles/MPU6050_I2C.dir/C_/RaspPico/pico-sdk/src/rp2_common/pico_mem_ops/mem_ops_aeabi.S.obj
 .debug_aranges
                0x00000bd0       0x28 CMakeFiles/MPU6050_I2C.dir/C_/RaspPico/pico-sdk/src/rp2_common/pico_standard_link/crt0.S.obj
 .debug_aranges
                0x00000bf8       0x18 CMakeFiles/MPU6050_I2C.dir/C_/RaspPico/pico-sdk/src/rp2_common/pico_standard_link/binary_info.c.obj
 .debug_aranges
                0x00000c10       0xf8 CMakeFiles/MPU6050_I2C.dir/C_/RaspPico/pico-sdk/src/rp2_common/pico_stdio/stdio.c.obj
 .debug_aranges
                0x00000d08       0x20 d:/program file x86/12.2 mpacbti-bet1/bin/../lib/gcc/arm-none-eabi/12.2.0/thumb/v6-m/nofp\libgcc.a(_dvmd_tls.o)
 .debug_aranges
                0x00000d28       0x20 d:/program file x86/12.2 mpacbti-bet1/bin/../lib/gcc/arm-none-eabi/12.2.0/thumb/v6-m/nofp\libg.a(libc_a-strlen-stub.o)

.debug_rnglists
                0x00000000      0xb50
 .debug_rnglists
                0x00000000       0x25 CMakeFiles/MPU6050_I2C.dir/MPU6050_I2C.c.obj
 .debug_rnglists
                0x00000025       0x31 CMakeFiles/MPU6050_I2C.dir/C_/RaspPico/pico-sdk/src/rp2_common/hardware_claim/claim.c.obj
 .debug_rnglists
                0x00000056       0x19 CMakeFiles/MPU6050_I2C.dir/C_/RaspPico/pico-sdk/src/rp2_common/pico_platform/platform.c.obj
 .debug_rnglists
                0x0000006f       0x3d CMakeFiles/MPU6050_I2C.dir/C_/RaspPico/pico-sdk/src/rp2_common/hardware_sync/sync.c.obj
 .debug_rnglists
                0x000000ac       0xf0 CMakeFiles/MPU6050_I2C.dir/C_/RaspPico/pico-sdk/src/rp2_common/hardware_irq/irq.c.obj
 .debug_rnglists
                0x0000019c       0x13 CMakeFiles/MPU6050_I2C.dir/C_/RaspPico/pico-sdk/src/common/pico_sync/lock_core.c.obj
 .debug_rnglists
                0x000001af      0x15a CMakeFiles/MPU6050_I2C.dir/C_/RaspPico/pico-sdk/src/common/pico_time/time.c.obj
 .debug_rnglists
                0x00000309       0x5e CMakeFiles/MPU6050_I2C.dir/C_/RaspPico/pico-sdk/src/rp2_common/hardware_timer/timer.c.obj
 .debug_rnglists
                0x00000367       0x8e CMakeFiles/MPU6050_I2C.dir/C_/RaspPico/pico-sdk/src/common/pico_util/pheap.c.obj
 .debug_rnglists
                0x000003f5       0xc9 CMakeFiles/MPU6050_I2C.dir/C_/RaspPico/pico-sdk/src/common/pico_sync/mutex.c.obj
 .debug_rnglists
                0x000004be       0x50 CMakeFiles/MPU6050_I2C.dir/C_/RaspPico/pico-sdk/src/rp2_common/pico_runtime/runtime.c.obj
 .debug_rnglists
                0x0000050e       0x52 CMakeFiles/MPU6050_I2C.dir/C_/RaspPico/pico-sdk/src/rp2_common/hardware_clocks/clocks.c.obj
 .debug_rnglists
                0x00000560       0x1a CMakeFiles/MPU6050_I2C.dir/C_/RaspPico/pico-sdk/src/rp2_common/hardware_pll/pll.c.obj
 .debug_rnglists
                0x0000057a       0x3d CMakeFiles/MPU6050_I2C.dir/C_/RaspPico/pico-sdk/src/rp2_common/hardware_watchdog/watchdog.c.obj
 .debug_rnglists
                0x000005b7       0x1f CMakeFiles/MPU6050_I2C.dir/C_/RaspPico/pico-sdk/src/rp2_common/hardware_xosc/xosc.c.obj
 .debug_rnglists
                0x000005d6       0xc2 CMakeFiles/MPU6050_I2C.dir/C_/RaspPico/pico-sdk/src/rp2_common/pico_printf/printf.c.obj
 .debug_rnglists
                0x00000698       0x49 CMakeFiles/MPU6050_I2C.dir/C_/RaspPico/pico-sdk/src/rp2_common/pico_bit_ops/bit_ops_aeabi.S.obj
 .debug_rnglists
                0x000006e1       0x2b CMakeFiles/MPU6050_I2C.dir/C_/RaspPico/pico-sdk/src/rp2_common/pico_bootrom/bootrom.c.obj
 .debug_rnglists
                0x0000070c       0x2c CMakeFiles/MPU6050_I2C.dir/C_/RaspPico/pico-sdk/src/rp2_common/pico_divider/divider.S.obj
 .debug_rnglists
                0x00000738       0xed CMakeFiles/MPU6050_I2C.dir/C_/RaspPico/pico-sdk/src/rp2_common/pico_double/double_aeabi.S.obj
 .debug_rnglists
                0x00000825       0x21 CMakeFiles/MPU6050_I2C.dir/C_/RaspPico/pico-sdk/src/rp2_common/pico_double/double_init_rom.c.obj
 .debug_rnglists
                0x00000846       0x99 CMakeFiles/MPU6050_I2C.dir/C_/RaspPico/pico-sdk/src/rp2_common/pico_double/double_v1_rom_shim.S.obj
 .debug_rnglists
                0x000008df       0xdf CMakeFiles/MPU6050_I2C.dir/C_/RaspPico/pico-sdk/src/rp2_common/pico_float/float_aeabi.S.obj
 .debug_rnglists
                0x000009be       0x20 CMakeFiles/MPU6050_I2C.dir/C_/RaspPico/pico-sdk/src/rp2_common/pico_float/float_init_rom.c.obj
 .debug_rnglists
                0x000009de       0x38 CMakeFiles/MPU6050_I2C.dir/C_/RaspPico/pico-sdk/src/rp2_common/pico_float/float_v1_rom_shim.S.obj
 .debug_rnglists
                0x00000a16       0x25 CMakeFiles/MPU6050_I2C.dir/C_/RaspPico/pico-sdk/src/rp2_common/pico_mem_ops/mem_ops_aeabi.S.obj
 .debug_rnglists
                0x00000a3b       0x1b CMakeFiles/MPU6050_I2C.dir/C_/RaspPico/pico-sdk/src/rp2_common/pico_standard_link/crt0.S.obj
 .debug_rnglists
                0x00000a56       0xe7 CMakeFiles/MPU6050_I2C.dir/C_/RaspPico/pico-sdk/src/rp2_common/pico_stdio/stdio.c.obj
 .debug_rnglists
                0x00000b3d       0x13 d:/program file x86/12.2 mpacbti-bet1/bin/../lib/gcc/arm-none-eabi/12.2.0/thumb/v6-m/nofp\libg.a(libc_a-strlen-stub.o)

.debug_line     0x00000000     0xb553
 .debug_line    0x00000000      0x4eb CMakeFiles/MPU6050_I2C.dir/MPU6050_I2C.c.obj
 .debug_line    0x000004eb      0x434 CMakeFiles/MPU6050_I2C.dir/C_/RaspPico/pico-sdk/src/rp2_common/hardware_claim/claim.c.obj
 .debug_line    0x0000091f      0x267 CMakeFiles/MPU6050_I2C.dir/C_/RaspPico/pico-sdk/src/rp2_common/pico_platform/platform.c.obj
 .debug_line    0x00000b86      0x439 CMakeFiles/MPU6050_I2C.dir/C_/RaspPico/pico-sdk/src/rp2_common/hardware_sync/sync.c.obj
 .debug_line    0x00000fbf      0xf04 CMakeFiles/MPU6050_I2C.dir/C_/RaspPico/pico-sdk/src/rp2_common/hardware_irq/irq.c.obj
 .debug_line    0x00001ec3      0x200 CMakeFiles/MPU6050_I2C.dir/C_/RaspPico/pico-sdk/src/common/pico_sync/lock_core.c.obj
 .debug_line    0x000020c3     0x1549 CMakeFiles/MPU6050_I2C.dir/C_/RaspPico/pico-sdk/src/common/pico_time/time.c.obj
 .debug_line    0x0000360c      0xa2e CMakeFiles/MPU6050_I2C.dir/C_/RaspPico/pico-sdk/src/rp2_common/hardware_timer/timer.c.obj
 .debug_line    0x0000403a      0x75a CMakeFiles/MPU6050_I2C.dir/C_/RaspPico/pico-sdk/src/common/pico_util/pheap.c.obj
 .debug_line    0x00004794      0xf42 CMakeFiles/MPU6050_I2C.dir/C_/RaspPico/pico-sdk/src/common/pico_sync/mutex.c.obj
 .debug_line    0x000056d6      0x7fa CMakeFiles/MPU6050_I2C.dir/C_/RaspPico/pico-sdk/src/rp2_common/pico_runtime/runtime.c.obj
 .debug_line    0x00005ed0      0x942 CMakeFiles/MPU6050_I2C.dir/C_/RaspPico/pico-sdk/src/rp2_common/hardware_clocks/clocks.c.obj
 .debug_line    0x00006812      0x520 CMakeFiles/MPU6050_I2C.dir/C_/RaspPico/pico-sdk/src/rp2_common/hardware_pll/pll.c.obj
 .debug_line    0x00006d32      0x422 CMakeFiles/MPU6050_I2C.dir/C_/RaspPico/pico-sdk/src/rp2_common/hardware_watchdog/watchdog.c.obj
 .debug_line    0x00007154      0x27e CMakeFiles/MPU6050_I2C.dir/C_/RaspPico/pico-sdk/src/rp2_common/hardware_xosc/xosc.c.obj
 .debug_line    0x000073d2     0x1269 CMakeFiles/MPU6050_I2C.dir/C_/RaspPico/pico-sdk/src/rp2_common/pico_printf/printf.c.obj
 .debug_line    0x0000863b      0x11a CMakeFiles/MPU6050_I2C.dir/C_/RaspPico/pico-sdk/src/rp2_common/pico_bit_ops/bit_ops_aeabi.S.obj
 .debug_line    0x00008755      0x247 CMakeFiles/MPU6050_I2C.dir/C_/RaspPico/pico-sdk/src/rp2_common/pico_bootrom/bootrom.c.obj
 .debug_line    0x0000899c      0x2a9 CMakeFiles/MPU6050_I2C.dir/C_/RaspPico/pico-sdk/src/rp2_common/pico_divider/divider.S.obj
 .debug_line    0x00008c45      0x3fa CMakeFiles/MPU6050_I2C.dir/C_/RaspPico/pico-sdk/src/rp2_common/pico_double/double_aeabi.S.obj
 .debug_line    0x0000903f      0x36a CMakeFiles/MPU6050_I2C.dir/C_/RaspPico/pico-sdk/src/rp2_common/pico_double/double_init_rom.c.obj
 .debug_line    0x000093a9      0x66c CMakeFiles/MPU6050_I2C.dir/C_/RaspPico/pico-sdk/src/rp2_common/pico_double/double_v1_rom_shim.S.obj
 .debug_line    0x00009a15      0x3b2 CMakeFiles/MPU6050_I2C.dir/C_/RaspPico/pico-sdk/src/rp2_common/pico_float/float_aeabi.S.obj
 .debug_line    0x00009dc7      0x36d CMakeFiles/MPU6050_I2C.dir/C_/RaspPico/pico-sdk/src/rp2_common/pico_float/float_init_rom.c.obj
 .debug_line    0x0000a134      0x198 CMakeFiles/MPU6050_I2C.dir/C_/RaspPico/pico-sdk/src/rp2_common/pico_float/float_v1_rom_shim.S.obj
 .debug_line    0x0000a2cc       0x94 CMakeFiles/MPU6050_I2C.dir/C_/RaspPico/pico-sdk/src/rp2_common/pico_mem_ops/mem_ops_aeabi.S.obj
 .debug_line    0x0000a360       0xa8 CMakeFiles/MPU6050_I2C.dir/C_/RaspPico/pico-sdk/src/rp2_common/pico_standard_link/crt0.S.obj
 .debug_line    0x0000a408      0x1a5 CMakeFiles/MPU6050_I2C.dir/C_/RaspPico/pico-sdk/src/rp2_common/pico_standard_link/binary_info.c.obj